Component: ARM Compiler 5.06 update 7 (build 960) Tool: armlink [4d3601]

==============================================================================

Section Cross References

    startup_stm32f103xb.o(STACK) refers (Special) to heapauxi.o(.text) for __use_two_region_memory
    startup_stm32f103xb.o(HEAP) refers (Special) to heapauxi.o(.text) for __use_two_region_memory
    startup_stm32f103xb.o(RESET) refers (Special) to heapauxi.o(.text) for __use_two_region_memory
    startup_stm32f103xb.o(RESET) refers to startup_stm32f103xb.o(STACK) for __initial_sp
    startup_stm32f103xb.o(RESET) refers to startup_stm32f103xb.o(.text) for Reset_Handler
    startup_stm32f103xb.o(RESET) refers to stm32f1xx_it.o(i.NMI_Handler) for NMI_Handler
    startup_stm32f103xb.o(RESET) refers to stm32f1xx_it.o(i.HardFault_Handler) for HardFault_Handler
    startup_stm32f103xb.o(RESET) refers to stm32f1xx_it.o(i.MemManage_Handler) for MemManage_Handler
    startup_stm32f103xb.o(RESET) refers to stm32f1xx_it.o(i.BusFault_Handler) for BusFault_Handler
    startup_stm32f103xb.o(RESET) refers to stm32f1xx_it.o(i.UsageFault_Handler) for UsageFault_Handler
    startup_stm32f103xb.o(RESET) refers to stm32f1xx_it.o(i.SVC_Handler) for SVC_Handler
    startup_stm32f103xb.o(RESET) refers to stm32f1xx_it.o(i.DebugMon_Handler) for DebugMon_Handler
    startup_stm32f103xb.o(RESET) refers to stm32f1xx_it.o(i.PendSV_Handler) for PendSV_Handler
    startup_stm32f103xb.o(RESET) refers to stm32f1xx_it.o(i.SysTick_Handler) for SysTick_Handler
    startup_stm32f103xb.o(RESET) refers to stm32f1xx_it.o(i.USB_LP_CAN1_RX0_IRQHandler) for USB_LP_CAN1_RX0_IRQHandler
    startup_stm32f103xb.o(.text) refers (Special) to heapauxi.o(.text) for __use_two_region_memory
    startup_stm32f103xb.o(.text) refers to system_stm32f1xx.o(i.SystemInit) for SystemInit
    startup_stm32f103xb.o(.text) refers to __main.o(!!!main) for __main
    startup_stm32f103xb.o(.text) refers to startup_stm32f103xb.o(HEAP) for Heap_Mem
    startup_stm32f103xb.o(.text) refers to startup_stm32f103xb.o(STACK) for Stack_Mem
    main.o(i.SystemClock_Config) refers to rt_memclr_w.o(.text) for __aeabi_memclr4
    main.o(i.SystemClock_Config) refers to stm32f1xx_hal_rcc.o(i.HAL_RCC_OscConfig) for HAL_RCC_OscConfig
    main.o(i.SystemClock_Config) refers to stm32f1xx_hal_rcc.o(i.HAL_RCC_ClockConfig) for HAL_RCC_ClockConfig
    main.o(i.SystemClock_Config) refers to stm32f1xx_hal_rcc_ex.o(i.HAL_RCCEx_PeriphCLKConfig) for HAL_RCCEx_PeriphCLKConfig
    main.o(i.main) refers to stm32f1xx_hal.o(i.HAL_Init) for HAL_Init
    main.o(i.main) refers to main.o(i.SystemClock_Config) for SystemClock_Config
    main.o(i.main) refers to gpio.o(i.MX_GPIO_Init) for MX_GPIO_Init
    main.o(i.main) refers to usb_device.o(i.MX_USB_DEVICE_Init) for MX_USB_DEVICE_Init
    main.o(i.main) refers to spi.o(i.MX_SPI1_Init) for MX_SPI1_Init
    gpio.o(i.MX_GPIO_Init) refers to stm32f1xx_hal_gpio.o(i.HAL_GPIO_WritePin) for HAL_GPIO_WritePin
    gpio.o(i.MX_GPIO_Init) refers to stm32f1xx_hal_gpio.o(i.HAL_GPIO_Init) for HAL_GPIO_Init
    spi.o(i.HAL_SPI_MspDeInit) refers to stm32f1xx_hal_gpio.o(i.HAL_GPIO_DeInit) for HAL_GPIO_DeInit
    spi.o(i.HAL_SPI_MspInit) refers to stm32f1xx_hal_gpio.o(i.HAL_GPIO_Init) for HAL_GPIO_Init
    spi.o(i.MX_SPI1_Init) refers to stm32f1xx_hal_spi.o(i.HAL_SPI_Init) for HAL_SPI_Init
    spi.o(i.MX_SPI1_Init) refers to main.o(i.Error_Handler) for Error_Handler
    spi.o(i.MX_SPI1_Init) refers to spi.o(.bss) for .bss
    stm32f1xx_it.o(i.SysTick_Handler) refers to stm32f1xx_hal.o(i.HAL_IncTick) for HAL_IncTick
    stm32f1xx_it.o(i.USB_LP_CAN1_RX0_IRQHandler) refers to stm32f1xx_hal_pcd.o(i.HAL_PCD_IRQHandler) for HAL_PCD_IRQHandler
    stm32f1xx_it.o(i.USB_LP_CAN1_RX0_IRQHandler) refers to usbd_conf.o(.bss) for hpcd_USB_FS
    sddriver.o(i.MSD0_GetCardInfo) refers to sddriver.o(i.SD_sendcmd) for SD_sendcmd
    sddriver.o(i.MSD0_GetCardInfo) refers to sddriver.o(i.SD_ReceiveData) for SD_ReceiveData
    sddriver.o(i.SD_CS) refers to stm32f1xx_hal_gpio.o(i.HAL_GPIO_WritePin) for HAL_GPIO_WritePin
    sddriver.o(i.SD_GETCID) refers to sddriver.o(i.SD_sendcmd) for SD_sendcmd
    sddriver.o(i.SD_GETCID) refers to sddriver.o(i.SD_ReceiveData) for SD_ReceiveData
    sddriver.o(i.SD_GETCID) refers to sddriver.o(i.SD_CS) for SD_CS
    sddriver.o(i.SD_GETCSD) refers to sddriver.o(i.SD_sendcmd) for SD_sendcmd
    sddriver.o(i.SD_GETCSD) refers to sddriver.o(i.SD_ReceiveData) for SD_ReceiveData
    sddriver.o(i.SD_GETCSD) refers to sddriver.o(i.SD_CS) for SD_CS
    sddriver.o(i.SD_GetSectorCount) refers to sddriver.o(i.SD_GETCSD) for SD_GETCSD
    sddriver.o(i.SD_ReadDisk) refers to sddriver.o(i.SD_sendcmd) for SD_sendcmd
    sddriver.o(i.SD_ReadDisk) refers to sddriver.o(i.SD_ReceiveData) for SD_ReceiveData
    sddriver.o(i.SD_ReadDisk) refers to sddriver.o(i.SD_CS) for SD_CS
    sddriver.o(i.SD_ReadDisk) refers to sddriver.o(.data) for .data
[...]
    .text                                    0x0800030a   Section        0  exit.o(.text)
    .text                                    0x0800031c   Section        8  libspace.o(.text)
    .text                                    0x08000324   Section        0  sys_exit.o(.text)
    .text                                    0x08000330   Section        2  use_no_semi.o(.text)
    .text                                    0x08000332   Section        0  indicate_semi.o(.text)
    i.BusFault_Handler                       0x08000332   Section        0  stm32f1xx_it.o(i.BusFault_Handler)
    i.DebugMon_Handler                       0x08000334   Section        0  stm32f1xx_it.o(i.DebugMon_Handler)
    i.Error_Handler                          0x08000336   Section        0  main.o(i.Error_Handler)
    i.HAL_Delay                              0x0800033c   Section        0  stm32f1xx_hal.o(i.HAL_Delay)
    i.HAL_GPIO_Init                          0x08000360   Section        0  stm32f1xx_hal_gpio.o(i.HAL_GPIO_Init)
    i.HAL_GPIO_WritePin                      0x08000540   Section        0  stm32f1xx_hal_gpio.o(i.HAL_GPIO_WritePin)
    i.HAL_GetTick                            0x0800054c   Section        0  stm32f1xx_hal.o(i.HAL_GetTick)
    i.HAL_IncTick                            0x08000558   Section        0  stm32f1xx_hal.o(i.HAL_IncTick)
    i.HAL_Init                               0x08000568   Section        0  stm32f1xx_hal.o(i.HAL_Init)
    i.HAL_InitTick                           0x0800058c   Section        0  stm32f1xx_hal.o(i.HAL_InitTick)
    i.HAL_MspInit                            0x080005cc   Section        0  stm32f1xx_hal_msp.o(i.HAL_MspInit)
    i.HAL_NVIC_EnableIRQ                     0x08000608   Section        0  stm32f1xx_hal_cortex.o(i.HAL_NVIC_EnableIRQ)
    i.HAL_NVIC_SetPriority                   0x08000624   Section        0  stm32f1xx_hal_cortex.o(i.HAL_NVIC_SetPriority)
    i.HAL_NVIC_SetPriorityGrouping           0x08000664   Section        0  stm32f1xx_hal_cortex.o(i.HAL_NVIC_SetPriorityGrouping)
    i.HAL_PCDEx_PMAConfig                    0x08000688   Section        0  stm32f1xx_hal_pcd_ex.o(i.HAL_PCDEx_PMAConfig)
    i.HAL_PCDEx_SetConnectionState           0x080006c4   Section        0  usbd_conf.o(i.HAL_PCDEx_SetConnectionState)
    i.HAL_PCD_DataInStageCallback            0x080006c6   Section        0  usbd_conf.o(i.HAL_PCD_DataInStageCallback)
    i.HAL_PCD_DataOutStageCallback           0x080006d8   Section        0  usbd_conf.o(i.HAL_PCD_DataOutStageCallback)
    i.HAL_PCD_EP_Close                       0x080006ec   Section        0  stm32f1xx_hal_pcd.o(i.HAL_PCD_EP_Close)
    i.HAL_PCD_EP_ClrStall                    0x08000738   Section        0  stm32f1xx_hal_pcd.o(i.HAL_PCD_EP_ClrStall)
    i.HAL_PCD_EP_DB_Receive                  0x08000794   Section        0  stm32f1xx_hal_pcd.o(i.HAL_PCD_EP_DB_Receive)
    HAL_PCD_EP_DB_Receive                    0x08000795   Thumb Code   230  stm32f1xx_hal_pcd.o(i.HAL_PCD_EP_DB_Receive)
    i.HAL_PCD_EP_DB_Transmit                 0x0800087a   Section        0  stm32f1xx_hal_pcd.o(i.HAL_PCD_EP_DB_Transmit)
    HAL_PCD_EP_DB_Transmit                   0x0800087b   Thumb Code   816  stm32f1xx_hal_pcd.o(i.HAL_PCD_EP_DB_Transmit)
    i.HAL_PCD_EP_Flush                       0x08000baa   Section        0  stm32f1xx_hal_pcd.o(i.HAL_PCD_EP_Flush)
    i.HAL_PCD_EP_GetRxCount                  0x08000bde   Section        0  stm32f1xx_hal_pcd.o(i.HAL_PCD_EP_GetRxCount)
    i.HAL_PCD_EP_Open                        0x08000bf0   Section        0  stm32f1xx_hal_pcd.o(i.HAL_PCD_EP_Open)
    i.HAL_PCD_EP_Receive                     0x08000c50   Section        0  stm32f1xx_hal_pcd.o(i.HAL_PCD_EP_Receive)
    i.HAL_PCD_EP_SetStall                    0x08000c82   Section        0  stm32f1xx_hal_pcd.o(i.HAL_PCD_EP_SetStall)
    i.HAL_PCD_EP_Transmit                    0x08000cf4   Section        0  stm32f1xx_hal_pcd.o(i.HAL_PCD_EP_Transmit)
    i.HAL_PCD_IRQHandler                     0x08000d28   Section        0  stm32f1xx_hal_pcd.o(i.HAL_PCD_IRQHandler)
    i.HAL_PCD_Init                           0x08000e7c   Section        0  stm32f1xx_hal_pcd.o(i.HAL_PCD_Init)
    i.HAL_PCD_MspInit                        0x08000f58   Section        0  usbd_conf.o(i.HAL_PCD_MspInit)
    i.HAL_PCD_ResetCallback                  0x08000f94   Section        0  usbd_conf.o(i.HAL_PCD_ResetCallback)
    i.HAL_PCD_ResumeCallback                 0x08000fba   Section        0  usbd_conf.o(i.HAL_PCD_ResumeCallback)
    i.HAL_PCD_SOFCallback                    0x08000fc2   Section        0  usbd_conf.o(i.HAL_PCD_SOFCallback)
    i.HAL_PCD_SetAddress                     0x08000fca   Section        0  stm32f1xx_hal_pcd.o(i.HAL_PCD_SetAddress)
    i.HAL_PCD_SetupStageCallback             0x08000ff2   Section        0  usbd_conf.o(i.HAL_PCD_SetupStageCallback)
    i.HAL_PCD_Start                          0x08001000   Section        0  stm32f1xx_hal_pcd.o(i.HAL_PCD_Start)
    i.HAL_PCD_SuspendCallback                0x08001034   Section        0  usbd_conf.o(i.HAL_PCD_SuspendCallback)
    i.HAL_RCCEx_PeriphCLKConfig              0x08001058   Section        0  stm32f1xx_hal_rcc_ex.o(i.HAL_RCCEx_PeriphCLKConfig)
    i.HAL_RCC_ClockConfig                    0x08001144   Section        0  stm32f1xx_hal_rcc.o(i.HAL_RCC_ClockConfig)
    i.HAL_RCC_GetSysClockFreq                0x08001270   Section        0  stm32f1xx_hal_rcc.o(i.HAL_RCC_GetSysClockFreq)
    i.HAL_RCC_OscConfig                      0x080012dc   Section        0  stm32f1xx_hal_rcc.o(i.HAL_RCC_OscConfig)
    i.HAL_SPI_Init                           0x080015fc   Section        0  stm32f1xx_hal_spi.o(i.HAL_SPI_Init)
    i.HAL_SPI_MspInit                        0x080016b0   Section        0  spi.o(i.HAL_SPI_MspInit)
    i.HAL_SPI_TransmitReceive                0x08001720   Section        0  stm32f1xx_hal_spi.o(i.HAL_SPI_TransmitReceive)
    i.HAL_SYSTICK_Config                     0x08001902   Section        0  stm32f1xx_hal_cortex.o(i.HAL_SYSTICK_Config)
    i.HardFault_Handler                      0x0800192a   Section        0  stm32f1xx_it.o(i.HardFault_Handler)
    i.IntToUnicode                           0x0800192c   Section        0  usbd_desc.o(i.IntToUnicode)
    IntToUnicode                             0x0800192d   Thumb Code    56  usbd_desc.o(i.IntToUnicode)
    i.MSC_BOT_Abort                          0x08001964   Section        0  usbd_msc_bot.o(i.MSC_BOT_Abort)
    MSC_BOT_Abort                            0x08001965   Thumb Code    66  usbd_msc_bot.o(i.MSC_BOT_Abort)
    i.MSC_BOT_CBW_Decode                     0x080019a8   Section        0  usbd_msc_bot.o(i.MSC_BOT_CBW_Decode)
    MSC_BOT_CBW_Decode                       0x080019a9   Thumb Code   200  usbd_msc_bot.o(i.MSC_BOT_CBW_Decode)
    i.MSC_BOT_CplClrFeature                  0x08001a74   Section        0  usbd_msc_bot.o(i.MSC_BOT_CplClrFeature)
    i.MSC_BOT_DataIn                         0x08001a9e   Section        0  usbd_msc_bot.o(i.MSC_BOT_DataIn)
    i.MSC_BOT_DataOut                        0x08001ad8   Section        0  usbd_msc_bot.o(i.MSC_BOT_DataOut)
    i.MSC_BOT_DeInit                         0x08001b12   Section        0  usbd_msc_bot.o(i.MSC_BOT_DeInit)
    i.MSC_BOT_Init                           0x08001b1c   Section        0  usbd_msc_bot.o(i.MSC_BOT_Init)
    i.MSC_BOT_Reset                          0x08001b5e   Section        0  usbd_msc_bot.o(i.MSC_BOT_Reset)
    i.MSC_BOT_SendCSW                        0x08001b74   Section        0  usbd_msc_bot.o(i.MSC_BOT_SendCSW)
    i.MX_GPIO_Init                           0x08001bb0   Section        0  gpio.o(i.MX_GPIO_Init)
    i.MX_SPI1_Init                           0x08001c20   Section        0  spi.o(i.MX_SPI1_Init)
    i.MX_USB_DEVICE_Init                     0x08001c68   Section        0  usb_device.o(i.MX_USB_DEVICE_Init)
    i.MemManage_Handler                      0x08001cbc   Section        0  stm32f1xx_it.o(i.MemManage_Handler)
    i.NMI_Handler                            0x08001cbe   Section        0  stm32f1xx_it.o(i.NMI_Handler)
    i.PCD_EP_ISR_Handler                     0x08001cc0   Section        0  stm32f1xx_hal_pcd.o(i.PCD_EP_ISR_Handler)
    PCD_EP_ISR_Handler                       0x08001cc1   Thumb Code   788  stm32f1xx_hal_pcd.o(i.PCD_EP_ISR_Handler)
    i.PendSV_Handler                         0x08001fd4   Section        0  stm32f1xx_it.o(i.PendSV_Handler)
    i.SCSI_CheckAddressRange                 0x08001fd6   Section        0  usbd_msc_scsi.o(i.SCSI_CheckAddressRange)
    SCSI_CheckAddressRange                   0x08001fd7   Thumb Code    34  usbd_msc_scsi.o(i.SCSI_CheckAddressRange)
    i.SCSI_ProcessCmd                        0x08001ff8   Section        0  usbd_msc_scsi.o(i.SCSI_ProcessCmd)
    i.SCSI_ProcessRead                       0x080021c8   Section        0  usbd_msc_scsi.o(i.SCSI_ProcessRead)
    SCSI_ProcessRead                         0x080021c9   Thumb Code   150  usbd_msc_scsi.o(i.SCSI_ProcessRead)
    i.SCSI_ProcessWrite                      0x0800225e   Section        0  usbd_msc_scsi.o(i.SCSI_ProcessWrite)
    SCSI_ProcessWrite                        0x0800225f   Thumb Code   164  usbd_msc_scsi.o(i.SCSI_ProcessWrite)
    i.SCSI_Read10                            0x08002302   Section        0  usbd_msc_scsi.o(i.SCSI_Read10)
    SCSI_Read10                              0x08002303   Thumb Code   156  usbd_msc_scsi.o(i.SCSI_Read10)
    i.SCSI_ReadCapacity10                    0x0800239e   Section        0  usbd_msc_scsi.o(i.SCSI_ReadCapacity10)
    SCSI_ReadCapacity10                      0x0800239f   Thumb Code    86  usbd_msc_scsi.o(i.SCSI_ReadCapacity10)
    i.SCSI_ReadFormatCapacity                0x080023f4   Section        0  usbd_msc_scsi.o(i.SCSI_ReadFormatCapacity)
    SCSI_ReadFormatCapacity                  0x080023f5   Thumb Code   110  usbd_msc_scsi.o(i.SCSI_ReadFormatCapacity)
    i.SCSI_SenseCode                         0x08002462   Section        0  usbd_msc_scsi.o(i.SCSI_SenseCode)
    i.SCSI_Write10                           0x08002496   Section        0  usbd_msc_scsi.o(i.SCSI_Write10)
    SCSI_Write10                             0x08002497   Thumb Code   190  usbd_msc_scsi.o(i.SCSI_Write10)
    i.SD_CS                                  0x08002554   Section        0  sddriver.o(i.SD_CS)
    i.SD_init                                0x0800256c   Section        0  sddriver.o(i.SD_init)
    i.SD_sendcmd                             0x080026c8   Section        0  sddriver.o(i.SD_sendcmd)
    i.SPI_EndRxTxTransaction                 0x08002738   Section        0  stm32f1xx_hal_spi.o(i.SPI_EndRxTxTransaction)
    SPI_EndRxTxTransaction                   0x08002739   Thumb Code    32  stm32f1xx_hal_spi.o(i.SPI_EndRxTxTransaction)
    i.SPI_WaitFlagStateUntilTimeout          0x08002758   Section        0  stm32f1xx_hal_spi.o(i.SPI_WaitFlagStateUntilTimeout)
    SPI_WaitFlagStateUntilTimeout            0x08002759   Thumb Code   180  stm32f1xx_hal_spi.o(i.SPI_WaitFlagStateUntilTimeout)
    i.STORAGE_GetCapacity_FS                 0x08002810   Section        0  usbd_storage_if.o(i.STORAGE_GetCapacity_FS)
    STORAGE_GetCapacity_FS                   0x08002811   Thumb Code    14  usbd_storage_if.o(i.STORAGE_GetCapacity_FS)
    i.STORAGE_GetMaxLun_FS                   0x0800281e   Section        0  usbd_storage_if.o(i.STORAGE_GetMaxLun_FS)
    STORAGE_GetMaxLun_FS                     0x0800281f   Thumb Code     4  usbd_storage_if.o(i.STORAGE_GetMaxLun_FS)
    i.STORAGE_Init_FS                        0x08002822   Section        0  usbd_storage_if.o(i.STORAGE_Init_FS)
    STORAGE_Init_FS                          0x08002823   Thumb Code    10  usbd_storage_if.o(i.STORAGE_Init_FS)
    i.STORAGE_IsReady_FS                     0x0800282c   Section        0  usbd_storage_if.o(i.STORAGE_IsReady_FS)
    STORAGE_IsReady_FS                       0x0800282d   Thumb Code     4  usbd_storage_if.o(i.STORAGE_IsReady_FS)
    i.STORAGE_IsWriteProtected_FS            0x08002830   Section        0  usbd_storage_if.o(i.STORAGE_IsWriteProtected_FS)
    STORAGE_IsWriteProtected_FS              0x08002831   Thumb Code     4  usbd_storage_if.o(i.STORAGE_IsWriteProtected_FS)
    i.STORAGE_Read_FS                        0x08002834   Section        0  usbd_storage_if.o(i.STORAGE_Read_FS)
    STORAGE_Read_FS                          0x08002835   Thumb Code     4  usbd_storage_if.o(i.STORAGE_Read_FS)
    i.STORAGE_Write_FS                       0x08002838   Section        0  usbd_storage_if.o(i.STORAGE_Write_FS)
    STORAGE_Write_FS                         0x08002839   Thumb Code     4  usbd_storage_if.o(i.STORAGE_Write_FS)
    i.SVC_Handler                            0x0800283c   Section        0  stm32f1xx_it.o(i.SVC_Handler)
    i.SysTick_Handler                        0x0800283e   Section        0  stm32f1xx_it.o(i.SysTick_Handler)
    i.SystemClock_Config                     0x08002842   Section        0  main.o(i.SystemClock_Config)
    i.SystemInit                             0x080028b8   Section        0  system_stm32f1xx.o(i.SystemInit)
    i.USBD_ClrClassConfig                    0x080028ba   Section        0  usbd_core.o(i.USBD_ClrClassConfig)
    i.USBD_CtlContinueRx                     0x080028c8   Section        0  usbd_ioreq.o(i.USBD_CtlContinueRx)
    i.USBD_CtlContinueSendData               0x080028d8   Section        0  usbd_ioreq.o(i.USBD_CtlContinueSendData)
    i.USBD_CtlError                          0x080028e8   Section        0  usbd_ctlreq.o(i.USBD_CtlError)
    i.USBD_CtlReceiveStatus                  0x080028fe   Section        0  usbd_ioreq.o(i.USBD_CtlReceiveStatus)
    i.USBD_CtlSendData                       0x08002914   Section        0  usbd_ioreq.o(i.USBD_CtlSendData)
    i.USBD_CtlSendStatus                     0x0800292e   Section        0  usbd_ioreq.o(i.USBD_CtlSendStatus)
    i.USBD_FS_ConfigStrDescriptor            0x08002944   Section        0  usbd_desc.o(i.USBD_FS_ConfigStrDescriptor)
    i.USBD_FS_DeviceDescriptor               0x08002964   Section        0  usbd_desc.o(i.USBD_FS_DeviceDescriptor)
    i.USBD_FS_InterfaceStrDescriptor         0x08002970   Section        0  usbd_desc.o(i.USBD_FS_InterfaceStrDescriptor)
    i.USBD_FS_LangIDStrDescriptor            0x08002994   Section        0  usbd_desc.o(i.USBD_FS_LangIDStrDescriptor)
    i.USBD_FS_ManufacturerStrDescriptor      0x080029a0   Section        0  usbd_desc.o(i.USBD_FS_ManufacturerStrDescriptor)
    i.USBD_FS_ProductStrDescriptor           0x080029c8   Section        0  usbd_desc.o(i.USBD_FS_ProductStrDescriptor)
    i.USBD_FS_SerialStrDescriptor            0x080029f0   Section        0  usbd_desc.o(i.USBD_FS_SerialStrDescriptor)
    i.USBD_GetDescriptor                     0x08002a28   Section        0  usbd_ctlreq.o(i.USBD_GetDescriptor)
    USBD_GetDescriptor                       0x08002a29   Thumb Code   232  usbd_ctlreq.o(i.USBD_GetDescriptor)
    i.USBD_GetString                         0x08002b10   Section        0  usbd_ctlreq.o(i.USBD_GetString)
    i.USBD_Get_USB_Status                    0x08002b58   Section        0  usbd_conf.o(i.USBD_Get_USB_Status)
    USBD_Get_USB_Status                      0x08002b59   Thumb Code    24  usbd_conf.o(i.USBD_Get_USB_Status)
    i.USBD_Init                              0x08002b70   Section        0  usbd_core.o(i.USBD_Init)
    i.USBD_LL_ClearStallEP                   0x08002b9a   Section        0  usbd_conf.o(i.USBD_LL_ClearStallEP)
    i.USBD_LL_CloseEP                        0x08002bac   Section        0  usbd_conf.o(i.USBD_LL_CloseEP)
    i.USBD_LL_DataInStage                    0x08002bbe   Section        0  usbd_core.o(i.USBD_LL_DataInStage)
    i.USBD_LL_DataOutStage                   0x08002c84   Section        0  usbd_core.o(i.USBD_LL_DataOutStage)
    i.USBD_LL_FlushEP                        0x08002d06   Section        0  usbd_conf.o(i.USBD_LL_FlushEP)
    i.USBD_LL_GetRxDataSize                  0x08002d18   Section        0  usbd_conf.o(i.USBD_LL_GetRxDataSize)
    i.USBD_LL_Init                           0x08002d20   Section        0  usbd_conf.o(i.USBD_LL_Init)
    i.USBD_LL_IsStallEP                      0x08002d90   Section        0  usbd_conf.o(i.USBD_LL_IsStallEP)
    i.USBD_LL_OpenEP                         0x08002db0   Section        0  usbd_conf.o(i.USBD_LL_OpenEP)
    i.USBD_LL_PrepareReceive                 0x08002dc8   Section        0  usbd_conf.o(i.USBD_LL_PrepareReceive)
    i.USBD_LL_Reset                          0x08002dda   Section        0  usbd_core.o(i.USBD_LL_Reset)
    i.USBD_LL_Resume                         0x08002e2a   Section        0  usbd_core.o(i.USBD_LL_Resume)
    i.USBD_LL_SOF                            0x08002e3e   Section        0  usbd_core.o(i.USBD_LL_SOF)
    i.USBD_LL_SetSpeed                       0x08002e56   Section        0  usbd_core.o(i.USBD_LL_SetSpeed)
    i.USBD_LL_SetUSBAddress                  0x08002e5c   Section        0  usbd_conf.o(i.USBD_LL_SetUSBAddress)
    i.USBD_LL_SetupStage                     0x08002e6e   Section        0  usbd_core.o(i.USBD_LL_SetupStage)
    i.USBD_LL_StallEP                        0x08002ec8   Section        0  usbd_conf.o(i.USBD_LL_StallEP)
    i.USBD_LL_Start                          0x08002eda   Section        0  usbd_conf.o(i.USBD_LL_Start)
    i.USBD_LL_Suspend                        0x08002eec   Section        0  usbd_core.o(i.USBD_LL_Suspend)
    i.USBD_LL_Transmit                       0x08002efe   Section        0  usbd_conf.o(i.USBD_LL_Transmit)
    i.USBD_MSC_DataIn                        0x08002f10   Section        0  usbd_msc.o(i.USBD_MSC_DataIn)
    i.USBD_MSC_DataOut                       0x08002f1a   Section        0  usbd_msc.o(i.USBD_MSC_DataOut)
    i.USBD_MSC_DeInit                        0x08002f24   Section        0  usbd_msc.o(i.USBD_MSC_DeInit)
    i.USBD_MSC_GetDeviceQualifierDescriptor  0x08002f58   Section        0  usbd_msc.o(i.USBD_MSC_GetDeviceQualifierDescriptor)
    i.USBD_MSC_GetFSCfgDesc                  0x08002f64   Section        0  usbd_msc.o(i.USBD_MSC_GetFSCfgDesc)
    i.USBD_MSC_GetHSCfgDesc                  0x08002f70   Section        0  usbd_msc.o(i.USBD_MSC_GetHSCfgDesc)
    i.USBD_MSC_GetOtherSpeedCfgDesc          0x08002f7c   Section        0  usbd_msc.o(i.USBD_MSC_GetOtherSpeedCfgDesc)
    i.USBD_MSC_Init                          0x08002f88   Section        0  usbd_msc.o(i.USBD_MSC_Init)
    i.USBD_MSC_RegisterStorage               0x08002fe4   Section        0  usbd_msc.o(i.USBD_MSC_RegisterStorage)
    i.USBD_MSC_Setup                         0x08002fee   Section        0  usbd_msc.o(i.USBD_MSC_Setup)
    i.USBD_ParseSetupRequest                 0x08003104   Section        0  usbd_ctlreq.o(i.USBD_ParseSetupRequest)
    i.USBD_RegisterClass                     0x0800312c   Section        0  usbd_core.o(i.USBD_RegisterClass)
    i.USBD_SetClassConfig                    0x0800313c   Section        0  usbd_core.o(i.USBD_SetClassConfig)
    i.USBD_SetConfig                         0x08003154   Section        0  usbd_ctlreq.o(i.USBD_SetConfig)
    USBD_SetConfig                           0x08003155   Thumb Code   128  usbd_ctlreq.o(i.USBD_SetConfig)
    i.USBD_Start                             0x080031d8   Section        0  usbd_core.o(i.USBD_Start)
    i.USBD_StdDevReq                         0x080031e2   Section        0  usbd_ctlreq.o(i.USBD_StdDevReq)
    i.USBD_StdEPReq                          0x080032f4   Section        0  usbd_ctlreq.o(i.USBD_StdEPReq)
    i.USBD_StdItfReq                         0x08003444   Section        0  usbd_ctlreq.o(i.USBD_StdItfReq)
    i.USBD_static_free                       0x08003492   Section        0  usbd_conf.o(i.USBD_static_free)
    i.USBD_static_malloc                     0x08003494   Section        0  usbd_conf.o(i.USBD_static_malloc)
    i.USB_ActivateEndpoint                   0x0800349c   Section        0  stm32f1xx_ll_usb.o(i.USB_ActivateEndpoint)
    i.USB_CoreInit                           0x080036f4   Section        0  stm32f1xx_ll_usb.o(i.USB_CoreInit)
    i.USB_DeactivateEndpoint                 0x080036f8   Section        0  stm32f1xx_ll_usb.o(i.USB_DeactivateEndpoint)
    i.USB_DevConnect                         0x08003806   Section        0  stm32f1xx_ll_usb.o(i.USB_DevConnect)
    i.USB_DevDisconnect                      0x0800380a   Section        0  stm32f1xx_ll_usb.o(i.USB_DevDisconnect)
    i.USB_DevInit                            0x0800380e   Section        0  stm32f1xx_ll_usb.o(i.USB_DevInit)
    i.USB_DisableGlobalInt                   0x08003820   Section        0  stm32f1xx_ll_usb.o(i.USB_DisableGlobalInt)
    i.USB_EP0_OutStart                       0x0800382e   Section        0  stm32f1xx_ll_usb.o(i.USB_EP0_OutStart)
    i.USB_EPClearStall                       0x08003832   Section        0  stm32f1xx_ll_usb.o(i.USB_EPClearStall)
    i.USB_EPSetStall                         0x080038aa   Section        0  stm32f1xx_ll_usb.o(i.USB_EPSetStall)
    i.USB_EPStartXfer                        0x080038dc   Section        0  stm32f1xx_ll_usb.o(i.USB_EPStartXfer)
    i.USB_EnableGlobalInt                    0x08003ee8   Section        0  stm32f1xx_ll_usb.o(i.USB_EnableGlobalInt)
    i.USB_FlushRxFifo                        0x08003efa   Section        0  stm32f1xx_ll_usb.o(i.USB_FlushRxFifo)
    i.USB_FlushTxFifo                        0x08003efe   Section        0  stm32f1xx_ll_usb.o(i.USB_FlushTxFifo)
    i.USB_LP_CAN1_RX0_IRQHandler             0x08003f04   Section        0  stm32f1xx_it.o(i.USB_LP_CAN1_RX0_IRQHandler)
    i.USB_ReadInterrupts                     0x08003f10   Section        0  stm32f1xx_ll_usb.o(i.USB_ReadInterrupts)
    i.USB_ReadPMA                            0x08003f18   Section        0  stm32f1xx_ll_usb.o(i.USB_ReadPMA)
    i.USB_SetCurrentMode                     0x08003f44   Section        0  stm32f1xx_ll_usb.o(i.USB_SetCurrentMode)
    i.USB_SetDevAddress                      0x08003f48   Section        0  stm32f1xx_ll_usb.o(i.USB_SetDevAddress)
    i.USB_WritePMA                           0x08003f54   Section        0  stm32f1xx_ll_usb.o(i.USB_WritePMA)
    i.UsageFault_Handler                     0x08003f7a   Section        0  stm32f1xx_it.o(i.UsageFault_Handler)
    i.__NVIC_SetPriority                     0x08003f7c   Section        0  stm32f1xx_hal_cortex.o(i.__NVIC_SetPriority)
    __NVIC_SetPriority                       0x08003f7d   Thumb Code    32  stm32f1xx_hal_cortex.o(i.__NVIC_SetPriority)
    i.main                                   0x08003f9c   Section        0  main.o(i.main)
    i.spi_readwrite                          0x08003fb4   Section        0  sddriver.o(i.spi_readwrite)
    .constdata                               0x08003fd4   Section       36  usbd_storage_if.o(.constdata)
    .constdata                               0x08003ff8   Section       16  system_stm32f1xx.o(.constdata)
    .constdata                               0x08004008   Section        7  usbd_msc_data.o(.constdata)
    .constdata                               0x0800400f   Section        8  usbd_msc_data.o(.constdata)
    .constdata                               0x08004017   Section        8  usbd_msc_data.o(.constdata)
    .data                                    0x20000000   Section        2  sddriver.o(.data)
    .data                                    0x20000004   Section       28  usbd_desc.o(.data)
    .data                                    0x20000020   Section       50  usbd_desc.o(.data)
    .data                                    0x20000054   Section       32  usbd_storage_if.o(.data)
    .data                                    0x20000074   Section       12  stm32f1xx_hal.o(.data)
    .data                                    0x20000080   Section        4  system_stm32f1xx.o(.data)
    .data                                    0x20000084   Section        1  usbd_ctlreq.o(.data)
    cfgidx                                   0x20000084   Data           1  usbd_ctlreq.o(.data)
    .data                                    0x20000088   Section       56  usbd_msc.o(.data)
    .data                                    0x200000c0   Section      106  usbd_msc.o(.data)
    .bss                                     0x2000012c   Section       88  spi.o(.bss)
    .bss                                     0x20000184   Section      708  usb_device.o(.bss)
    .bss                                     0x20000448   Section      512  usbd_desc.o(.bss)
    .bss                                     0x20000648   Section     1372  usbd_conf.o(.bss)
    mem                                      0x20000648   Data         624  usbd_conf.o(.bss)
    .bss                                     0x20000ba4   Section       96  libspace.o(.bss)
    HEAP                                     0x20000c08   Section      512  startup_stm32f103xb.o(HEAP)
    Heap_Mem                                 0x20000c08   Data         512  startup_stm32f103xb.o(HEAP)
    STACK                                    0x20000e08   Section     5120  startup_stm32f103xb.o(STACK)
    Stack_Mem                                0x20000e08   Data        5120  startup_stm32f103xb.o(STACK)
    __initial_sp                             0x20002208   Data           0  startup_stm32f103xb.o(STACK)

    Global Symbols

    Symbol Name                              Value     Ov Type        Size  Object(Section)

    BuildAttributes$$THM_ISAv4$P$D$K$B$S$PE$A:L22UL41UL21$X:L11$S22US41US21$IEEE1$IW$USESV6$~STKCKD$USESV7$~SHL$OSPACE$ROPI$EBA8$UX$STANDARDLIB$REQ8$PRES8$EABIv2 0x00000000   Number         0  anon$$obj.o ABSOLUTE
    __ARM_use_no_argv                        0x00000000   Number         0  main.o ABSOLUTE
    __ARM_exceptions_init                     - Undefined Weak Reference
    __alloca_initialize                       - Undefined Weak Reference
    __arm_fini_                               - Undefined Weak Reference
    __arm_preinit_                            - Undefined Weak Reference
    __cpp_initialize__aeabi_                  - Undefined Weak Reference
    __cxa_finalize                            - Undefined Weak Reference
    __rt_locale                               - Undefined Weak Reference
    __sigvec_lookup                           - Undefined Weak Reference
    _atexit_init                              - Undefined Weak Reference
    _call_atexit_fns                          - Undefined Weak Reference
    _clock_init                               - Undefined Weak Reference
    _fp_trap_init                             - Undefined Weak Reference
    _fp_trap_shutdown                         - Undefined Weak Reference
    _get_lc_collate                           - Undefined Weak Reference
    _get_lc_ctype                             - Undefined Weak Reference
    _get_lc_monetary                          - Undefined Weak Reference
    _get_lc_numeric                           - Undefined Weak Reference
    _get_lc_time                              - Undefined Weak Reference
    _getenv_init                              - Undefined Weak Reference
    _handle_redirection                       - Undefined Weak Reference
    _init_alloc                               - Undefined Weak Reference
    _init_user_alloc                          - Undefined Weak Reference
    _initio                                   - Undefined Weak Reference
    _rand_init                                - Undefined Weak Reference
    _signal_finish                            - Undefined Weak Reference
    _signal_init                              - Undefined Weak Reference
    _terminate_alloc                          - Undefined Weak Reference
    _terminate_user_alloc                     - Undefined Weak Reference
    _terminateio                              - Undefined Weak Reference
    __Vectors_Size                           0x000000ec   Number         0  startup_stm32f103xb.o ABSOLUTE
    __Vectors                                0x08000000   Data           4  startup_stm32f103xb.o(RESET)
    __Vectors_End                            0x080000ec   Data           0  startup_stm32f103xb.o(RESET)
    __main                                   0x080000ed   Thumb Code     8  __main.o(!!!main)
    __scatterload                            0x080000f5   Thumb Code     0  __scatter.o(!!!scatter)
    __scatterload_rt2                        0x080000f5   Thumb Code    44  __scatter.o(!!!scatter)
    __scatterload_rt2_thumb_only             0x080000f5   Thumb Code     0  __scatter.o(!!!scatter)
    __scatterload_null                       0x08000103   Thumb Code     0  __scatter.o(!!!scatter)
    __decompress                             0x08000129   Thumb Code    90  __dczerorl2.o(!!dczerorl2)
    __decompress1                            0x08000129   Thumb Code     0  __dczerorl2.o(!!dczerorl2)
    __scatterload_zeroinit                   0x08000185   Thumb Code    28  __scatter_zi.o(!!handler_zi)
    __rt_lib_init                            0x080001a1   Thumb Code     0  libinit.o(.ARM.Collect$$libinit$$00000000)
    __rt_lib_init_alloca_1                   0x080001a3   Thumb Code     0  libinit2.o(.ARM.Collect$$libinit$$0000002E)
    __rt_lib_init_argv_1                     0x080001a3   Thumb Code     0  libinit2.o(.ARM.Collect$$libinit$$0000002C)
    __rt_lib_init_atexit_1                   0x080001a3   Thumb Code     0  libinit2.o(.ARM.Collect$$libinit$$0000001B)
    __rt_lib_init_clock_1                    0x080001a3   Thumb Code     0  libinit2.o(.ARM.Collect$$libinit$$00000021)
    __rt_lib_init_cpp_1                      0x080001a3   Thumb Code     0  libinit2.o(.ARM.Collect$$libinit$$00000032)
    __rt_lib_init_exceptions_1               0x080001a3   Thumb Code     0  libinit2.o(.ARM.Collect$$libinit$$00000030)
    __rt_lib_init_fp_1                       0x080001a3   Thumb Code     0  libinit2.o(.ARM.Collect$$libinit$$00000002)
    __rt_lib_init_fp_trap_1                  0x080001a3   Thumb Code     0  libinit2.o(.ARM.Collect$$libinit$$0000001F)
    __rt_lib_init_getenv_1                   0x080001a3   Thumb Code     0  libinit2.o(.ARM.Collect$$libinit$$00000023)
    __rt_lib_init_heap_1                     0x080001a3   Thumb Code     0  libinit2.o(.ARM.Collect$$libinit$$0000000A)
    __rt_lib_init_lc_collate_1               0x080001a3   Thumb Code     0  libinit2.o(.ARM.Collect$$libinit$$00000011)
    __rt_lib_init_lc_ctype_1                 0x080001a3   Thumb Code     0  libinit2.o(.ARM.Collect$$libinit$$00000013)
    __rt_lib_init_lc_monetary_1              0x080001a3   Thumb Code     0  libinit2.o(.ARM.Collect$$libinit$$00000015)
    __rt_lib_init_lc_numeric_1               0x080001a3   Thumb Code     0  libinit2.o(.ARM.Collect$$libinit$$00000017)
    __rt_lib_init_lc_time_1                  0x080001a3   Thumb Code     0  libinit2.o(.ARM.Collect$$libinit$$00000019)
    __rt_lib_init_preinit_1                  0x080001a3   Thumb Code     0  libinit2.o(.ARM.Collect$$libinit$$00000004)
    __rt_lib_init_rand_1                     0x080001a3   Thumb Code     0  libinit2.o(.ARM.Collect$$libinit$$0000000E)
    __rt_lib_init_return                     0x080001a3   Thumb Code     0  libinit2.o(.ARM.Collect$$libinit$$00000033)
    __rt_lib_init_signal_1                   0x080001a3   Thumb Code     0  libinit2.o(.ARM.Collect$$libinit$$0000001D)
    __rt_lib_init_stdio_1                    0x080001a3   Thumb Code     0  libinit2.o(.ARM.Collect$$libinit$$00000025)
    __rt_lib_init_user_alloc_1               0x080001a3   Thumb Code     0  libinit2.o(.ARM.Collect$$libinit$$0000000C)
    __rt_lib_shutdown                        0x080001a5   Thumb Code     0  libshutdown.o(.ARM.Collect$$libshutdown$$00000000)
    __rt_lib_shutdown_cpp_1                  0x080001a7   Thumb Code     0  libshutdown2.o(.ARM.Collect$$libshutdown$$00000004)
    __rt_lib_shutdown_fini_1                 0x080001a7   Thumb Code     0  libshutdown2.o(.ARM.Collect$$libshutdown$$00000002)
    __rt_lib_shutdown_fp_trap_1              0x080001a7   Thumb Code     0  libshutdown2.o(.ARM.Collect$$libshutdown$$00000009)
    __rt_lib_shutdown_heap_1                 0x080001a7   Thumb Code     0  libshutdown2.o(.ARM.Collect$$libshutdown$$00000011)
    __rt_lib_shutdown_return                 0x080001a7   Thumb Code     0  libshutdown2.o(.ARM.Collect$$libshutdown$$00000012)
    __rt_lib_shutdown_signal_1               0x080001a7   Thumb Code     0  libshutdown2.o(.ARM.Collect$$libshutdown$$0000000C)
    __rt_lib_shutdown_stdio_1                0x080001a7   Thumb Code     0  libshutdown2.o(.ARM.Collect$$libshutdown$$00000006)
    __rt_lib_shutdown_user_alloc_1           0x080001a7   Thumb Code     0  libshutdown2.o(.ARM.Collect$$libshutdown$$0000000E)
    __rt_entry                               0x080001a9   Thumb Code     0  __rtentry.o(.ARM.Collect$$rtentry$$00000000)
    __rt_entry_presh_1                       0x080001a9   Thumb Code     0  __rtentry2.o(.ARM.Collect$$rtentry$$00000002)
    __rt_entry_sh                            0x080001a9   Thumb Code     0  __rtentry4.o(.ARM.Collect$$rtentry$$00000004)
    __rt_entry_li                            0x080001af   Thumb Code     0  __rtentry2.o(.ARM.Collect$$rtentry$$0000000A)
    __rt_entry_postsh_1                      0x080001af   Thumb Code     0  __rtentry2.o(.ARM.Collect$$rtentry$$00000009)
    __rt_entry_main                          0x080001b3   Thumb Code     0  __rtentry2.o(.ARM.Collect$$rtentry$$0000000D)
    __rt_entry_postli_1                      0x080001b3   Thumb Code     0  __rtentry2.o(.ARM.Collect$$rtentry$$0000000C)
    __rt_exit                                0x080001bb   Thumb Code     0  rtexit.o(.ARM.Collect$$rtexit$$00000000)
    __rt_exit_ls                             0x080001bd   Thumb Code     0  rtexit2.o(.ARM.Collect$$rtexit$$00000003)
    __rt_exit_prels_1                        0x080001bd   Thumb Code     0  rtexit2.o(.ARM.Collect$$rtexit$$00000002)
    __rt_exit_exit                           0x080001c1   Thumb Code     0  rtexit2.o(.ARM.Collect$$rtexit$$00000004)
    Reset_Handler                            0x080001c9   Thumb Code     8  startup_stm32f103xb.o(.text)
    ADC1_2_IRQHandler                        0x080001e3   Thumb Code     0  startup_stm32f103xb.o(.text)
    CAN1_RX1_IRQHandler                      0x080001e3   Thumb Code     0  startup_stm32f103xb.o(.text)
    CAN1_SCE_IRQHandler                      0x080001e3   Thumb Code     0  startup_stm32f103xb.o(.text)
    DMA1_Channel1_IRQHandler                 0x080001e3   Thumb Code     0  startup_stm32f103xb.o(.text)
    DMA1_Channel2_IRQHandler                 0x080001e3   Thumb Code     0  startup_stm32f103xb.o(.text)
    DMA1_Channel3_IRQHandler                 0x080001e3   Thumb Code     0  startup_stm32f103xb.o(.text)
    DMA1_Channel4_IRQHandler                 0x080001e3   Thumb Code     0  startup_stm32f103xb.o(.text)
    DMA1_Channel5_IRQHandler                 0x080001e3   Thumb Code     0  startup_stm32f103xb.o(.text)
    DMA1_Channel6_IRQHandler                 0x080001e3   Thumb Code     0  startup_stm32f103xb.o(.text)
    DMA1_Channel7_IRQHandler                 0x080001e3   Thumb Code     0  startup_stm32f103xb.o(.text)
    EXTI0_IRQHandler                         0x080001e3   Thumb Code     0  startup_stm32f103xb.o(.text)
    EXTI15_10_IRQHandler                     0x080001e3   Thumb Code     0  startup_stm32f103xb.o(.text)
    EXTI1_IRQHandler                         0x080001e3   Thumb Code     0  startup_stm32f103xb.o(.text)
    EXTI2_IRQHandler                         0x080001e3   Thumb Code     0  startup_stm32f103xb.o(.text)
    EXTI3_IRQHandler                         0x080001e3   Thumb Code     0  startup_stm32f103xb.o(.text)
    EXTI4_IRQHandler                         0x080001e3   Thumb Code     0  startup_stm32f103xb.o(.text)
    EXTI9_5_IRQHandler                       0x080001e3   Thumb Code     0  startup_stm32f103xb.o(.text)
    FLASH_IRQHandler                         0x080001e3   Thumb Code     0  startup_stm32f103xb.o(.text)
    I2C1_ER_IRQHandler                       0x080001e3   Thumb Code     0  startup_stm32f103xb.o(.text)
    I2C1_EV_IRQHandler                       0x080001e3   Thumb Code     0  startup_stm32f103xb.o(.text)
    I2C2_ER_IRQHandler                       0x080001e3   Thumb Code     0  startup_stm32f103xb.o(.text)
    I2C2_EV_IRQHandler                       0x080001e3   Thumb Code     0  startup_stm32f103xb.o(.text)
    PVD_IRQHandler                           0x080001e3   Thumb Code     0  startup_stm32f103xb.o(.text)
    RCC_IRQHandler                           0x080001e3   Thumb Code     0  startup_stm32f103xb.o(.text)
    RTC_Alarm_IRQHandler                     0x080001e3   Thumb Code     0  startup_stm32f103xb.o(.text)
    RTC_IRQHandler                           0x080001e3   Thumb Code     0  startup_stm32f103xb.o(.text)
    SPI1_IRQHandler                          0x080001e3   Thumb Code     0  startup_stm32f103xb.o(.text)
    SPI2_IRQHandler                          0x080001e3   Thumb Code     0  startup_stm32f103xb.o(.text)
    TAMPER_IRQHandler                        0x080001e3   Thumb Code     0  startup_stm32f103xb.o(.text)
    TIM1_BRK_IRQHandler                      0x080001e3   Thumb Code     0  startup_stm32f103xb.o(.text)
    TIM1_CC_IRQHandler                       0x080001e3   Thumb Code     0  startup_stm32f103xb.o(.text)
    TIM1_TRG_COM_IRQHandler                  0x080001e3   Thumb Code     0  startup_stm32f103xb.o(.text)
    TIM1_UP_IRQHandler                       0x080001e3   Thumb Code     0  startup_stm32f103xb.o(.text)
    TIM2_IRQHandler                          0x080001e3   Thumb Code     0  startup_stm32f103xb.o(.text)
    TIM3_IRQHandler                          0x080001e3   Thumb Code     0  startup_stm32f103xb.o(.text)
    TIM4_IRQHandler                          0x080001e3   Thumb Code     0  startup_stm32f103xb.o(.text)
    USART1_IRQHandler                        0x080001e3   Thumb Code     0  startup_stm32f103xb.o(.text)
    USART2_IRQHandler                        0x080001e3   Thumb Code     0  startup_stm32f103xb.o(.text)
    USART3_IRQHandler                        0x080001e3   Thumb Code     0  startup_stm32f103xb.o(.text)
    USBWakeUp_IRQHandler                     0x080001e3   Thumb Code     0  startup_stm32f103xb.o(.text)
    USB_HP_CAN1_TX_IRQHandler                0x080001e3   Thumb Code     0  startup_stm32f103xb.o(.text)
    WWDG_IRQHandler                          0x080001e3   Thumb Code     0  startup_stm32f103xb.o(.text)
    __user_initial_stackheap                 0x080001e5   Thumb Code     0  startup_stm32f103xb.o(.text)
    __aeabi_memcpy4                          0x08000209   Thumb Code     0  rt_memcpy_w.o(.text)
    __aeabi_memcpy8                          0x08000209   Thumb Code     0  rt_memcpy_w.o(.text)
    __rt_memcpy_w                            0x08000209   Thumb Code   100  rt_memcpy_w.o(.text)
    _memcpy_lastbytes_aligned                0x08000251   Thumb Code     0  rt_memcpy_w.o(.text)
    __aeabi_memclr4                          0x0800026d   Thumb Code     0  rt_memclr_w.o(.text)
    __aeabi_memclr8                          0x0800026d   Thumb Code     0  rt_memclr_w.o(.text)
    __rt_memclr_w                            0x0800026d   Thumb Code    78  rt_memclr_w.o(.text)
    _memset_w                                0x08000271   Thumb Code     0  rt_memclr_w.o(.text)
    __use_two_region_memory                  0x080002bb   Thumb Code     2  heapauxi.o(.text)
    __rt_heap_escrow$2region                 0x080002bd   Thumb Code     2  heapauxi.o(.text)
    __rt_heap_expand$2region                 0x080002bf   Thumb Code     2  heapauxi.o(.text)
    __user_setup_stackheap                   0x080002c1   Thumb Code    74  sys_stackheap_outer.o(.text)
    exit                                     0x0800030b   Thumb Code    18  exit.o(.text)
    __user_libspace                          0x0800031d   Thumb Code     8  libspace.o(.text)
    __user_perproc_libspace                  0x0800031d   Thumb Code     0  libspace.o(.text)
    __user_perthread_libspace                0x0800031d   Thumb Code     0  libspace.o(.text)
    _sys_exit                                0x08000325   Thumb Code     8  sys_exit.o(.text)
    __I$use$semihosting                      0x08000331   Thumb Code     0  use_no_semi.o(.text)
    __use_no_semihosting_swi                 0x08000331   Thumb Code     2  use_no_semi.o(.text)
    BusFault_Handler                         0x08000333   Thumb Code     2  stm32f1xx_it.o(i.BusFault_Handler)
    __semihosting_library_function           0x08000333   Thumb Code     0  indicate_semi.o(.text)
    DebugMon_Handler                         0x08000335   Thumb Code     2  stm32f1xx_it.o(i.DebugMon_Handler)
    Error_Handler                            0x08000337   Thumb Code     4  main.o(i.Error_Handler)
    HAL_Delay                                0x0800033d   Thumb Code    32  stm32f1xx_hal.o(i.HAL_Delay)
    HAL_GPIO_Init                            0x08000361   Thumb Code   446  stm32f1xx_hal_gpio.o(i.HAL_GPIO_Init)
    HAL_GPIO_WritePin                        0x08000541   Thumb Code    10  stm32f1xx_hal_gpio.o(i.HAL_GPIO_WritePin)
    HAL_GetTick                              0x0800054d   Thumb Code     6  stm32f1xx_hal.o(i.HAL_GetTick)
    HAL_IncTick                              0x08000559   Thumb Code    12  stm32f1xx_hal.o(i.HAL_IncTick)
    HAL_Init                                 0x08000569   Thumb Code    32  stm32f1xx_hal.o(i.HAL_Init)
    HAL_InitTick                             0x0800058d   Thumb Code    54  stm32f1xx_hal.o(i.HAL_InitTick)
    HAL_MspInit                              0x080005cd   Thumb Code    52  stm32f1xx_hal_msp.o(i.HAL_MspInit)
    HAL_NVIC_EnableIRQ                       0x08000609   Thumb Code    26  stm32f1xx_hal_cortex.o(i.HAL_NVIC_EnableIRQ)
    HAL_NVIC_SetPriority                     0x08000625   Thumb Code    60  stm32f1xx_hal_cortex.o(i.HAL_NVIC_SetPriority)
    HAL_NVIC_SetPriorityGrouping             0x08000665   Thumb Code    26  stm32f1xx_hal_cortex.o(i.HAL_NVIC_SetPriorityGrouping)
    HAL_PCDEx_PMAConfig                      0x08000689   Thumb Code    60  stm32f1xx_hal_pcd_ex.o(i.HAL_PCDEx_PMAConfig)
    HAL_PCDEx_SetConnectionState             0x080006c5   Thumb Code     2  usbd_conf.o(i.HAL_PCDEx_SetConnectionState)
    HAL_PCD_DataInStageCallback              0x080006c7   Thumb Code    18  usbd_conf.o(i.HAL_PCD_DataInStageCallback)
    HAL_PCD_DataOutStageCallback             0x080006d9   Thumb Code    20  usbd_conf.o(i.HAL_PCD_DataOutStageCallback)
    HAL_PCD_EP_Close                         0x080006ed   Thumb Code    76  stm32f1xx_hal_pcd.o(i.HAL_PCD_EP_Close)
    HAL_PCD_EP_ClrStall                      0x08000739   Thumb Code    92  stm32f1xx_hal_pcd.o(i.HAL_PCD_EP_ClrStall)
    HAL_PCD_EP_Flush                         0x08000bab   Thumb Code    52  stm32f1xx_hal_pcd.o(i.HAL_PCD_EP_Flush)
    HAL_PCD_EP_GetRxCount                    0x08000bdf   Thumb Code    18  stm32f1xx_hal_pcd.o(i.HAL_PCD_EP_GetRxCount)
    HAL_PCD_EP_Open                          0x08000bf1   Thumb Code    96  stm32f1xx_hal_pcd.o(i.HAL_PCD_EP_Open)
    HAL_PCD_EP_Receive                       0x08000c51   Thumb Code    50  stm32f1xx_hal_pcd.o(i.HAL_PCD_EP_Receive)
    HAL_PCD_EP_SetStall                      0x08000c83   Thumb Code   114  stm32f1xx_hal_pcd.o(i.HAL_PCD_EP_SetStall)
    HAL_PCD_EP_Transmit                      0x08000cf5   Thumb Code    52  stm32f1xx_hal_pcd.o(i.HAL_PCD_EP_Transmit)
    HAL_PCD_IRQHandler                       0x08000d29   Thumb Code   340  stm32f1xx_hal_pcd.o(i.HAL_PCD_IRQHandler)
    HAL_PCD_Init                             0x08000e7d   Thumb Code   218  stm32f1xx_hal_pcd.o(i.HAL_PCD_Init)
    HAL_PCD_MspInit                          0x08000f59   Thumb Code    50  usbd_conf.o(i.HAL_PCD_MspInit)
    HAL_PCD_ResetCallback                    0x08000f95   Thumb Code    38  usbd_conf.o(i.HAL_PCD_ResetCallback)
    HAL_PCD_ResumeCallback                   0x08000fbb   Thumb Code     8  usbd_conf.o(i.HAL_PCD_ResumeCallback)
    HAL_PCD_SOFCallback                      0x08000fc3   Thumb Code     8  usbd_conf.o(i.HAL_PCD_SOFCallback)
    HAL_PCD_SetAddress                       0x08000fcb   Thumb Code    40  stm32f1xx_hal_pcd.o(i.HAL_PCD_SetAddress)
    HAL_PCD_SetupStageCallback               0x08000ff3   Thumb Code    14  usbd_conf.o(i.HAL_PCD_SetupStageCallback)
    HAL_PCD_Start                            0x08001001   Thumb Code    50  stm32f1xx_hal_pcd.o(i.HAL_PCD_Start)
    HAL_PCD_SuspendCallback                  0x08001035   Thumb Code    30  usbd_conf.o(i.HAL_PCD_SuspendCallback)
    HAL_RCCEx_PeriphCLKConfig                0x08001059   Thumb Code   224  stm32f1xx_hal_rcc_ex.o(i.HAL_RCCEx_PeriphCLKConfig)
    HAL_RCC_ClockConfig                      0x08001145   Thumb Code   280  stm32f1xx_hal_rcc.o(i.HAL_RCC_ClockConfig)
    HAL_RCC_GetSysClockFreq                  0x08001271   Thumb Code    74  stm32f1xx_hal_rcc.o(i.HAL_RCC_GetSysClockFreq)
    HAL_RCC_OscConfig                        0x080012dd   Thumb Code   778  stm32f1xx_hal_rcc.o(i.HAL_RCC_OscConfig)
    HAL_SPI_Init                             0x080015fd   Thumb Code   178  stm32f1xx_hal_spi.o(i.HAL_SPI_Init)
    HAL_SPI_MspInit                          0x080016b1   Thumb Code    98  spi.o(i.HAL_SPI_MspInit)
    HAL_SPI_TransmitReceive                  0x08001721   Thumb Code   482  stm32f1xx_hal_spi.o(i.HAL_SPI_TransmitReceive)
    HAL_SYSTICK_Config                       0x08001903   Thumb Code    40  stm32f1xx_hal_cortex.o(i.HAL_SYSTICK_Config)
    HardFault_Handler                        0x0800192b   Thumb Code     2  stm32f1xx_it.o(i.HardFault_Handler)
    MSC_BOT_CplClrFeature                    0x08001a75   Thumb Code    42  usbd_msc_bot.o(i.MSC_BOT_CplClrFeature)
    MSC_BOT_DataIn                           0x08001a9f   Thumb Code    58  usbd_msc_bot.o(i.MSC_BOT_DataIn)
    MSC_BOT_DataOut                          0x08001ad9   Thumb Code    58  usbd_msc_bot.o(i.MSC_BOT_DataOut)
    MSC_BOT_DeInit                           0x08001b13   Thumb Code    10  usbd_msc_bot.o(i.MSC_BOT_DeInit)
    MSC_BOT_Init                             0x08001b1d   Thumb Code    66  usbd_msc_bot.o(i.MSC_BOT_Init)
    MSC_BOT_Reset                            0x08001b5f   Thumb Code    22  usbd_msc_bot.o(i.MSC_BOT_Reset)
    MSC_BOT_SendCSW                          0x08001b75   Thumb Code    54  usbd_msc_bot.o(i.MSC_BOT_SendCSW)
    MX_GPIO_Init                             0x08001bb1   Thumb Code   102  gpio.o(i.MX_GPIO_Init)
    MX_SPI1_Init                             0x08001c21   Thumb Code    62  spi.o(i.MX_SPI1_Init)
    MX_USB_DEVICE_Init                       0x08001c69   Thumb Code    66  usb_device.o(i.MX_USB_DEVICE_Init)
    MemManage_Handler                        0x08001cbd   Thumb Code     2  stm32f1xx_it.o(i.MemManage_Handler)
    NMI_Handler                              0x08001cbf   Thumb Code     2  stm32f1xx_it.o(i.NMI_Handler)
    PendSV_Handler                           0x08001fd5   Thumb Code     2  stm32f1xx_it.o(i.PendSV_Handler)
    SCSI_ProcessCmd                          0x08001ff9   Thumb Code   452  usbd_msc_scsi.o(i.SCSI_ProcessCmd)
    SCSI_SenseCode                           0x08002463   Thumb Code    52  usbd_msc_scsi.o(i.SCSI_SenseCode)
    SD_CS                                    0x08002555   Thumb Code    18  sddriver.o(i.SD_CS)
    SD_init                                  0x0800256d   Thumb Code   338  sddriver.o(i.SD_init)
    SD_sendcmd                               0x080026c9   Thumb Code   106  sddriver.o(i.SD_sendcmd)
    SVC_Handler                              0x0800283d   Thumb Code     2  stm32f1xx_it.o(i.SVC_Handler)
    SysTick_Handler                          0x0800283f   Thumb Code     4  stm32f1xx_it.o(i.SysTick_Handler)
    SystemClock_Config                       0x08002843   Thumb Code   118  main.o(i.SystemClock_Config)
    SystemInit                               0x080028b9   Thumb Code     2  system_stm32f1xx.o(i.SystemInit)
    USBD_ClrClassConfig                      0x080028bb   Thumb Code    14  usbd_core.o(i.USBD_ClrClassConfig)
    USBD_CtlContinueRx                       0x080028c9   Thumb Code    16  usbd_ioreq.o(i.USBD_CtlContinueRx)
    USBD_CtlContinueSendData                 0x080028d9   Thumb Code    16  usbd_ioreq.o(i.USBD_CtlContinueSendData)
    USBD_CtlError                            0x080028e9   Thumb Code    22  usbd_ctlreq.o(i.USBD_CtlError)
    USBD_CtlReceiveStatus                    0x080028ff   Thumb Code    22  usbd_ioreq.o(i.USBD_CtlReceiveStatus)
    USBD_CtlSendData                         0x08002915   Thumb Code    26  usbd_ioreq.o(i.USBD_CtlSendData)
    USBD_CtlSendStatus                       0x0800292f   Thumb Code    22  usbd_ioreq.o(i.USBD_CtlSendStatus)
    USBD_FS_ConfigStrDescriptor              0x08002945   Thumb Code    16  usbd_desc.o(i.USBD_FS_ConfigStrDescriptor)
    USBD_FS_DeviceDescriptor                 0x08002965   Thumb Code     8  usbd_desc.o(i.USBD_FS_DeviceDescriptor)
    USBD_FS_InterfaceStrDescriptor           0x08002971   Thumb Code    16  usbd_desc.o(i.USBD_FS_InterfaceStrDescriptor)
    USBD_FS_LangIDStrDescriptor              0x08002995   Thumb Code     8  usbd_desc.o(i.USBD_FS_LangIDStrDescriptor)
    USBD_FS_ManufacturerStrDescriptor        0x080029a1   Thumb Code    16  usbd_desc.o(i.USBD_FS_ManufacturerStrDescriptor)
    USBD_FS_ProductStrDescriptor             0x080029c9   Thumb Code    16  usbd_desc.o(i.USBD_FS_ProductStrDescriptor)
    USBD_FS_SerialStrDescriptor              0x080029f1   Thumb Code    48  usbd_desc.o(i.USBD_FS_SerialStrDescriptor)
    USBD_GetString                           0x08002b11   Thumb Code    72  usbd_ctlreq.o(i.USBD_GetString)
    USBD_Init                                0x08002b71   Thumb Code    42  usbd_core.o(i.USBD_Init)
    USBD_LL_ClearStallEP                     0x08002b9b   Thumb Code    18  usbd_conf.o(i.USBD_LL_ClearStallEP)
    USBD_LL_CloseEP                          0x08002bad   Thumb Code    18  usbd_conf.o(i.USBD_LL_CloseEP)
    USBD_LL_DataInStage                      0x08002bbf   Thumb Code   198  usbd_core.o(i.USBD_LL_DataInStage)
    USBD_LL_DataOutStage                     0x08002c85   Thumb Code   130  usbd_core.o(i.USBD_LL_DataOutStage)
    USBD_LL_FlushEP                          0x08002d07   Thumb Code    18  usbd_conf.o(i.USBD_LL_FlushEP)
    USBD_LL_GetRxDataSize                    0x08002d19   Thumb Code     8  usbd_conf.o(i.USBD_LL_GetRxDataSize)
    USBD_LL_Init                             0x08002d21   Thumb Code   104  usbd_conf.o(i.USBD_LL_Init)
    USBD_LL_IsStallEP                        0x08002d91   Thumb Code    32  usbd_conf.o(i.USBD_LL_IsStallEP)
    USBD_LL_OpenEP                           0x08002db1   Thumb Code    24  usbd_conf.o(i.USBD_LL_OpenEP)
    USBD_LL_PrepareReceive                   0x08002dc9   Thumb Code    18  usbd_conf.o(i.USBD_LL_PrepareReceive)
    USBD_LL_Reset                            0x08002ddb   Thumb Code    80  usbd_core.o(i.USBD_LL_Reset)
    USBD_LL_Resume                           0x08002e2b   Thumb Code    20  usbd_core.o(i.USBD_LL_Resume)
    USBD_LL_SOF                              0x08002e3f   Thumb Code    24  usbd_core.o(i.USBD_LL_SOF)
    USBD_LL_SetSpeed                         0x08002e57   Thumb Code     6  usbd_core.o(i.USBD_LL_SetSpeed)
    USBD_LL_SetUSBAddress                    0x08002e5d   Thumb Code    18  usbd_conf.o(i.USBD_LL_SetUSBAddress)
    USBD_LL_SetupStage                       0x08002e6f   Thumb Code    90  usbd_core.o(i.USBD_LL_SetupStage)
    USBD_LL_StallEP                          0x08002ec9   Thumb Code    18  usbd_conf.o(i.USBD_LL_StallEP)
    USBD_LL_Start                            0x08002edb   Thumb Code    18  usbd_conf.o(i.USBD_LL_Start)
    USBD_LL_Suspend                          0x08002eed   Thumb Code    18  usbd_core.o(i.USBD_LL_Suspend)
    USBD_LL_Transmit                         0x08002eff   Thumb Code    18  usbd_conf.o(i.USBD_LL_Transmit)
    USBD_MSC_DataIn                          0x08002f11   Thumb Code    10  usbd_msc.o(i.USBD_MSC_DataIn)
    USBD_MSC_DataOut                         0x08002f1b   Thumb Code    10  usbd_msc.o(i.USBD_MSC_DataOut)
    USBD_MSC_DeInit                          0x08002f25   Thumb Code    50  usbd_msc.o(i.USBD_MSC_DeInit)
    USBD_MSC_GetDeviceQualifierDescriptor    0x08002f59   Thumb Code     8  usbd_msc.o(i.USBD_MSC_GetDeviceQualifierDescriptor)
    USBD_MSC_GetFSCfgDesc                    0x08002f65   Thumb Code     8  usbd_msc.o(i.USBD_MSC_GetFSCfgDesc)
    USBD_MSC_GetHSCfgDesc                    0x08002f71   Thumb Code     8  usbd_msc.o(i.USBD_MSC_GetHSCfgDesc)
    USBD_MSC_GetOtherSpeedCfgDesc            0x08002f7d   Thumb Code     8  usbd_msc.o(i.USBD_MSC_GetOtherSpeedCfgDesc)
    USBD_MSC_Init                            0x08002f89   Thumb Code    92  usbd_msc.o(i.USBD_MSC_Init)
    USBD_MSC_RegisterStorage                 0x08002fe5   Thumb Code    10  usbd_msc.o(i.USBD_MSC_RegisterStorage)
    USBD_MSC_Setup                           0x08002fef   Thumb Code   278  usbd_msc.o(i.USBD_MSC_Setup)
    USBD_ParseSetupRequest                   0x08003105   Thumb Code    40  usbd_ctlreq.o(i.USBD_ParseSetupRequest)
    USBD_RegisterClass                       0x0800312d   Thumb Code    16  usbd_core.o(i.USBD_RegisterClass)
    USBD_SetClassConfig                      0x0800313d   Thumb Code    22  usbd_core.o(i.USBD_SetClassConfig)
    USBD_Start                               0x080031d9   Thumb Code    10  usbd_core.o(i.USBD_Start)
    USBD_StdDevReq                           0x080031e3   Thumb Code   274  usbd_ctlreq.o(i.USBD_StdDevReq)
    USBD_StdEPReq                            0x080032f5   Thumb Code   336  usbd_ctlreq.o(i.USBD_StdEPReq)
    USBD_StdItfReq                           0x08003445   Thumb Code    78  usbd_ctlreq.o(i.USBD_StdItfReq)
    USBD_static_free                         0x08003493   Thumb Code     2  usbd_conf.o(i.USBD_static_free)
    USBD_static_malloc                       0x08003495   Thumb Code     4  usbd_conf.o(i.USBD_static_malloc)
    USB_ActivateEndpoint                     0x0800349d   Thumb Code   600  stm32f1xx_ll_usb.o(i.USB_ActivateEndpoint)
    USB_CoreInit                             0x080036f5   Thumb Code     4  stm32f1xx_ll_usb.o(i.USB_CoreInit)
    USB_DeactivateEndpoint                   0x080036f9   Thumb Code   270  stm32f1xx_ll_usb.o(i.USB_DeactivateEndpoint)
    USB_DevConnect                           0x08003807   Thumb Code     4  stm32f1xx_ll_usb.o(i.USB_DevConnect)
    USB_DevDisconnect                        0x0800380b   Thumb Code     4  stm32f1xx_ll_usb.o(i.USB_DevDisconnect)
    USB_DevInit                              0x0800380f   Thumb Code    18  stm32f1xx_ll_usb.o(i.USB_DevInit)
    USB_DisableGlobalInt                     0x08003821   Thumb Code    14  stm32f1xx_ll_usb.o(i.USB_DisableGlobalInt)
    USB_EP0_OutStart                         0x0800382f   Thumb Code     4  stm32f1xx_ll_usb.o(i.USB_EP0_OutStart)
    USB_EPClearStall                         0x08003833   Thumb Code   120  stm32f1xx_ll_usb.o(i.USB_EPClearStall)
    USB_EPSetStall                           0x080038ab   Thumb Code    50  stm32f1xx_ll_usb.o(i.USB_EPSetStall)
    USB_EPStartXfer                          0x080038dd   Thumb Code  1548  stm32f1xx_ll_usb.o(i.USB_EPStartXfer)
    USB_EnableGlobalInt                      0x08003ee9   Thumb Code    18  stm32f1xx_ll_usb.o(i.USB_EnableGlobalInt)
    USB_FlushRxFifo                          0x08003efb   Thumb Code     4  stm32f1xx_ll_usb.o(i.USB_FlushRxFifo)
    USB_FlushTxFifo                          0x08003eff   Thumb Code     4  stm32f1xx_ll_usb.o(i.USB_FlushTxFifo)
    USB_LP_CAN1_RX0_IRQHandler               0x08003f05   Thumb Code     6  stm32f1xx_it.o(i.USB_LP_CAN1_RX0_IRQHandler)
    USB_ReadInterrupts                       0x08003f11   Thumb Code     6  stm32f1xx_ll_usb.o(i.USB_ReadInterrupts)
    USB_ReadPMA                              0x08003f19   Thumb Code    44  stm32f1xx_ll_usb.o(i.USB_ReadPMA)
    USB_SetCurrentMode                       0x08003f45   Thumb Code     4  stm32f1xx_ll_usb.o(i.USB_SetCurrentMode)
    USB_SetDevAddress                        0x08003f49   Thumb Code    12  stm32f1xx_ll_usb.o(i.USB_SetDevAddress)
    USB_WritePMA                             0x08003f55   Thumb Code    38  stm32f1xx_ll_usb.o(i.USB_WritePMA)
    UsageFault_Handler                       0x08003f7b   Thumb Code     2  stm32f1xx_it.o(i.UsageFault_Handler)
    main                                     0x08003f9d   Thumb Code    22  main.o(i.main)
    spi_readwrite                            0x08003fb5   Thumb Code    26  sddriver.o(i.spi_readwrite)
    STORAGE_Inquirydata_FS                   0x08003fd4   Data          36  usbd_storage_if.o(.constdata)
    AHBPrescTable                            0x08003ff8   Data          16  system_stm32f1xx.o(.constdata)
    MSC_Page00_Inquiry_Data                  0x08004008   Data           7  usbd_msc_data.o(.constdata)
    MSC_Mode_Sense6_data                     0x0800400f   Data           8  usbd_msc_data.o(.constdata)
    MSC_Mode_Sense10_data                    0x08004017   Data           8  usbd_msc_data.o(.constdata)
    Region$$Table$$Base                      0x08004020   Number         0  anon$$obj.o(Region$$Table)
    Region$$Table$$Limit                     0x08004040   Number         0  anon$$obj.o(Region$$Table)
    DFF                                      0x20000000   Data           1  sddriver.o(.data)
    SD_TYPE                                  0x20000001   Data           1  sddriver.o(.data)
    FS_Desc                                  0x20000004   Data          28  usbd_desc.o(.data)
    USBD_LangIDDesc                          0x20000020   Data           4  usbd_desc.o(.data)
    USBD_FS_DeviceDesc                       0x20000024   Data          18  usbd_desc.o(.data)
    USBD_StringSerial                        0x20000038   Data          26  usbd_desc.o(.data)
    USBD_Storage_Interface_fops_FS           0x20000054   Data          32  usbd_storage_if.o(.data)
    uwTickFreq                               0x20000074   Data           1  stm32f1xx_hal.o(.data)
    uwTickPrio                               0x20000078   Data           4  stm32f1xx_hal.o(.data)
    uwTick                                   0x2000007c   Data           4  stm32f1xx_hal.o(.data)
    SystemCoreClock                          0x20000080   Data           4  system_stm32f1xx.o(.data)
    USBD_MSC                                 0x20000088   Data          56  usbd_msc.o(.data)
    USBD_MSC_CfgHSDesc                       0x200000c0   Data          32  usbd_msc.o(.data)
    USBD_MSC_CfgFSDesc                       0x200000e0   Data          32  usbd_msc.o(.data)
    USBD_MSC_OtherSpeedCfgDesc               0x20000100   Data          32  usbd_msc.o(.data)
    USBD_MSC_DeviceQualifierDesc             0x20000120   Data          10  usbd_msc.o(.data)
    hspi1                                    0x2000012c   Data          88  spi.o(.bss)
    hUsbDeviceFS                             0x20000184   Data         708  usb_device.o(.bss)
    USBD_StrDesc                             0x20000448   Data         512  usbd_desc.o(.bss)
    hpcd_USB_FS                              0x200008b8   Data         748  usbd_conf.o(.bss)
    __libspace_start                         0x20000ba4   Data          96  libspace.o(.bss)
    __temporary_stack_top$libspace           0x20000c04   Data           0  libspace.o(.bss)



==============================================================================

Memory Map of the image

  Image Entry point : 0x080000ed

  Load Region LR_IROM1 (Base: 0x08000000, Size: 0x0000416c, Max: 0x00010000, ABSOLUTE, COMPRESSED[0x000040e4])

    Execution Region ER_IROM1 (Exec base: 0x08000000, Load base: 0x08000000, Size: 0x00004040, Max: 0x00010000, ABSOLUTE)

    Exec Addr    Load Addr    Size         Type   Attr      Idx    E Section Name        Object

    0x08000000   0x08000000   0x000000ec   Data   RO            3    RESET               startup_stm32f103xb.o
    0x080000ec   0x080000ec   0x00000008   Code   RO         3238  * !!!main             c_w.l(__main.o)
    0x080000f4   0x080000f4   0x00000034   Code   RO         3399    !!!scatter          c_w.l(__scatter.o)
    0x08000128   0x08000128   0x0000005a   Code   RO         3397    !!dczerorl2         c_w.l(__dczerorl2.o)
    0x08000182   0x08000182   0x00000002   PAD
    0x08000184   0x08000184   0x0000001c   Code   RO         3401    !!handler_zi        c_w.l(__scatter_zi.o)
    0x080001a0   0x080001a0   0x00000002   Code   RO         3265    .ARM.Collect$$libinit$$00000000  c_w.l(libinit.o)
    0x080001a2   0x080001a2   0x00000000   Code   RO         3272    .ARM.Collect$$libinit$$00000002  c_w.l(libinit2.o)
    0x080001a2   0x080001a2   0x00000000   Code   RO         3274    .ARM.Collect$$libinit$$00000004  c_w.l(libinit2.o)
    0x080001a2   0x080001a2   0x00000000   Code   RO         3277    .ARM.Collect$$libinit$$0000000A  c_w.l(libinit2.o)
    0x080001a2   0x080001a2   0x00000000   Code   RO         3279    .ARM.Collect$$libinit$$0000000C  c_w.l(libinit2.o)
    0x080001a2   0x080001a2   0x00000000   Code   RO         3281    .ARM.Collect$$libinit$$0000000E  c_w.l(libinit2.o)
    0x080001a2   0x080001a2   0x00000000   Code   RO         3284    .ARM.Collect$$libinit$$00000011  c_w.l(libinit2.o)
    0x080001a2   0x080001a2   0x00000000   Code   RO         3286    .ARM.Collect$$libinit$$00000013  c_w.l(libinit2.o)
    0x080001a2   0x080001a2   0x00000000   Code   RO         3288    .ARM.Collect$$libinit$$00000015  c_w.l(libinit2.o)
    0x080001a2   0x080001a2   0x00000000   Code   RO         3290    .ARM.Collect$$libinit$$00000017  c_w.l(libinit2.o)
    0x080001a2   0x080001a2   0x00000000   Code   RO         3292    .ARM.Collect$$libinit$$00000019  c_w.l(libinit2.o)
    0x080001a2   0x080001a2   0x00000000   Code   RO         3294    .ARM.Collect$$libinit$$0000001B  c_w.l(libinit2.o)
    0x080001a2   0x080001a2   0x00000000   Code   RO         3296    .ARM.Collect$$libinit$$0000001D  c_w.l(libinit2.o)
    0x080001a2   0x080001a2   0x00000000   Code   RO         3298    .ARM.Collect$$libinit$$0000001F  c_w.l(libinit2.o)
    0x080001a2   0x080001a2   0x00000000   Code   RO         3300    .ARM.Collect$$libinit$$00000021  c_w.l(libinit2.o)
    0x080001a2   0x080001a2   0x00000000   Code   RO         3302    .ARM.Collect$$libinit$$00000023  c_w.l(libinit2.o)
    0x080001a2   0x080001a2   0x00000000   Code   RO         3304    .ARM.Collect$$libinit$$00000025  c_w.l(libinit2.o)
    0x080001a2   0x080001a2   0x00000000   Code   RO         3308    .ARM.Collect$$libinit$$0000002C  c_w.l(libinit2.o)
    0x080001a2   0x080001a2   0x00000000   Code   RO         3310    .ARM.Collect$$libinit$$0000002E  c_w.l(libinit2.o)
    0x080001a2   0x080001a2   0x00000000   Code   RO         3312    .ARM.Collect$$libinit$$00000030  c_w.l(libinit2.o)
    0x080001a2   0x080001a2   0x00000000   Code   RO         3314    .ARM.Collect$$libinit$$00000032  c_w.l(libinit2.o)
    0x080001a2   0x080001a2   0x00000002   Code   RO         3315    .ARM.Collect$$libinit$$00000033  c_w.l(libinit2.o)
    0x080001a4   0x080001a4   0x00000002   Code   RO         3335    .ARM.Collect$$libshutdown$$00000000  c_w.l(libshutdown.o)
    0x080001a6   0x080001a6   0x00000000   Code   RO         3348    .ARM.Collect$$libshutdown$$00000002  c_w.l(libshutdown2.o)
    0x080001a6   0x080001a6   0x00000000   Code   RO         3350    .ARM.Collect$$libshutdown$$00000004  c_w.l(libshutdown2.o)
    0x080001a6   0x080001a6   0x00000000   Code   RO         3352    .ARM.Collect$$libshutdown$$00000006  c_w.l(libshutdown2.o)
    0x080001a6   0x080001a6   0x00000000   Code   RO         3355    .ARM.Collect$$libshutdown$$00000009  c_w.l(libshutdown2.o)
    0x080001a6   0x080001a6   0x00000000   Code   RO         3358    .ARM.Collect$$libshutdown$$0000000C  c_w.l(libshutdown2.o)
    0x080001a6   0x080001a6   0x00000000   Code   RO         3360    .ARM.Collect$$libshutdown$$0000000E  c_w.l(libshutdown2.o)
    0x080001a6   0x080001a6   0x00000000   Code   RO         3363    .ARM.Collect$$libshutdown$$00000011  c_w.l(libshutdown2.o)
    0x080001a6   0x080001a6   0x00000002   Code   RO         3364    .ARM.Collect$$libshutdown$$00000012  c_w.l(libshutdown2.o)
    0x080001a8   0x080001a8   0x00000000   Code   RO         3240    .ARM.Collect$$rtentry$$00000000  c_w.l(__rtentry.o)
    0x080001a8   0x080001a8   0x00000000   Code   RO         3242    .ARM.Collect$$rtentry$$00000002  c_w.l(__rtentry2.o)
    0x080001a8   0x080001a8   0x00000006   Code   RO         3254    .ARM.Collect$$rtentry$$00000004  c_w.l(__rtentry4.o)
    0x080001ae   0x080001ae   0x00000000   Code   RO         3244    .ARM.Collect$$rtentry$$00000009  c_w.l(__rtentry2.o)
    0x080001ae   0x080001ae   0x00000004   Code   RO         3245    .ARM.Collect$$rtentry$$0000000A  c_w.l(__rtentry2.o)
    0x080001b2   0x080001b2   0x00000000   Code   RO         3247    .ARM.Collect$$rtentry$$0000000C  c_w.l(__rtentry2.o)
    0x080001b2   0x080001b2   0x00000008   Code   RO         3248    .ARM.Collect$$rtentry$$0000000D  c_w.l(__rtentry2.o)
    0x080001ba   0x080001ba   0x00000002   Code   RO         3269    .ARM.Collect$$rtexit$$00000000  c_w.l(rtexit.o)
    0x080001bc   0x080001bc   0x00000000   Code   RO         3317    .ARM.Collect$$rtexit$$00000002  c_w.l(rtexit2.o)
    0x080001bc   0x080001bc   0x00000004   Code   RO         3318    .ARM.Collect$$rtexit$$00000003  c_w.l(rtexit2.o)
    0x080001c0   0x080001c0   0x00000006   Code   RO         3319    .ARM.Collect$$rtexit$$00000004  c_w.l(rtexit2.o)
    0x080001c6   0x080001c6   0x00000002   PAD
    0x080001c8   0x080001c8   0x00000040   Code   RO            4    .text               startup_stm32f103xb.o
    0x08000208   0x08000208   0x00000064   Code   RO         3232    .text               c_w.l(rt_memcpy_w.o)
    0x0800026c   0x0800026c   0x0000004e   Code   RO         3234    .text               c_w.l(rt_memclr_w.o)
    0x080002ba   0x080002ba   0x00000006   Code   RO         3236    .text               c_w.l(heapauxi.o)
    0x080002c0   0x080002c0   0x0000004a   Code   RO         3256    .text               c_w.l(sys_stackheap_outer.o)
    0x0800030a   0x0800030a   0x00000012   Code   RO         3258    .text               c_w.l(exit.o)
    0x0800031c   0x0800031c   0x00000008   Code   RO         3266    .text               c_w.l(libspace.o)
    0x08000324   0x08000324   0x0000000c   Code   RO         3327    .text               c_w.l(sys_exit.o)
    0x08000330   0x08000330   0x00000002   Code   RO         3338    .text               c_w.l(use_no_semi.o)
    0x08000332   0x08000332   0x00000000   Code   RO         3340    .text               c_w.l(indicate_semi.o)
    0x08000332   0x08000332   0x00000002   Code   RO          236    i.BusFault_Handler  stm32f1xx_it.o
    0x08000334   0x08000334   0x00000002   Code   RO          237    i.DebugMon_Handler  stm32f1xx_it.o
    0x08000336   0x08000336   0x00000004   Code   RO           13    i.Error_Handler     main.o
    0x0800033a   0x0800033a   0x00000002   PAD
    0x0800033c   0x0800033c   0x00000024   Code   RO         1354    i.HAL_Delay         stm32f1xx_hal.o
    0x08000360   0x08000360   0x000001e0   Code   RO         1662    i.HAL_GPIO_Init     stm32f1xx_hal_gpio.o
    0x08000540   0x08000540   0x0000000a   Code   RO         1666    i.HAL_GPIO_WritePin  stm32f1xx_hal_gpio.o
    0x0800054a   0x0800054a   0x00000002   PAD
    0x0800054c   0x0800054c   0x0000000c   Code   RO         1358    i.HAL_GetTick       stm32f1xx_hal.o
    0x08000558   0x08000558   0x00000010   Code   RO         1364    i.HAL_IncTick       stm32f1xx_hal.o
    0x08000568   0x08000568   0x00000024   Code   RO         1365    i.HAL_Init          stm32f1xx_hal.o
    0x0800058c   0x0800058c   0x00000040   Code   RO         1366    i.HAL_InitTick      stm32f1xx_hal.o
    0x080005cc   0x080005cc   0x0000003c   Code   RO          318    i.HAL_MspInit       stm32f1xx_hal_msp.o
    0x08000608   0x08000608   0x0000001a   Code   RO         1822    i.HAL_NVIC_EnableIRQ  stm32f1xx_hal_cortex.o
    0x08000622   0x08000622   0x00000002   PAD
    0x08000624   0x08000624   0x00000040   Code   RO         1828    i.HAL_NVIC_SetPriority  stm32f1xx_hal_cortex.o
    0x08000664   0x08000664   0x00000024   Code   RO         1829    i.HAL_NVIC_SetPriorityGrouping  stm32f1xx_hal_cortex.o
    0x08000688   0x08000688   0x0000003c   Code   RO         1127    i.HAL_PCDEx_PMAConfig  stm32f1xx_hal_pcd_ex.o
    0x080006c4   0x080006c4   0x00000002   Code   RO          646    i.HAL_PCDEx_SetConnectionState  usbd_conf.o
    0x080006c6   0x080006c6   0x00000012   Code   RO          648    i.HAL_PCD_DataInStageCallback  usbd_conf.o
    0x080006d8   0x080006d8   0x00000014   Code   RO          649    i.HAL_PCD_DataOutStageCallback  usbd_conf.o
    0x080006ec   0x080006ec   0x0000004c   Code   RO          903    i.HAL_PCD_EP_Close  stm32f1xx_hal_pcd.o
    0x08000738   0x08000738   0x0000005c   Code   RO          904    i.HAL_PCD_EP_ClrStall  stm32f1xx_hal_pcd.o
    0x08000794   0x08000794   0x000000e6   Code   RO          905    i.HAL_PCD_EP_DB_Receive  stm32f1xx_hal_pcd.o
    0x0800087a   0x0800087a   0x00000330   Code   RO          906    i.HAL_PCD_EP_DB_Transmit  stm32f1xx_hal_pcd.o
    0x08000baa   0x08000baa   0x00000034   Code   RO          907    i.HAL_PCD_EP_Flush  stm32f1xx_hal_pcd.o
    0x08000bde   0x08000bde   0x00000012   Code   RO          908    i.HAL_PCD_EP_GetRxCount  stm32f1xx_hal_pcd.o
    0x08000bf0   0x08000bf0   0x00000060   Code   RO          909    i.HAL_PCD_EP_Open   stm32f1xx_hal_pcd.o
    0x08000c50   0x08000c50   0x00000032   Code   RO          910    i.HAL_PCD_EP_Receive  stm32f1xx_hal_pcd.o
    0x08000c82   0x08000c82   0x00000072   Code   RO          911    i.HAL_PCD_EP_SetStall  stm32f1xx_hal_pcd.o
    0x08000cf4   0x08000cf4   0x00000034   Code   RO          912    i.HAL_PCD_EP_Transmit  stm32f1xx_hal_pcd.o
    0x08000d28   0x08000d28   0x00000154   Code   RO          914    i.HAL_PCD_IRQHandler  stm32f1xx_hal_pcd.o
    0x08000e7c   0x08000e7c   0x000000da   Code   RO          917    i.HAL_PCD_Init      stm32f1xx_hal_pcd.o
    0x08000f56   0x08000f56   0x00000002   PAD
    0x08000f58   0x08000f58   0x0000003c   Code   RO          654    i.HAL_PCD_MspInit   usbd_conf.o
    0x08000f94   0x08000f94   0x00000026   Code   RO          655    i.HAL_PCD_ResetCallback  usbd_conf.o
    0x08000fba   0x08000fba   0x00000008   Code   RO          656    i.HAL_PCD_ResumeCallback  usbd_conf.o
    0x08000fc2   0x08000fc2   0x00000008   Code   RO          657    i.HAL_PCD_SOFCallback  usbd_conf.o
    0x08000fca   0x08000fca   0x00000028   Code   RO          923    i.HAL_PCD_SetAddress  stm32f1xx_hal_pcd.o
    0x08000ff2   0x08000ff2   0x0000000e   Code   RO          658    i.HAL_PCD_SetupStageCallback  usbd_conf.o
    0x08001000   0x08001000   0x00000032   Code   RO          925    i.HAL_PCD_Start     stm32f1xx_hal_pcd.o
    0x08001032   0x08001032   0x00000002   PAD
    0x08001034   0x08001034   0x00000024   Code   RO          659    i.HAL_PCD_SuspendCallback  usbd_conf.o
    0x08001058   0x08001058   0x000000ec   Code   RO         1625    i.HAL_RCCEx_PeriphCLKConfig  stm32f1xx_hal_rcc_ex.o
    0x08001144   0x08001144   0x0000012c   Code   RO         1522    i.HAL_RCC_ClockConfig  stm32f1xx_hal_rcc.o
    0x08001270   0x08001270   0x0000006c   Code   RO         1531    i.HAL_RCC_GetSysClockFreq  stm32f1xx_hal_rcc.o
    0x080012dc   0x080012dc   0x00000320   Code   RO         1534    i.HAL_RCC_OscConfig  stm32f1xx_hal_rcc.o
    0x080015fc   0x080015fc   0x000000b2   Code   RO         2333    i.HAL_SPI_Init      stm32f1xx_hal_spi.o
    0x080016ae   0x080016ae   0x00000002   PAD
    0x080016b0   0x080016b0   0x00000070   Code   RO          195    i.HAL_SPI_MspInit   spi.o
    0x08001720   0x08001720   0x000001e2   Code   RO         2342    i.HAL_SPI_TransmitReceive  stm32f1xx_hal_spi.o
    0x08001902   0x08001902   0x00000028   Code   RO         1833    i.HAL_SYSTICK_Config  stm32f1xx_hal_cortex.o
    0x0800192a   0x0800192a   0x00000002   Code   RO          238    i.HardFault_Handler  stm32f1xx_it.o
    0x0800192c   0x0800192c   0x00000038   Code   RO          499    i.IntToUnicode      usbd_desc.o
    0x08001964   0x08001964   0x00000042   Code   RO         3066    i.MSC_BOT_Abort     usbd_msc_bot.o
    0x080019a6   0x080019a6   0x00000002   PAD
    0x080019a8   0x080019a8   0x000000cc   Code   RO         3067    i.MSC_BOT_CBW_Decode  usbd_msc_bot.o
    0x08001a74   0x08001a74   0x0000002a   Code   RO         3068    i.MSC_BOT_CplClrFeature  usbd_msc_bot.o
    0x08001a9e   0x08001a9e   0x0000003a   Code   RO         3069    i.MSC_BOT_DataIn    usbd_msc_bot.o
    0x08001ad8   0x08001ad8   0x0000003a   Code   RO         3070    i.MSC_BOT_DataOut   usbd_msc_bot.o
    0x08001b12   0x08001b12   0x0000000a   Code   RO         3071    i.MSC_BOT_DeInit    usbd_msc_bot.o
    0x08001b1c   0x08001b1c   0x00000042   Code   RO         3072    i.MSC_BOT_Init      usbd_msc_bot.o
    0x08001b5e   0x08001b5e   0x00000016   Code   RO         3073    i.MSC_BOT_Reset     usbd_msc_bot.o
    0x08001b74   0x08001b74   0x0000003c   Code   RO         3074    i.MSC_BOT_SendCSW   usbd_msc_bot.o
    0x08001bb0   0x08001bb0   0x00000070   Code   RO          170    i.MX_GPIO_Init      gpio.o
    0x08001c20   0x08001c20   0x00000048   Code   RO          196    i.MX_SPI1_Init      spi.o
    0x08001c68   0x08001c68   0x00000054   Code   RO          444    i.MX_USB_DEVICE_Init  usb_device.o
    0x08001cbc   0x08001cbc   0x00000002   Code   RO          239    i.MemManage_Handler  stm32f1xx_it.o
    0x08001cbe   0x08001cbe   0x00000002   Code   RO          240    i.NMI_Handler       stm32f1xx_it.o
    0x08001cc0   0x08001cc0   0x00000314   Code   RO          929    i.PCD_EP_ISR_Handler  stm32f1xx_hal_pcd.o
    0x08001fd4   0x08001fd4   0x00000002   Code   RO          241    i.PendSV_Handler    stm32f1xx_it.o
    0x08001fd6   0x08001fd6   0x00000022   Code   RO         3162    i.SCSI_CheckAddressRange  usbd_msc_scsi.o
    0x08001ff8   0x08001ff8   0x000001d0   Code   RO         3163    i.SCSI_ProcessCmd   usbd_msc_scsi.o
    0x080021c8   0x080021c8   0x00000096   Code   RO         3164    i.SCSI_ProcessRead  usbd_msc_scsi.o
    0x0800225e   0x0800225e   0x000000a4   Code   RO         3165    i.SCSI_ProcessWrite  usbd_msc_scsi.o
    0x08002302   0x08002302   0x0000009c   Code   RO         3166    i.SCSI_Read10       usbd_msc_scsi.o
    0x0800239e   0x0800239e   0x00000056   Code   RO         3167    i.SCSI_ReadCapacity10  usbd_msc_scsi.o
    0x080023f4   0x080023f4   0x0000006e   Code   RO         3168    i.SCSI_ReadFormatCapacity  usbd_msc_scsi.o
    0x08002462   0x08002462   0x00000034   Code   RO         3169    i.SCSI_SenseCode    usbd_msc_scsi.o
    0x08002496   0x08002496   0x000000be   Code   RO         3170    i.SCSI_Write10      usbd_msc_scsi.o
    0x08002554   0x08002554   0x00000018   Code   RO          343    i.SD_CS             sddriver.o
    0x0800256c   0x0800256c   0x0000015c   Code   RO          351    i.SD_init           sddriver.o
    0x080026c8   0x080026c8   0x00000070   Code   RO          352    i.SD_sendcmd        sddriver.o
    0x08002738   0x08002738   0x00000020   Code   RO         2371    i.SPI_EndRxTxTransaction  stm32f1xx_hal_spi.o
    0x08002758   0x08002758   0x000000b8   Code   RO         2376    i.SPI_WaitFlagStateUntilTimeout  stm32f1xx_hal_spi.o
    0x08002810   0x08002810   0x0000000e   Code   RO          585    i.STORAGE_GetCapacity_FS  usbd_storage_if.o
    0x0800281e   0x0800281e   0x00000004   Code   RO          586    i.STORAGE_GetMaxLun_FS  usbd_storage_if.o
    0x08002822   0x08002822   0x0000000a   Code   RO          587    i.STORAGE_Init_FS   usbd_storage_if.o
    0x0800282c   0x0800282c   0x00000004   Code   RO          588    i.STORAGE_IsReady_FS  usbd_storage_if.o
    0x08002830   0x08002830   0x00000004   Code   RO          589    i.STORAGE_IsWriteProtected_FS  usbd_storage_if.o
    0x08002834   0x08002834   0x00000004   Code   RO          590    i.STORAGE_Read_FS   usbd_storage_if.o
    0x08002838   0x08002838   0x00000004   Code   RO          591    i.STORAGE_Write_FS  usbd_storage_if.o
    0x0800283c   0x0800283c   0x00000002   Code   RO          242    i.SVC_Handler       stm32f1xx_it.o
    0x0800283e   0x0800283e   0x00000004   Code   RO          243    i.SysTick_Handler   stm32f1xx_it.o
    0x08002842   0x08002842   0x00000076   Code   RO           14    i.SystemClock_Config  main.o
    0x080028b8   0x080028b8   0x00000002   Code   RO         2681    i.SystemInit        system_stm32f1xx.o
    0x080028ba   0x080028ba   0x0000000e   Code   RO         2718    i.USBD_ClrClassConfig  usbd_core.o
    0x080028c8   0x080028c8   0x00000010   Code   RO         2921    i.USBD_CtlContinueRx  usbd_ioreq.o
    0x080028d8   0x080028d8   0x00000010   Code   RO         2922    i.USBD_CtlContinueSendData  usbd_ioreq.o
    0x080028e8   0x080028e8   0x00000016   Code   RO         2856    i.USBD_CtlError     usbd_ctlreq.o
    0x080028fe   0x080028fe   0x00000016   Code   RO         2924    i.USBD_CtlReceiveStatus  usbd_ioreq.o
    0x08002914   0x08002914   0x0000001a   Code   RO         2925    i.USBD_CtlSendData  usbd_ioreq.o
    0x0800292e   0x0800292e   0x00000016   Code   RO         2926    i.USBD_CtlSendStatus  usbd_ioreq.o
    0x08002944   0x08002944   0x00000020   Code   RO          500    i.USBD_FS_ConfigStrDescriptor  usbd_desc.o
    0x08002964   0x08002964   0x0000000c   Code   RO          501    i.USBD_FS_DeviceDescriptor  usbd_desc.o
    0x08002970   0x08002970   0x00000024   Code   RO          502    i.USBD_FS_InterfaceStrDescriptor  usbd_desc.o
    0x08002994   0x08002994   0x0000000c   Code   RO          503    i.USBD_FS_LangIDStrDescriptor  usbd_desc.o
    0x080029a0   0x080029a0   0x00000028   Code   RO          504    i.USBD_FS_ManufacturerStrDescriptor  usbd_desc.o
    0x080029c8   0x080029c8   0x00000028   Code   RO          505    i.USBD_FS_ProductStrDescriptor  usbd_desc.o
    0x080029f0   0x080029f0   0x00000038   Code   RO          506    i.USBD_FS_SerialStrDescriptor  usbd_desc.o
    0x08002a28   0x08002a28   0x000000e8   Code   RO         2857    i.USBD_GetDescriptor  usbd_ctlreq.o
    0x08002b10   0x08002b10   0x00000048   Code   RO         2858    i.USBD_GetString    usbd_ctlreq.o
    0x08002b58   0x08002b58   0x00000018   Code   RO          660    i.USBD_Get_USB_Status  usbd_conf.o
    0x08002b70   0x08002b70   0x0000002a   Code   RO         2720    i.USBD_Init         usbd_core.o
    0x08002b9a   0x08002b9a   0x00000012   Code   RO          661    i.USBD_LL_ClearStallEP  usbd_conf.o
    0x08002bac   0x08002bac   0x00000012   Code   RO          662    i.USBD_LL_CloseEP   usbd_conf.o
    0x08002bbe   0x08002bbe   0x000000c6   Code   RO         2721    i.USBD_LL_DataInStage  usbd_core.o
    0x08002c84   0x08002c84   0x00000082   Code   RO         2722    i.USBD_LL_DataOutStage  usbd_core.o
    0x08002d06   0x08002d06   0x00000012   Code   RO          665    i.USBD_LL_FlushEP   usbd_conf.o
    0x08002d18   0x08002d18   0x00000008   Code   RO          666    i.USBD_LL_GetRxDataSize  usbd_conf.o
    0x08002d20   0x08002d20   0x00000070   Code   RO          667    i.USBD_LL_Init      usbd_conf.o
    0x08002d90   0x08002d90   0x00000020   Code   RO          668    i.USBD_LL_IsStallEP  usbd_conf.o
    0x08002db0   0x08002db0   0x00000018   Code   RO          669    i.USBD_LL_OpenEP    usbd_conf.o
    0x08002dc8   0x08002dc8   0x00000012   Code   RO          670    i.USBD_LL_PrepareReceive  usbd_conf.o
    0x08002dda   0x08002dda   0x00000050   Code   RO         2727    i.USBD_LL_Reset     usbd_core.o
    0x08002e2a   0x08002e2a   0x00000014   Code   RO         2728    i.USBD_LL_Resume    usbd_core.o
    0x08002e3e   0x08002e3e   0x00000018   Code   RO         2729    i.USBD_LL_SOF       usbd_core.o
    0x08002e56   0x08002e56   0x00000006   Code   RO         2730    i.USBD_LL_SetSpeed  usbd_core.o
    0x08002e5c   0x08002e5c   0x00000012   Code   RO          671    i.USBD_LL_SetUSBAddress  usbd_conf.o
    0x08002e6e   0x08002e6e   0x0000005a   Code   RO         2731    i.USBD_LL_SetupStage  usbd_core.o
    0x08002ec8   0x08002ec8   0x00000012   Code   RO          672    i.USBD_LL_StallEP   usbd_conf.o
    0x08002eda   0x08002eda   0x00000012   Code   RO          673    i.USBD_LL_Start     usbd_conf.o
    0x08002eec   0x08002eec   0x00000012   Code   RO         2732    i.USBD_LL_Suspend   usbd_core.o
    0x08002efe   0x08002efe   0x00000012   Code   RO          675    i.USBD_LL_Transmit  usbd_conf.o
    0x08002f10   0x08002f10   0x0000000a   Code   RO         2981    i.USBD_MSC_DataIn   usbd_msc.o
    0x08002f1a   0x08002f1a   0x0000000a   Code   RO         2982    i.USBD_MSC_DataOut  usbd_msc.o
    0x08002f24   0x08002f24   0x00000032   Code   RO         2983    i.USBD_MSC_DeInit   usbd_msc.o
    0x08002f56   0x08002f56   0x00000002   PAD
    0x08002f58   0x08002f58   0x0000000c   Code   RO         2984    i.USBD_MSC_GetDeviceQualifierDescriptor  usbd_msc.o
    0x08002f64   0x08002f64   0x0000000c   Code   RO         2985    i.USBD_MSC_GetFSCfgDesc  usbd_msc.o
    0x08002f70   0x08002f70   0x0000000c   Code   RO         2986    i.USBD_MSC_GetHSCfgDesc  usbd_msc.o
    0x08002f7c   0x08002f7c   0x0000000c   Code   RO         2987    i.USBD_MSC_GetOtherSpeedCfgDesc  usbd_msc.o
    0x08002f88   0x08002f88   0x0000005c   Code   RO         2988    i.USBD_MSC_Init     usbd_msc.o
    0x08002fe4   0x08002fe4   0x0000000a   Code   RO         2989    i.USBD_MSC_RegisterStorage  usbd_msc.o
    0x08002fee   0x08002fee   0x00000116   Code   RO         2990    i.USBD_MSC_Setup    usbd_msc.o
    0x08003104   0x08003104   0x00000028   Code   RO         2859    i.USBD_ParseSetupRequest  usbd_ctlreq.o
    0x0800312c   0x0800312c   0x00000010   Code   RO         2733    i.USBD_RegisterClass  usbd_core.o
    0x0800313c   0x0800313c   0x00000016   Code   RO         2735    i.USBD_SetClassConfig  usbd_core.o
    0x08003152   0x08003152   0x00000002   PAD
    0x08003154   0x08003154   0x00000084   Code   RO         2860    i.USBD_SetConfig    usbd_ctlreq.o
    0x080031d8   0x080031d8   0x0000000a   Code   RO         2736    i.USBD_Start        usbd_core.o
    0x080031e2   0x080031e2   0x00000112   Code   RO         2861    i.USBD_StdDevReq    usbd_ctlreq.o
    0x080032f4   0x080032f4   0x00000150   Code   RO         2862    i.USBD_StdEPReq     usbd_ctlreq.o
    0x08003444   0x08003444   0x0000004e   Code   RO         2863    i.USBD_StdItfReq    usbd_ctlreq.o
    0x08003492   0x08003492   0x00000002   Code   RO          676    i.USBD_static_free  usbd_conf.o
    0x08003494   0x08003494   0x00000008   Code   RO          677    i.USBD_static_malloc  usbd_conf.o
    0x0800349c   0x0800349c   0x00000258   Code   RO         1167    i.USB_ActivateEndpoint  stm32f1xx_ll_usb.o
    0x080036f4   0x080036f4   0x00000004   Code   RO         1170    i.USB_CoreInit      stm32f1xx_ll_usb.o
    0x080036f8   0x080036f8   0x0000010e   Code   RO         1172    i.USB_DeactivateEndpoint  stm32f1xx_ll_usb.o
    0x08003806   0x08003806   0x00000004   Code   RO         1173    i.USB_DevConnect    stm32f1xx_ll_usb.o
    0x0800380a   0x0800380a   0x00000004   Code   RO         1174    i.USB_DevDisconnect  stm32f1xx_ll_usb.o
    0x0800380e   0x0800380e   0x00000012   Code   RO         1175    i.USB_DevInit       stm32f1xx_ll_usb.o
    0x08003820   0x08003820   0x0000000e   Code   RO         1176    i.USB_DisableGlobalInt  stm32f1xx_ll_usb.o
    0x0800382e   0x0800382e   0x00000004   Code   RO         1177    i.USB_EP0_OutStart  stm32f1xx_ll_usb.o
    0x08003832   0x08003832   0x00000078   Code   RO         1178    i.USB_EPClearStall  stm32f1xx_ll_usb.o
    0x080038aa   0x080038aa   0x00000032   Code   RO         1179    i.USB_EPSetStall    stm32f1xx_ll_usb.o
    0x080038dc   0x080038dc   0x0000060c   Code   RO         1180    i.USB_EPStartXfer   stm32f1xx_ll_usb.o
    0x08003ee8   0x08003ee8   0x00000012   Code   RO         1181    i.USB_EnableGlobalInt  stm32f1xx_ll_usb.o
    0x08003efa   0x08003efa   0x00000004   Code   RO         1182    i.USB_FlushRxFifo   stm32f1xx_ll_usb.o
    0x08003efe   0x08003efe   0x00000004   Code   RO         1183    i.USB_FlushTxFifo   stm32f1xx_ll_usb.o
    0x08003f02   0x08003f02   0x00000002   PAD
    0x08003f04   0x08003f04   0x0000000c   Code   RO          244    i.USB_LP_CAN1_RX0_IRQHandler  stm32f1xx_it.o
    0x08003f10   0x08003f10   0x00000006   Code   RO         1188    i.USB_ReadInterrupts  stm32f1xx_ll_usb.o
    0x08003f16   0x08003f16   0x00000002   PAD
    0x08003f18   0x08003f18   0x0000002c   Code   RO         1189    i.USB_ReadPMA       stm32f1xx_ll_usb.o
    0x08003f44   0x08003f44   0x00000004   Code   RO         1190    i.USB_SetCurrentMode  stm32f1xx_ll_usb.o
    0x08003f48   0x08003f48   0x0000000c   Code   RO         1191    i.USB_SetDevAddress  stm32f1xx_ll_usb.o
    0x08003f54   0x08003f54   0x00000026   Code   RO         1193    i.USB_WritePMA      stm32f1xx_ll_usb.o
    0x08003f7a   0x08003f7a   0x00000002   Code   RO          245    i.UsageFault_Handler  stm32f1xx_it.o
    0x08003f7c   0x08003f7c   0x00000020   Code   RO         1835    i.__NVIC_SetPriority  stm32f1xx_hal_cortex.o
    0x08003f9c   0x08003f9c   0x00000016   Code   RO           15    i.main              main.o
    0x08003fb2   0x08003fb2   0x00000002   PAD
    0x08003fb4   0x08003fb4   0x00000020   Code   RO          354    i.spi_readwrite     sddriver.o
    0x08003fd4   0x08003fd4   0x00000024   Data   RO          592    .constdata          usbd_storage_if.o
    0x08003ff8   0x08003ff8   0x00000010   Data   RO         2682    .constdata          system_stm32f1xx.o
    0x08004008   0x08004008   0x00000007   Data   RO         3136    .constdata          usbd_msc_data.o
    0x0800400f   0x0800400f   0x00000008   Data   RO         3137    .constdata          usbd_msc_data.o
    0x08004017   0x08004017   0x00000008   Data   RO         3138    .constdata          usbd_msc_data.o
    0x0800401f   0x0800401f   0x00000001   PAD
    0x08004020   0x08004020   0x00000020   Data   RO         3395    Region$$Table       anon$$obj.o


    Execution Region RW_IRAM1 (Exec base: 0x20000000, Load base: 0x08004040, Size: 0x00002208, Max: 0x00005000, ABSOLUTE, COMPRESSED[0x000000a4])

    Exec Addr    Load Addr    Size         Type   Attr      Idx    E Section Name        Object

    0x20000000   COMPRESSED   0x00000002   Data   RW          356    .data               sddriver.o
    0x20000002   COMPRESSED   0x00000002   PAD
    0x20000004   COMPRESSED   0x0000001c   Data   RW          508    .data               usbd_desc.o
    0x20000020   COMPRESSED   0x00000032   Data   RW          509    .data               usbd_desc.o
    0x20000052   COMPRESSED   0x00000002   PAD
    0x20000054   COMPRESSED   0x00000020   Data   RW          593    .data               usbd_storage_if.o
    0x20000074   COMPRESSED   0x0000000c   Data   RW         1372    .data               stm32f1xx_hal.o
    0x20000080   COMPRESSED   0x00000004   Data   RW         2684    .data               system_stm32f1xx.o
    0x20000084   COMPRESSED   0x00000001   Data   RW         2864    .data               usbd_ctlreq.o
    0x20000085   COMPRESSED   0x00000003   PAD
    0x20000088   COMPRESSED   0x00000038   Data   RW         2991    .data               usbd_msc.o
    0x200000c0   COMPRESSED   0x0000006a   Data   RW         2992    .data               usbd_msc.o
    0x2000012a   COMPRESSED   0x00000002   PAD
    0x2000012c        -       0x00000058   Zero   RW          197    .bss                spi.o
    0x20000184        -       0x000002c4   Zero   RW          445    .bss                usb_device.o
    0x20000448        -       0x00000200   Zero   RW          507    .bss                usbd_desc.o
    0x20000648        -       0x0000055c   Zero   RW          678    .bss                usbd_conf.o
    0x20000ba4        -       0x00000060   Zero   RW         3267    .bss                c_w.l(libspace.o)
    0x20000c04   COMPRESSED   0x00000004   PAD
    0x20000c08        -       0x00000200   Zero   RW            2    HEAP                startup_stm32f103xb.o
    0x20000e08        -       0x00001400   Zero   RW            1    STACK               startup_stm32f103xb.o


==============================================================================

Image component sizes


      Code (inc. data)   RO Data    RW Data    ZI Data      Debug   Object Name

       112         10          0          0          0        899   gpio.o
       144          0          0          0          0     410572   main.o
       516         28          0          2          0       5366   sddriver.o
       184         24          0          0         88       1625   spi.o
        64         26        236          0       5632        804   startup_stm32f103xb.o
       164         28          0         12          0       5857   stm32f1xx_hal.o
       198         14          0          0          0      28899   stm32f1xx_hal_cortex.o
       490         34          0          0          0       2868   stm32f1xx_hal_gpio.o
        60          8          0          0          0        858   stm32f1xx_hal_msp.o
      3032          0          0          0          0      14508   stm32f1xx_hal_pcd.o
        60          0          0          0          0       1162   stm32f1xx_hal_pcd_ex.o
      1208         76          0          0          0       4046   stm32f1xx_hal_rcc.o
       236         12          0          0          0       1372   stm32f1xx_hal_rcc_ex.o
       876          4          0          0          0       4665   stm32f1xx_hal_spi.o
        32          6          0          0          0       4263   stm32f1xx_it.o
      2766          0          0          0          0      17511   stm32f1xx_ll_usb.o
         2          0         16          4          0       1095   system_stm32f1xx.o
        84         18          0          0        708       5981   usb_device.o
       558         28          0          0       1372      14663   usbd_conf.o
       670          0          0          0          0       9375   usbd_core.o
      1186         28          0          1          0       7868   usbd_ctlreq.o
       284        100          0         78        512       5857   usbd_desc.o
       102          0          0          0          0       3616   usbd_ioreq.o
       498         16          0        162          0       9168   usbd_msc.o
       586         10          0          0          0       7049   usbd_msc_bot.o
         0          0         23          0          0        873   usbd_msc_data.o
      1406         12          0          0          0      10019   usbd_msc_scsi.o
        44          0         36         32          0       4131   usbd_storage_if.o

    ----------------------------------------------------------------------
     15586        482        344        300       8312     584970   Object Totals
         0          0         32          0          0          0   (incl. Generated)
        24          0          1          9          0          0   (incl. Padding)

    ----------------------------------------------------------------------

      Code (inc. data)   RO Data    RW Data    ZI Data      Debug   Library Member Name

        90          0          0          0          0          0   __dczerorl2.o
         8          0          0          0          0         68   __main.o
         0          0          0          0          0          0   __rtentry.o
        12          0          0          0          0          0   __rtentry2.o
         6          0          0          0          0          0   __rtentry4.o
        52          8          0          0          0          0   __scatter.o
        28          0          0          0          0          0   __scatter_zi.o
        18          0          0          0          0         80   exit.o
         6          0          0          0          0        152   heapauxi.o
         0          0          0          0          0          0   indicate_semi.o
         2          0          0          0          0          0   libinit.o
         2          0          0          0          0          0   libinit2.o
         2          0          0          0          0          0   libshutdown.o
         2          0          0          0          0          0   libshutdown2.o
         8          4          0          0         96         68   libspace.o
        78          0          0          0          0         80   rt_memclr_w.o
       100          0          0          0          0         80   rt_memcpy_w.o
         2          0          0          0          0          0   rtexit.o
        10          0          0          0          0          0   rtexit2.o
        12          4          0          0          0         68   sys_exit.o
        74          0          0          0          0         80   sys_stackheap_outer.o
         2          0          0          0          0         68   use_no_semi.o

    ----------------------------------------------------------------------
       518         16          0          0        100        744   Library Totals
         4          0          0          0          4          0   (incl. Padding)

    ----------------------------------------------------------------------

      Code (inc. data)   RO Data    RW Data    ZI Data      Debug   Library Name

       514         16          0          0         96        744   c_w.l

    ----------------------------------------------------------------------
       518         16          0          0        100        744   Library Totals

    ----------------------------------------------------------------------

==============================================================================


      Code (inc. data)   RO Data    RW Data    ZI Data      Debug   

     16104        498        344        300       8412     576870   Grand Totals
     16104        498        344        164       8412     576870   ELF Image Totals (compressed)
     16104        498        344        164          0          0   ROM Totals

==============================================================================

    Total RO  Size (Code + RO Data)                16448 (  16.06kB)
    Total RW  Size (RW Data + ZI Data)              8712 (   8.51kB)
    Total ROM Size (Code + RO Data + RW Data)      16612 (  16.22kB)

==============================================================================

