Component: ARM Compiler 5.06 update 7 (build 960) Tool: armlink [4d3601]

==============================================================================

Section Cross References

    startup_stm32f103xb.o(STACK) refers (Special) to heapauxi.o(.text) for __use_two_region_memory
    startup_stm32f103xb.o(HEAP) refers (Special) to heapauxi.o(.text) for __use_two_region_memory
    startup_stm32f103xb.o(RESET) refers (Special) to heapauxi.o(.text) for __use_two_region_memory
    startup_stm32f103xb.o(RESET) refers to startup_stm32f103xb.o(STACK) for __initial_sp
    startup_stm32f103xb.o(RESET) refers to startup_stm32f103xb.o(.text) for Reset_Handler
    startup_stm32f103xb.o(RESET) refers to stm32f1xx_it.o(i.NMI_Handler) for NMI_Handler
    startup_stm32f103xb.o(RESET) refers to stm32f1xx_it.o(i.HardFault_Handler) for HardFault_Handler
    startup_stm32f103xb.o(RESET) refers to stm32f1xx_it.o(i.MemManage_Handler) for MemManage_Handler
    startup_stm32f103xb.o(RESET) refers to stm32f1xx_it.o(i.BusFault_Handler) for BusFault_Handler
    startup_stm32f103xb.o(RESET) refers to stm32f1xx_it.o(i.UsageFault_Handler) for UsageFault_Handler
    startup_stm32f103xb.o(RESET) refers to stm32f1xx_it.o(i.SVC_Handler) for SVC_Handler
    startup_stm32f103xb.o(RESET) refers to stm32f1xx_it.o(i.DebugMon_Handler) for DebugMon_Handler
    startup_stm32f103xb.o(RESET) refers to stm32f1xx_it.o(i.PendSV_Handler) for PendSV_Handler
    startup_stm32f103xb.o(RESET) refers to stm32f1xx_it.o(i.SysTick_Handler) for SysTick_Handler
    startup_stm32f103xb.o(RESET) refers to stm32f1xx_it.o(i.USB_LP_CAN1_RX0_IRQHandler) for USB_LP_CAN1_RX0_IRQHandler
    startup_stm32f103xb.o(.text) refers (Special) to heapauxi.o(.text) for __use_two_region_memory
    startup_stm32f103xb.o(.text) refers to system_stm32f1xx.o(i.SystemInit) for SystemInit
    startup_stm32f103xb.o(.text) refers to __main.o(!!!main) for __main
    startup_stm32f103xb.o(.text) refers to startup_stm32f103xb.o(HEAP) for Heap_Mem
    startup_stm32f103xb.o(.text) refers to startup_stm32f103xb.o(STACK) for Stack_Mem
    sddriver.o(i.SD_GetCIDRegister) refers to sddriver.o(i.SD_SendCmd) for SD_SendCmd
    sddriver.o(i.SD_GetCIDRegister) refers to sddriver.o(i.SD_GetResponse) for SD_GetResponse
    sddriver.o(i.SD_GetCIDRegister) refers to sddriver.o(i.SD_ReadByte) for SD_ReadByte
    sddriver.o(i.SD_GetCIDRegister) refers to sddriver.o(i.SD_WriteByte) for SD_WriteByte
    sddriver.o(i.SD_GetCSDRegister) refers to sddriver.o(i.SD_SendCmd) for SD_SendCmd
    sddriver.o(i.SD_GetCSDRegister) refers to sddriver.o(i.SD_GetResponse) for SD_GetResponse
    sddriver.o(i.SD_GetCSDRegister) refers to sddriver.o(i.SD_ReadByte) for SD_ReadByte
    sddriver.o(i.SD_GetCSDRegister) refers to sddriver.o(i.SD_WriteByte) for SD_WriteByte
    sddriver.o(i.SD_GetCSDRegister) refers to sddriver.o(.data) for .data
    sddriver.o(i.SD_GetCardInfo) refers to sddriver.o(i.SD_GetCSDRegister) for SD_GetCSDRegister
    sddriver.o(i.SD_GetCardInfo) refers to sddriver.o(i.SD_GetCIDRegister) for SD_GetCIDRegister
    sddriver.o(i.SD_GetCardInfo) refers to sddriver.o(.data) for .data
    sddriver.o(i.SD_GetCardType) refers to sddriver.o(i.SD_WriteByte) for SD_WriteByte
    sddriver.o(i.SD_GetCardType) refers to sddriver.o(i.SD_SendCmd) for SD_SendCmd
    sddriver.o(i.SD_GetCardType) refers to sddriver.o(i.SD_ReadByte) for SD_ReadByte
    sddriver.o(i.SD_GetCardType) refers to sddriver.o(i.SD_GetResponse) for SD_GetResponse
    sddriver.o(i.SD_GetCardType) refers to sddriver.o(.data) for .data
    sddriver.o(i.SD_GetDataResponse) refers to sddriver.o(i.SD_ReadByte) for SD_ReadByte
    sddriver.o(i.SD_GetResponse) refers to sddriver.o(i.SD_ReadByte) for SD_ReadByte
    sddriver.o(i.SD_GetStatus) refers to sddriver.o(i.SD_SendCmd) for SD_SendCmd
    sddriver.o(i.SD_GetStatus) refers to sddriver.o(i.SD_ReadByte) for SD_ReadByte
    sddriver.o(i.SD_GetStatus) refers to sddriver.o(i.SD_WriteByte) for SD_WriteByte
    sddriver.o(i.SD_GoIdleState) refers to sddriver.o(i.SD_SendCmd) for SD_SendCmd
    sddriver.o(i.SD_GoIdleState) refers to sddriver.o(i.SD_GetResponse) for SD_GetResponse
    sddriver.o(i.SD_GoIdleState) refers to sddriver.o(i.SD_WriteByte) for SD_WriteByte
    sddriver.o(i.SD_Init) refers to sddriver.o(i.SD_WriteByte) for SD_WriteByte
    sddriver.o(i.SD_Init) refers to sddriver.o(i.SD_GoIdleState) for SD_GoIdleState
    sddriver.o(i.SD_Init) refers to sddriver.o(i.SD_GetCardType) for SD_GetCardType
    sddriver.o(i.SD_Init) refers to sddriver.o(i.SD_GetCardInfo) for SD_GetCardInfo
    sddriver.o(i.SD_Init) refers to sddriver.o(.data) for .data
    sddriver.o(i.SD_Init) refers to sddriver.o(.bss) for .bss
    sddriver.o(i.SD_ReadBlock) refers to sddriver.o(i.SD_SendCmd) for SD_SendCmd
    sddriver.o(i.SD_ReadBlock) refers to sddriver.o(i.SD_GetResponse) for SD_GetResponse
    sddriver.o(i.SD_ReadBlock) refers to sddriver.o(i.SD_ReadByte) for SD_ReadByte
[...]
    i.HAL_PCD_EP_Open                        0x08000ce0   Section        0  stm32f1xx_hal_pcd.o(i.HAL_PCD_EP_Open)
    i.HAL_PCD_EP_Receive                     0x08000d40   Section        0  stm32f1xx_hal_pcd.o(i.HAL_PCD_EP_Receive)
    i.HAL_PCD_EP_SetStall                    0x08000d72   Section        0  stm32f1xx_hal_pcd.o(i.HAL_PCD_EP_SetStall)
    i.HAL_PCD_EP_Transmit                    0x08000de4   Section        0  stm32f1xx_hal_pcd.o(i.HAL_PCD_EP_Transmit)
    i.HAL_PCD_IRQHandler                     0x08000e18   Section        0  stm32f1xx_hal_pcd.o(i.HAL_PCD_IRQHandler)
    i.HAL_PCD_Init                           0x08000f6c   Section        0  stm32f1xx_hal_pcd.o(i.HAL_PCD_Init)
    i.HAL_PCD_MspInit                        0x08001048   Section        0  usbd_conf.o(i.HAL_PCD_MspInit)
    i.HAL_PCD_ResetCallback                  0x08001084   Section        0  usbd_conf.o(i.HAL_PCD_ResetCallback)
    i.HAL_PCD_ResumeCallback                 0x080010aa   Section        0  usbd_conf.o(i.HAL_PCD_ResumeCallback)
    i.HAL_PCD_SOFCallback                    0x080010b2   Section        0  usbd_conf.o(i.HAL_PCD_SOFCallback)
    i.HAL_PCD_SetAddress                     0x080010ba   Section        0  stm32f1xx_hal_pcd.o(i.HAL_PCD_SetAddress)
    i.HAL_PCD_SetupStageCallback             0x080010e2   Section        0  usbd_conf.o(i.HAL_PCD_SetupStageCallback)
    i.HAL_PCD_Start                          0x080010f0   Section        0  stm32f1xx_hal_pcd.o(i.HAL_PCD_Start)
    i.HAL_PCD_SuspendCallback                0x08001124   Section        0  usbd_conf.o(i.HAL_PCD_SuspendCallback)
    i.HAL_RCCEx_PeriphCLKConfig              0x08001148   Section        0  stm32f1xx_hal_rcc_ex.o(i.HAL_RCCEx_PeriphCLKConfig)
    i.HAL_RCC_ClockConfig                    0x08001234   Section        0  stm32f1xx_hal_rcc.o(i.HAL_RCC_ClockConfig)
    i.HAL_RCC_GetSysClockFreq                0x08001360   Section        0  stm32f1xx_hal_rcc.o(i.HAL_RCC_GetSysClockFreq)
    i.HAL_RCC_OscConfig                      0x080013cc   Section        0  stm32f1xx_hal_rcc.o(i.HAL_RCC_OscConfig)
    i.HAL_SPI_Init                           0x080016ec   Section        0  stm32f1xx_hal_spi.o(i.HAL_SPI_Init)
    i.HAL_SPI_MspInit                        0x080017a0   Section        0  spi.o(i.HAL_SPI_MspInit)
    i.HAL_SPI_TransmitReceive                0x08001810   Section        0  stm32f1xx_hal_spi.o(i.HAL_SPI_TransmitReceive)
    i.HAL_SYSTICK_Config                     0x080019f2   Section        0  stm32f1xx_hal_cortex.o(i.HAL_SYSTICK_Config)
    i.HardFault_Handler                      0x08001a1a   Section        0  stm32f1xx_it.o(i.HardFault_Handler)
    i.IntToUnicode                           0x08001a1c   Section        0  usbd_desc.o(i.IntToUnicode)
    IntToUnicode                             0x08001a1d   Thumb Code    56  usbd_desc.o(i.IntToUnicode)
    i.MSC_BOT_Abort                          0x08001a54   Section        0  usbd_msc_bot.o(i.MSC_BOT_Abort)
    MSC_BOT_Abort                            0x08001a55   Thumb Code    66  usbd_msc_bot.o(i.MSC_BOT_Abort)
    i.MSC_BOT_CBW_Decode                     0x08001a98   Section        0  usbd_msc_bot.o(i.MSC_BOT_CBW_Decode)
    MSC_BOT_CBW_Decode                       0x08001a99   Thumb Code   200  usbd_msc_bot.o(i.MSC_BOT_CBW_Decode)
    i.MSC_BOT_CplClrFeature                  0x08001b64   Section        0  usbd_msc_bot.o(i.MSC_BOT_CplClrFeature)
    i.MSC_BOT_DataIn                         0x08001b8e   Section        0  usbd_msc_bot.o(i.MSC_BOT_DataIn)
    i.MSC_BOT_DataOut                        0x08001bc8   Section        0  usbd_msc_bot.o(i.MSC_BOT_DataOut)
    i.MSC_BOT_DeInit                         0x08001c02   Section        0  usbd_msc_bot.o(i.MSC_BOT_DeInit)
    i.MSC_BOT_Init                           0x08001c0c   Section        0  usbd_msc_bot.o(i.MSC_BOT_Init)
    i.MSC_BOT_Reset                          0x08001c4e   Section        0  usbd_msc_bot.o(i.MSC_BOT_Reset)
    i.MSC_BOT_SendCSW                        0x08001c64   Section        0  usbd_msc_bot.o(i.MSC_BOT_SendCSW)
    i.MX_GPIO_Init                           0x08001ca0   Section        0  gpio.o(i.MX_GPIO_Init)
    i.MX_SPI1_Init                           0x08001d10   Section        0  spi.o(i.MX_SPI1_Init)
    i.MX_USB_DEVICE_Init                     0x08001d58   Section        0  usb_device.o(i.MX_USB_DEVICE_Init)
    i.MemManage_Handler                      0x08001dac   Section        0  stm32f1xx_it.o(i.MemManage_Handler)
    i.NMI_Handler                            0x08001dae   Section        0  stm32f1xx_it.o(i.NMI_Handler)
    i.PCD_EP_ISR_Handler                     0x08001db0   Section        0  stm32f1xx_hal_pcd.o(i.PCD_EP_ISR_Handler)
    PCD_EP_ISR_Handler                       0x08001db1   Thumb Code   788  stm32f1xx_hal_pcd.o(i.PCD_EP_ISR_Handler)
    i.PendSV_Handler                         0x080020c4   Section        0  stm32f1xx_it.o(i.PendSV_Handler)
    i.SCSI_CheckAddressRange                 0x080020c6   Section        0  usbd_msc_scsi.o(i.SCSI_CheckAddressRange)
    SCSI_CheckAddressRange                   0x080020c7   Thumb Code    34  usbd_msc_scsi.o(i.SCSI_CheckAddressRange)
    i.SCSI_ProcessCmd                        0x080020e8   Section        0  usbd_msc_scsi.o(i.SCSI_ProcessCmd)
    i.SCSI_ProcessRead                       0x080022b8   Section        0  usbd_msc_scsi.o(i.SCSI_ProcessRead)
    SCSI_ProcessRead                         0x080022b9   Thumb Code   150  usbd_msc_scsi.o(i.SCSI_ProcessRead)
    i.SCSI_ProcessWrite                      0x0800234e   Section        0  usbd_msc_scsi.o(i.SCSI_ProcessWrite)
    SCSI_ProcessWrite                        0x0800234f   Thumb Code   164  usbd_msc_scsi.o(i.SCSI_ProcessWrite)
    i.SCSI_Read10                            0x080023f2   Section        0  usbd_msc_scsi.o(i.SCSI_Read10)
    SCSI_Read10                              0x080023f3   Thumb Code   156  usbd_msc_scsi.o(i.SCSI_Read10)
    i.SCSI_ReadCapacity10                    0x0800248e   Section        0  usbd_msc_scsi.o(i.SCSI_ReadCapacity10)
    SCSI_ReadCapacity10                      0x0800248f   Thumb Code    86  usbd_msc_scsi.o(i.SCSI_ReadCapacity10)
    i.SCSI_ReadFormatCapacity                0x080024e4   Section        0  usbd_msc_scsi.o(i.SCSI_ReadFormatCapacity)
    SCSI_ReadFormatCapacity                  0x080024e5   Thumb Code   110  usbd_msc_scsi.o(i.SCSI_ReadFormatCapacity)
    i.SCSI_SenseCode                         0x08002552   Section        0  usbd_msc_scsi.o(i.SCSI_SenseCode)
    i.SCSI_Write10                           0x08002586   Section        0  usbd_msc_scsi.o(i.SCSI_Write10)
    SCSI_Write10                             0x08002587   Thumb Code   190  usbd_msc_scsi.o(i.SCSI_Write10)
    i.SD_GetCIDRegister                      0x08002644   Section        0  sddriver.o(i.SD_GetCIDRegister)
    i.SD_GetCSDRegister                      0x08002744   Section        0  sddriver.o(i.SD_GetCSDRegister)
    i.SD_GetCardInfo                         0x08002910   Section        0  sddriver.o(i.SD_GetCardInfo)
    i.SD_GetCardType                         0x0800298c   Section        0  sddriver.o(i.SD_GetCardType)
    i.SD_GetDataResponse                     0x08002ab8   Section        0  sddriver.o(i.SD_GetDataResponse)
    i.SD_GetResponse                         0x08002aea   Section        0  sddriver.o(i.SD_GetResponse)
    i.SD_GoIdleState                         0x08002b10   Section        0  sddriver.o(i.SD_GoIdleState)
    i.SD_Init                                0x08002b44   Section        0  sddriver.o(i.SD_Init)
    i.SD_ReadByte                            0x08002b90   Section        0  sddriver.o(i.SD_ReadByte)
    i.SD_ReadMultiBlocks                     0x08002bb4   Section        0  sddriver.o(i.SD_ReadMultiBlocks)
    i.SD_SendCmd                             0x08002c58   Section        0  sddriver.o(i.SD_SendCmd)
    i.SD_WriteByte                           0x08002c90   Section        0  sddriver.o(i.SD_WriteByte)
    i.SD_WriteMultiBlocks                    0x08002cb0   Section        0  sddriver.o(i.SD_WriteMultiBlocks)
    i.SPI_EndRxTxTransaction                 0x08002d58   Section        0  stm32f1xx_hal_spi.o(i.SPI_EndRxTxTransaction)
    SPI_EndRxTxTransaction                   0x08002d59   Thumb Code    32  stm32f1xx_hal_spi.o(i.SPI_EndRxTxTransaction)
    i.SPI_WaitFlagStateUntilTimeout          0x08002d78   Section        0  stm32f1xx_hal_spi.o(i.SPI_WaitFlagStateUntilTimeout)
    SPI_WaitFlagStateUntilTimeout            0x08002d79   Thumb Code   180  stm32f1xx_hal_spi.o(i.SPI_WaitFlagStateUntilTimeout)
    i.STORAGE_GetCapacity_FS                 0x08002e30   Section        0  usbd_storage_if.o(i.STORAGE_GetCapacity_FS)
    STORAGE_GetCapacity_FS                   0x08002e31   Thumb Code    40  usbd_storage_if.o(i.STORAGE_GetCapacity_FS)
    i.STORAGE_GetMaxLun_FS                   0x08002e58   Section        0  usbd_storage_if.o(i.STORAGE_GetMaxLun_FS)
    STORAGE_GetMaxLun_FS                     0x08002e59   Thumb Code     4  usbd_storage_if.o(i.STORAGE_GetMaxLun_FS)
    i.STORAGE_Init_FS                        0x08002e5c   Section        0  usbd_storage_if.o(i.STORAGE_Init_FS)
    STORAGE_Init_FS                          0x08002e5d   Thumb Code    10  usbd_storage_if.o(i.STORAGE_Init_FS)
    i.STORAGE_IsReady_FS                     0x08002e66   Section        0  usbd_storage_if.o(i.STORAGE_IsReady_FS)
    STORAGE_IsReady_FS                       0x08002e67   Thumb Code     4  usbd_storage_if.o(i.STORAGE_IsReady_FS)
    i.STORAGE_IsWriteProtected_FS            0x08002e6a   Section        0  usbd_storage_if.o(i.STORAGE_IsWriteProtected_FS)
    STORAGE_IsWriteProtected_FS              0x08002e6b   Thumb Code     4  usbd_storage_if.o(i.STORAGE_IsWriteProtected_FS)
    i.STORAGE_Read_FS                        0x08002e6e   Section        0  usbd_storage_if.o(i.STORAGE_Read_FS)
    STORAGE_Read_FS                          0x08002e6f   Thumb Code    24  usbd_storage_if.o(i.STORAGE_Read_FS)
    i.STORAGE_Write_FS                       0x08002e86   Section        0  usbd_storage_if.o(i.STORAGE_Write_FS)
    STORAGE_Write_FS                         0x08002e87   Thumb Code    24  usbd_storage_if.o(i.STORAGE_Write_FS)
    i.SVC_Handler                            0x08002e9e   Section        0  stm32f1xx_it.o(i.SVC_Handler)
    i.SysTick_Handler                        0x08002ea0   Section        0  stm32f1xx_it.o(i.SysTick_Handler)
    i.SystemClock_Config                     0x08002ea4   Section        0  main.o(i.SystemClock_Config)
    i.SystemInit                             0x08002f1a   Section        0  system_stm32f1xx.o(i.SystemInit)
    i.USBD_ClrClassConfig                    0x08002f1c   Section        0  usbd_core.o(i.USBD_ClrClassConfig)
    i.USBD_CtlContinueRx                     0x08002f2a   Section        0  usbd_ioreq.o(i.USBD_CtlContinueRx)
    i.USBD_CtlContinueSendData               0x08002f3a   Section        0  usbd_ioreq.o(i.USBD_CtlContinueSendData)
    i.USBD_CtlError                          0x08002f4a   Section        0  usbd_ctlreq.o(i.USBD_CtlError)
    i.USBD_CtlReceiveStatus                  0x08002f60   Section        0  usbd_ioreq.o(i.USBD_CtlReceiveStatus)
    i.USBD_CtlSendData                       0x08002f76   Section        0  usbd_ioreq.o(i.USBD_CtlSendData)
    i.USBD_CtlSendStatus                     0x08002f90   Section        0  usbd_ioreq.o(i.USBD_CtlSendStatus)
    i.USBD_FS_ConfigStrDescriptor            0x08002fa8   Section        0  usbd_desc.o(i.USBD_FS_ConfigStrDescriptor)
    i.USBD_FS_DeviceDescriptor               0x08002fc8   Section        0  usbd_desc.o(i.USBD_FS_DeviceDescriptor)
    i.USBD_FS_InterfaceStrDescriptor         0x08002fd4   Section        0  usbd_desc.o(i.USBD_FS_InterfaceStrDescriptor)
    i.USBD_FS_LangIDStrDescriptor            0x08002ff8   Section        0  usbd_desc.o(i.USBD_FS_LangIDStrDescriptor)
    i.USBD_FS_ManufacturerStrDescriptor      0x08003004   Section        0  usbd_desc.o(i.USBD_FS_ManufacturerStrDescriptor)
    i.USBD_FS_ProductStrDescriptor           0x0800302c   Section        0  usbd_desc.o(i.USBD_FS_ProductStrDescriptor)
    i.USBD_FS_SerialStrDescriptor            0x08003054   Section        0  usbd_desc.o(i.USBD_FS_SerialStrDescriptor)
    i.USBD_GetDescriptor                     0x0800308c   Section        0  usbd_ctlreq.o(i.USBD_GetDescriptor)
    USBD_GetDescriptor                       0x0800308d   Thumb Code   232  usbd_ctlreq.o(i.USBD_GetDescriptor)
    i.USBD_GetString                         0x08003174   Section        0  usbd_ctlreq.o(i.USBD_GetString)
    i.USBD_Get_USB_Status                    0x080031bc   Section        0  usbd_conf.o(i.USBD_Get_USB_Status)
    USBD_Get_USB_Status                      0x080031bd   Thumb Code    24  usbd_conf.o(i.USBD_Get_USB_Status)
    i.USBD_Init                              0x080031d4   Section        0  usbd_core.o(i.USBD_Init)
    i.USBD_LL_ClearStallEP                   0x080031fe   Section        0  usbd_conf.o(i.USBD_LL_ClearStallEP)
    i.USBD_LL_CloseEP                        0x08003210   Section        0  usbd_conf.o(i.USBD_LL_CloseEP)
    i.USBD_LL_DataInStage                    0x08003222   Section        0  usbd_core.o(i.USBD_LL_DataInStage)
    i.USBD_LL_DataOutStage                   0x080032e8   Section        0  usbd_core.o(i.USBD_LL_DataOutStage)
    i.USBD_LL_FlushEP                        0x0800336a   Section        0  usbd_conf.o(i.USBD_LL_FlushEP)
    i.USBD_LL_GetRxDataSize                  0x0800337c   Section        0  usbd_conf.o(i.USBD_LL_GetRxDataSize)
    i.USBD_LL_Init                           0x08003384   Section        0  usbd_conf.o(i.USBD_LL_Init)
    i.USBD_LL_IsStallEP                      0x080033f4   Section        0  usbd_conf.o(i.USBD_LL_IsStallEP)
    i.USBD_LL_OpenEP                         0x08003414   Section        0  usbd_conf.o(i.USBD_LL_OpenEP)
    i.USBD_LL_PrepareReceive                 0x0800342c   Section        0  usbd_conf.o(i.USBD_LL_PrepareReceive)
    i.USBD_LL_Reset                          0x0800343e   Section        0  usbd_core.o(i.USBD_LL_Reset)
    i.USBD_LL_Resume                         0x0800348e   Section        0  usbd_core.o(i.USBD_LL_Resume)
    i.USBD_LL_SOF                            0x080034a2   Section        0  usbd_core.o(i.USBD_LL_SOF)
    i.USBD_LL_SetSpeed                       0x080034ba   Section        0  usbd_core.o(i.USBD_LL_SetSpeed)
    i.USBD_LL_SetUSBAddress                  0x080034c0   Section        0  usbd_conf.o(i.USBD_LL_SetUSBAddress)
    i.USBD_LL_SetupStage                     0x080034d2   Section        0  usbd_core.o(i.USBD_LL_SetupStage)
    i.USBD_LL_StallEP                        0x0800352c   Section        0  usbd_conf.o(i.USBD_LL_StallEP)
    i.USBD_LL_Start                          0x0800353e   Section        0  usbd_conf.o(i.USBD_LL_Start)
    i.USBD_LL_Suspend                        0x08003550   Section        0  usbd_core.o(i.USBD_LL_Suspend)
    i.USBD_LL_Transmit                       0x08003562   Section        0  usbd_conf.o(i.USBD_LL_Transmit)
    i.USBD_MSC_DataIn                        0x08003574   Section        0  usbd_msc.o(i.USBD_MSC_DataIn)
    i.USBD_MSC_DataOut                       0x0800357e   Section        0  usbd_msc.o(i.USBD_MSC_DataOut)
    i.USBD_MSC_DeInit                        0x08003588   Section        0  usbd_msc.o(i.USBD_MSC_DeInit)
    i.USBD_MSC_GetDeviceQualifierDescriptor  0x080035bc   Section        0  usbd_msc.o(i.USBD_MSC_GetDeviceQualifierDescriptor)
    i.USBD_MSC_GetFSCfgDesc                  0x080035c8   Section        0  usbd_msc.o(i.USBD_MSC_GetFSCfgDesc)
    i.USBD_MSC_GetHSCfgDesc                  0x080035d4   Section        0  usbd_msc.o(i.USBD_MSC_GetHSCfgDesc)
    i.USBD_MSC_GetOtherSpeedCfgDesc          0x080035e0   Section        0  usbd_msc.o(i.USBD_MSC_GetOtherSpeedCfgDesc)
    i.USBD_MSC_Init                          0x080035ec   Section        0  usbd_msc.o(i.USBD_MSC_Init)
    i.USBD_MSC_RegisterStorage               0x08003648   Section        0  usbd_msc.o(i.USBD_MSC_RegisterStorage)
    i.USBD_MSC_Setup                         0x08003652   Section        0  usbd_msc.o(i.USBD_MSC_Setup)
    i.USBD_ParseSetupRequest                 0x08003768   Section        0  usbd_ctlreq.o(i.USBD_ParseSetupRequest)
    i.USBD_RegisterClass                     0x08003790   Section        0  usbd_core.o(i.USBD_RegisterClass)
    i.USBD_SetClassConfig                    0x080037a0   Section        0  usbd_core.o(i.USBD_SetClassConfig)
    i.USBD_SetConfig                         0x080037b8   Section        0  usbd_ctlreq.o(i.USBD_SetConfig)
    USBD_SetConfig                           0x080037b9   Thumb Code   128  usbd_ctlreq.o(i.USBD_SetConfig)
    i.USBD_Start                             0x0800383c   Section        0  usbd_core.o(i.USBD_Start)
    i.USBD_StdDevReq                         0x08003846   Section        0  usbd_ctlreq.o(i.USBD_StdDevReq)
    i.USBD_StdEPReq                          0x08003958   Section        0  usbd_ctlreq.o(i.USBD_StdEPReq)
    i.USBD_StdItfReq                         0x08003aa8   Section        0  usbd_ctlreq.o(i.USBD_StdItfReq)
    i.USBD_static_free                       0x08003af6   Section        0  usbd_conf.o(i.USBD_static_free)
    i.USBD_static_malloc                     0x08003af8   Section        0  usbd_conf.o(i.USBD_static_malloc)
    i.USB_ActivateEndpoint                   0x08003b00   Section        0  stm32f1xx_ll_usb.o(i.USB_ActivateEndpoint)
    i.USB_CoreInit                           0x08003d58   Section        0  stm32f1xx_ll_usb.o(i.USB_CoreInit)
    i.USB_DeactivateEndpoint                 0x08003d5c   Section        0  stm32f1xx_ll_usb.o(i.USB_DeactivateEndpoint)
    i.USB_DevConnect                         0x08003e6a   Section        0  stm32f1xx_ll_usb.o(i.USB_DevConnect)
    i.USB_DevDisconnect                      0x08003e6e   Section        0  stm32f1xx_ll_usb.o(i.USB_DevDisconnect)
    i.USB_DevInit                            0x08003e72   Section        0  stm32f1xx_ll_usb.o(i.USB_DevInit)
    i.USB_DisableGlobalInt                   0x08003e84   Section        0  stm32f1xx_ll_usb.o(i.USB_DisableGlobalInt)
    i.USB_EP0_OutStart                       0x08003e92   Section        0  stm32f1xx_ll_usb.o(i.USB_EP0_OutStart)
    i.USB_EPClearStall                       0x08003e96   Section        0  stm32f1xx_ll_usb.o(i.USB_EPClearStall)
    i.USB_EPSetStall                         0x08003f0e   Section        0  stm32f1xx_ll_usb.o(i.USB_EPSetStall)
    i.USB_EPStartXfer                        0x08003f40   Section        0  stm32f1xx_ll_usb.o(i.USB_EPStartXfer)
    i.USB_EnableGlobalInt                    0x0800454c   Section        0  stm32f1xx_ll_usb.o(i.USB_EnableGlobalInt)
    i.USB_FlushRxFifo                        0x0800455e   Section        0  stm32f1xx_ll_usb.o(i.USB_FlushRxFifo)
    i.USB_FlushTxFifo                        0x08004562   Section        0  stm32f1xx_ll_usb.o(i.USB_FlushTxFifo)
    i.USB_LP_CAN1_RX0_IRQHandler             0x08004568   Section        0  stm32f1xx_it.o(i.USB_LP_CAN1_RX0_IRQHandler)
    i.USB_ReadInterrupts                     0x08004574   Section        0  stm32f1xx_ll_usb.o(i.USB_ReadInterrupts)
    i.USB_ReadPMA                            0x0800457c   Section        0  stm32f1xx_ll_usb.o(i.USB_ReadPMA)
    i.USB_SetCurrentMode                     0x080045a8   Section        0  stm32f1xx_ll_usb.o(i.USB_SetCurrentMode)
    i.USB_SetDevAddress                      0x080045ac   Section        0  stm32f1xx_ll_usb.o(i.USB_SetDevAddress)
    i.USB_WritePMA                           0x080045b8   Section        0  stm32f1xx_ll_usb.o(i.USB_WritePMA)
    i.UsageFault_Handler                     0x080045de   Section        0  stm32f1xx_it.o(i.UsageFault_Handler)
    i.__NVIC_SetPriority                     0x080045e0   Section        0  stm32f1xx_hal_cortex.o(i.__NVIC_SetPriority)
    __NVIC_SetPriority                       0x080045e1   Thumb Code    32  stm32f1xx_hal_cortex.o(i.__NVIC_SetPriority)
    i.main                                   0x08004600   Section        0  main.o(i.main)
    .constdata                               0x08004620   Section       36  usbd_storage_if.o(.constdata)
    .constdata                               0x08004644   Section       16  system_stm32f1xx.o(.constdata)
    .constdata                               0x08004654   Section        7  usbd_msc_data.o(.constdata)
    .constdata                               0x0800465b   Section        8  usbd_msc_data.o(.constdata)
    .constdata                               0x08004663   Section        8  usbd_msc_data.o(.constdata)
    .data                                    0x20000000   Section        1  sddriver.o(.data)
    .data                                    0x20000004   Section       28  usbd_desc.o(.data)
    .data                                    0x20000020   Section       50  usbd_desc.o(.data)
    .data                                    0x20000054   Section       32  usbd_storage_if.o(.data)
    .data                                    0x20000074   Section       12  stm32f1xx_hal.o(.data)
    .data                                    0x20000080   Section        4  system_stm32f1xx.o(.data)
    .data                                    0x20000084   Section        1  usbd_ctlreq.o(.data)
    cfgidx                                   0x20000084   Data           1  usbd_ctlreq.o(.data)
    .data                                    0x20000088   Section       56  usbd_msc.o(.data)
    .data                                    0x200000c0   Section      106  usbd_msc.o(.data)
    .bss                                     0x20000130   Section       88  sddriver.o(.bss)
    .bss                                     0x20000188   Section       88  spi.o(.bss)
    .bss                                     0x200001e0   Section      708  usb_device.o(.bss)
    .bss                                     0x200004a4   Section      512  usbd_desc.o(.bss)
    .bss                                     0x200006a4   Section     1372  usbd_conf.o(.bss)
    mem                                      0x200006a4   Data         624  usbd_conf.o(.bss)
    .bss                                     0x20000c00   Section       96  libspace.o(.bss)
    HEAP                                     0x20000c60   Section      512  startup_stm32f103xb.o(HEAP)
    Heap_Mem                                 0x20000c60   Data         512  startup_stm32f103xb.o(HEAP)
    STACK                                    0x20000e60   Section     5120  startup_stm32f103xb.o(STACK)
    Stack_Mem                                0x20000e60   Data        5120  startup_stm32f103xb.o(STACK)
    __initial_sp                             0x20002260   Data           0  startup_stm32f103xb.o(STACK)

    Global Symbols

    Symbol Name                              Value     Ov Type        Size  Object(Section)

    BuildAttributes$$THM_ISAv4$P$D$K$B$S$PE$A:L22UL41UL21$X:L11$S22US41US21$IEEE1$IW$USESV6$~STKCKD$USESV7$~SHL$OSPACE$ROPI$EBA8$UX$STANDARDLIB$REQ8$PRES8$EABIv2 0x00000000   Number         0  anon$$obj.o ABSOLUTE
    __ARM_use_no_argv                        0x00000000   Number         0  main.o ABSOLUTE
    __ARM_exceptions_init                     - Undefined Weak Reference
    __alloca_initialize                       - Undefined Weak Reference
    __arm_fini_                               - Undefined Weak Reference
    __arm_preinit_                            - Undefined Weak Reference
    __cpp_initialize__aeabi_                  - Undefined Weak Reference
    __cxa_finalize                            - Undefined Weak Reference
    __rt_locale                               - Undefined Weak Reference
    __sigvec_lookup                           - Undefined Weak Reference
    _atexit_init                              - Undefined Weak Reference
    _call_atexit_fns                          - Undefined Weak Reference
    _clock_init                               - Undefined Weak Reference
    _fp_trap_init                             - Undefined Weak Reference
    _fp_trap_shutdown                         - Undefined Weak Reference
    _get_lc_collate                           - Undefined Weak Reference
    _get_lc_ctype                             - Undefined Weak Reference
    _get_lc_monetary                          - Undefined Weak Reference
    _get_lc_numeric                           - Undefined Weak Reference
    _get_lc_time                              - Undefined Weak Reference
    _getenv_init                              - Undefined Weak Reference
    _handle_redirection                       - Undefined Weak Reference
    _init_alloc                               - Undefined Weak Reference
    _init_user_alloc                          - Undefined Weak Reference
    _initio                                   - Undefined Weak Reference
    _rand_init                                - Undefined Weak Reference
    _signal_finish                            - Undefined Weak Reference
    _signal_init                              - Undefined Weak Reference
    _terminate_alloc                          - Undefined Weak Reference
    _terminate_user_alloc                     - Undefined Weak Reference
    _terminateio                              - Undefined Weak Reference
    __Vectors_Size                           0x000000ec   Number         0  startup_stm32f103xb.o ABSOLUTE
    __Vectors                                0x08000000   Data           4  startup_stm32f103xb.o(RESET)
    __Vectors_End                            0x080000ec   Data           0  startup_stm32f103xb.o(RESET)
    __main                                   0x080000ed   Thumb Code     8  __main.o(!!!main)
    __scatterload                            0x080000f5   Thumb Code     0  __scatter.o(!!!scatter)
    __scatterload_rt2                        0x080000f5   Thumb Code    44  __scatter.o(!!!scatter)
    __scatterload_rt2_thumb_only             0x080000f5   Thumb Code     0  __scatter.o(!!!scatter)
    __scatterload_null                       0x08000103   Thumb Code     0  __scatter.o(!!!scatter)
    __decompress                             0x08000129   Thumb Code    90  __dczerorl2.o(!!dczerorl2)
    __decompress1                            0x08000129   Thumb Code     0  __dczerorl2.o(!!dczerorl2)
    __scatterload_zeroinit                   0x08000185   Thumb Code    28  __scatter_zi.o(!!handler_zi)
    __rt_lib_init                            0x080001a1   Thumb Code     0  libinit.o(.ARM.Collect$$libinit$$00000000)
    __rt_lib_init_alloca_1                   0x080001a3   Thumb Code     0  libinit2.o(.ARM.Collect$$libinit$$0000002E)
    __rt_lib_init_argv_1                     0x080001a3   Thumb Code     0  libinit2.o(.ARM.Collect$$libinit$$0000002C)
    __rt_lib_init_atexit_1                   0x080001a3   Thumb Code     0  libinit2.o(.ARM.Collect$$libinit$$0000001B)
    __rt_lib_init_clock_1                    0x080001a3   Thumb Code     0  libinit2.o(.ARM.Collect$$libinit$$00000021)
    __rt_lib_init_cpp_1                      0x080001a3   Thumb Code     0  libinit2.o(.ARM.Collect$$libinit$$00000032)
    __rt_lib_init_exceptions_1               0x080001a3   Thumb Code     0  libinit2.o(.ARM.Collect$$libinit$$00000030)
    __rt_lib_init_fp_1                       0x080001a3   Thumb Code     0  libinit2.o(.ARM.Collect$$libinit$$00000002)
    __rt_lib_init_fp_trap_1                  0x080001a3   Thumb Code     0  libinit2.o(.ARM.Collect$$libinit$$0000001F)
    __rt_lib_init_getenv_1                   0x080001a3   Thumb Code     0  libinit2.o(.ARM.Collect$$libinit$$00000023)
    __rt_lib_init_heap_1                     0x080001a3   Thumb Code     0  libinit2.o(.ARM.Collect$$libinit$$0000000A)
    __rt_lib_init_lc_collate_1               0x080001a3   Thumb Code     0  libinit2.o(.ARM.Collect$$libinit$$00000011)
    __rt_lib_init_lc_ctype_1                 0x080001a3   Thumb Code     0  libinit2.o(.ARM.Collect$$libinit$$00000013)
    __rt_lib_init_lc_monetary_1              0x080001a3   Thumb Code     0  libinit2.o(.ARM.Collect$$libinit$$00000015)
    __rt_lib_init_lc_numeric_1               0x080001a3   Thumb Code     0  libinit2.o(.ARM.Collect$$libinit$$00000017)
    __rt_lib_init_lc_time_1                  0x080001a3   Thumb Code     0  libinit2.o(.ARM.Collect$$libinit$$00000019)
    __rt_lib_init_preinit_1                  0x080001a3   Thumb Code     0  libinit2.o(.ARM.Collect$$libinit$$00000004)
    __rt_lib_init_rand_1                     0x080001a3   Thumb Code     0  libinit2.o(.ARM.Collect$$libinit$$0000000E)
    __rt_lib_init_return                     0x080001a3   Thumb Code     0  libinit2.o(.ARM.Collect$$libinit$$00000033)
    __rt_lib_init_signal_1                   0x080001a3   Thumb Code     0  libinit2.o(.ARM.Collect$$libinit$$0000001D)
    __rt_lib_init_stdio_1                    0x080001a3   Thumb Code     0  libinit2.o(.ARM.Collect$$libinit$$00000025)
    __rt_lib_init_user_alloc_1               0x080001a3   Thumb Code     0  libinit2.o(.ARM.Collect$$libinit$$0000000C)
    __rt_lib_shutdown                        0x080001a5   Thumb Code     0  libshutdown.o(.ARM.Collect$$libshutdown$$00000000)
    __rt_lib_shutdown_cpp_1                  0x080001a7   Thumb Code     0  libshutdown2.o(.ARM.Collect$$libshutdown$$00000004)
    __rt_lib_shutdown_fini_1                 0x080001a7   Thumb Code     0  libshutdown2.o(.ARM.Collect$$libshutdown$$00000002)
    __rt_lib_shutdown_fp_trap_1              0x080001a7   Thumb Code     0  libshutdown2.o(.ARM.Collect$$libshutdown$$00000009)
    __rt_lib_shutdown_heap_1                 0x080001a7   Thumb Code     0  libshutdown2.o(.ARM.Collect$$libshutdown$$00000011)
    __rt_lib_shutdown_return                 0x080001a7   Thumb Code     0  libshutdown2.o(.ARM.Collect$$libshutdown$$00000012)
    __rt_lib_shutdown_signal_1               0x080001a7   Thumb Code     0  libshutdown2.o(.ARM.Collect$$libshutdown$$0000000C)
    __rt_lib_shutdown_stdio_1                0x080001a7   Thumb Code     0  libshutdown2.o(.ARM.Collect$$libshutdown$$00000006)
    __rt_lib_shutdown_user_alloc_1           0x080001a7   Thumb Code     0  libshutdown2.o(.ARM.Collect$$libshutdown$$0000000E)
    __rt_entry                               0x080001a9   Thumb Code     0  __rtentry.o(.ARM.Collect$$rtentry$$00000000)
    __rt_entry_presh_1                       0x080001a9   Thumb Code     0  __rtentry2.o(.ARM.Collect$$rtentry$$00000002)
    __rt_entry_sh                            0x080001a9   Thumb Code     0  __rtentry4.o(.ARM.Collect$$rtentry$$00000004)
    __rt_entry_li                            0x080001af   Thumb Code     0  __rtentry2.o(.ARM.Collect$$rtentry$$0000000A)
    __rt_entry_postsh_1                      0x080001af   Thumb Code     0  __rtentry2.o(.ARM.Collect$$rtentry$$00000009)
    __rt_entry_main                          0x080001b3   Thumb Code     0  __rtentry2.o(.ARM.Collect$$rtentry$$0000000D)
    __rt_entry_postli_1                      0x080001b3   Thumb Code     0  __rtentry2.o(.ARM.Collect$$rtentry$$0000000C)
    __rt_exit                                0x080001bb   Thumb Code     0  rtexit.o(.ARM.Collect$$rtexit$$00000000)
    __rt_exit_ls                             0x080001bd   Thumb Code     0  rtexit2.o(.ARM.Collect$$rtexit$$00000003)
    __rt_exit_prels_1                        0x080001bd   Thumb Code     0  rtexit2.o(.ARM.Collect$$rtexit$$00000002)
    __rt_exit_exit                           0x080001c1   Thumb Code     0  rtexit2.o(.ARM.Collect$$rtexit$$00000004)
    Reset_Handler                            0x080001c9   Thumb Code     8  startup_stm32f103xb.o(.text)
    ADC1_2_IRQHandler                        0x080001e3   Thumb Code     0  startup_stm32f103xb.o(.text)
    CAN1_RX1_IRQHandler                      0x080001e3   Thumb Code     0  startup_stm32f103xb.o(.text)
    CAN1_SCE_IRQHandler                      0x080001e3   Thumb Code     0  startup_stm32f103xb.o(.text)
    DMA1_Channel1_IRQHandler                 0x080001e3   Thumb Code     0  startup_stm32f103xb.o(.text)
    DMA1_Channel2_IRQHandler                 0x080001e3   Thumb Code     0  startup_stm32f103xb.o(.text)
    DMA1_Channel3_IRQHandler                 0x080001e3   Thumb Code     0  startup_stm32f103xb.o(.text)
    DMA1_Channel4_IRQHandler                 0x080001e3   Thumb Code     0  startup_stm32f103xb.o(.text)
    DMA1_Channel5_IRQHandler                 0x080001e3   Thumb Code     0  startup_stm32f103xb.o(.text)
    DMA1_Channel6_IRQHandler                 0x080001e3   Thumb Code     0  startup_stm32f103xb.o(.text)
    DMA1_Channel7_IRQHandler                 0x080001e3   Thumb Code     0  startup_stm32f103xb.o(.text)
    EXTI0_IRQHandler                         0x080001e3   Thumb Code     0  startup_stm32f103xb.o(.text)
    EXTI15_10_IRQHandler                     0x080001e3   Thumb Code     0  startup_stm32f103xb.o(.text)
    EXTI1_IRQHandler                         0x080001e3   Thumb Code     0  startup_stm32f103xb.o(.text)
    EXTI2_IRQHandler                         0x080001e3   Thumb Code     0  startup_stm32f103xb.o(.text)
    EXTI3_IRQHandler                         0x080001e3   Thumb Code     0  startup_stm32f103xb.o(.text)
    EXTI4_IRQHandler                         0x080001e3   Thumb Code     0  startup_stm32f103xb.o(.text)
    EXTI9_5_IRQHandler                       0x080001e3   Thumb Code     0  startup_stm32f103xb.o(.text)
    FLASH_IRQHandler                         0x080001e3   Thumb Code     0  startup_stm32f103xb.o(.text)
    I2C1_ER_IRQHandler                       0x080001e3   Thumb Code     0  startup_stm32f103xb.o(.text)
    I2C1_EV_IRQHandler                       0x080001e3   Thumb Code     0  startup_stm32f103xb.o(.text)
    I2C2_ER_IRQHandler                       0x080001e3   Thumb Code     0  startup_stm32f103xb.o(.text)
    I2C2_EV_IRQHandler                       0x080001e3   Thumb Code     0  startup_stm32f103xb.o(.text)
    PVD_IRQHandler                           0x080001e3   Thumb Code     0  startup_stm32f103xb.o(.text)
    RCC_IRQHandler                           0x080001e3   Thumb Code     0  startup_stm32f103xb.o(.text)
    RTC_Alarm_IRQHandler                     0x080001e3   Thumb Code     0  startup_stm32f103xb.o(.text)
    RTC_IRQHandler                           0x080001e3   Thumb Code     0  startup_stm32f103xb.o(.text)
    SPI1_IRQHandler                          0x080001e3   Thumb Code     0  startup_stm32f103xb.o(.text)
    SPI2_IRQHandler                          0x080001e3   Thumb Code     0  startup_stm32f103xb.o(.text)
    TAMPER_IRQHandler                        0x080001e3   Thumb Code     0  startup_stm32f103xb.o(.text)
    TIM1_BRK_IRQHandler                      0x080001e3   Thumb Code     0  startup_stm32f103xb.o(.text)
    TIM1_CC_IRQHandler                       0x080001e3   Thumb Code     0  startup_stm32f103xb.o(.text)
    TIM1_TRG_COM_IRQHandler                  0x080001e3   Thumb Code     0  startup_stm32f103xb.o(.text)
    TIM1_UP_IRQHandler                       0x080001e3   Thumb Code     0  startup_stm32f103xb.o(.text)
    TIM2_IRQHandler                          0x080001e3   Thumb Code     0  startup_stm32f103xb.o(.text)
    TIM3_IRQHandler                          0x080001e3   Thumb Code     0  startup_stm32f103xb.o(.text)
    TIM4_IRQHandler                          0x080001e3   Thumb Code     0  startup_stm32f103xb.o(.text)
    USART1_IRQHandler                        0x080001e3   Thumb Code     0  startup_stm32f103xb.o(.text)
    USART2_IRQHandler                        0x080001e3   Thumb Code     0  startup_stm32f103xb.o(.text)
    USART3_IRQHandler                        0x080001e3   Thumb Code     0  startup_stm32f103xb.o(.text)
    USBWakeUp_IRQHandler                     0x080001e3   Thumb Code     0  startup_stm32f103xb.o(.text)
    USB_HP_CAN1_TX_IRQHandler                0x080001e3   Thumb Code     0  startup_stm32f103xb.o(.text)
    WWDG_IRQHandler                          0x080001e3   Thumb Code     0  startup_stm32f103xb.o(.text)
    __user_initial_stackheap                 0x080001e5   Thumb Code     0  startup_stm32f103xb.o(.text)
    __aeabi_uldivmod                         0x08000209   Thumb Code     0  lludivv7m.o(.text)
    _ll_udiv                                 0x08000209   Thumb Code   238  lludivv7m.o(.text)
    __aeabi_memcpy4                          0x080002f7   Thumb Code     0  rt_memcpy_w.o(.text)
    __aeabi_memcpy8                          0x080002f7   Thumb Code     0  rt_memcpy_w.o(.text)
    __rt_memcpy_w                            0x080002f7   Thumb Code   100  rt_memcpy_w.o(.text)
    _memcpy_lastbytes_aligned                0x0800033f   Thumb Code     0  rt_memcpy_w.o(.text)
    __aeabi_memclr4                          0x0800035b   Thumb Code     0  rt_memclr_w.o(.text)
    __aeabi_memclr8                          0x0800035b   Thumb Code     0  rt_memclr_w.o(.text)
    __rt_memclr_w                            0x0800035b   Thumb Code    78  rt_memclr_w.o(.text)
    _memset_w                                0x0800035f   Thumb Code     0  rt_memclr_w.o(.text)
    __use_two_region_memory                  0x080003a9   Thumb Code     2  heapauxi.o(.text)
    __rt_heap_escrow$2region                 0x080003ab   Thumb Code     2  heapauxi.o(.text)
    __rt_heap_expand$2region                 0x080003ad   Thumb Code     2  heapauxi.o(.text)
    __user_setup_stackheap                   0x080003af   Thumb Code    74  sys_stackheap_outer.o(.text)
    exit                                     0x080003f9   Thumb Code    18  exit.o(.text)
    __user_libspace                          0x0800040d   Thumb Code     8  libspace.o(.text)
    __user_perproc_libspace                  0x0800040d   Thumb Code     0  libspace.o(.text)
    __user_perthread_libspace                0x0800040d   Thumb Code     0  libspace.o(.text)
    _sys_exit                                0x08000415   Thumb Code     8  sys_exit.o(.text)
    __I$use$semihosting                      0x08000421   Thumb Code     0  use_no_semi.o(.text)
    __use_no_semihosting_swi                 0x08000421   Thumb Code     2  use_no_semi.o(.text)
    BusFault_Handler                         0x08000423   Thumb Code     2  stm32f1xx_it.o(i.BusFault_Handler)
    __semihosting_library_function           0x08000423   Thumb Code     0  indicate_semi.o(.text)
    DebugMon_Handler                         0x08000425   Thumb Code     2  stm32f1xx_it.o(i.DebugMon_Handler)
    Error_Handler                            0x08000427   Thumb Code     4  main.o(i.Error_Handler)
    HAL_Delay                                0x0800042d   Thumb Code    32  stm32f1xx_hal.o(i.HAL_Delay)
    HAL_GPIO_Init                            0x08000451   Thumb Code   446  stm32f1xx_hal_gpio.o(i.HAL_GPIO_Init)
    HAL_GPIO_WritePin                        0x08000631   Thumb Code    10  stm32f1xx_hal_gpio.o(i.HAL_GPIO_WritePin)
    HAL_GetTick                              0x0800063d   Thumb Code     6  stm32f1xx_hal.o(i.HAL_GetTick)
    HAL_IncTick                              0x08000649   Thumb Code    12  stm32f1xx_hal.o(i.HAL_IncTick)
    HAL_Init                                 0x08000659   Thumb Code    32  stm32f1xx_hal.o(i.HAL_Init)
    HAL_InitTick                             0x0800067d   Thumb Code    54  stm32f1xx_hal.o(i.HAL_InitTick)
    HAL_MspInit                              0x080006bd   Thumb Code    52  stm32f1xx_hal_msp.o(i.HAL_MspInit)
    HAL_NVIC_EnableIRQ                       0x080006f9   Thumb Code    26  stm32f1xx_hal_cortex.o(i.HAL_NVIC_EnableIRQ)
    HAL_NVIC_SetPriority                     0x08000715   Thumb Code    60  stm32f1xx_hal_cortex.o(i.HAL_NVIC_SetPriority)
    HAL_NVIC_SetPriorityGrouping             0x08000755   Thumb Code    26  stm32f1xx_hal_cortex.o(i.HAL_NVIC_SetPriorityGrouping)
    HAL_PCDEx_PMAConfig                      0x08000779   Thumb Code    60  stm32f1xx_hal_pcd_ex.o(i.HAL_PCDEx_PMAConfig)
    HAL_PCDEx_SetConnectionState             0x080007b5   Thumb Code     2  usbd_conf.o(i.HAL_PCDEx_SetConnectionState)
    HAL_PCD_DataInStageCallback              0x080007b7   Thumb Code    18  usbd_conf.o(i.HAL_PCD_DataInStageCallback)
    HAL_PCD_DataOutStageCallback             0x080007c9   Thumb Code    20  usbd_conf.o(i.HAL_PCD_DataOutStageCallback)
    HAL_PCD_EP_Close                         0x080007dd   Thumb Code    76  stm32f1xx_hal_pcd.o(i.HAL_PCD_EP_Close)
    HAL_PCD_EP_ClrStall                      0x08000829   Thumb Code    92  stm32f1xx_hal_pcd.o(i.HAL_PCD_EP_ClrStall)
    HAL_PCD_EP_Flush                         0x08000c9b   Thumb Code    52  stm32f1xx_hal_pcd.o(i.HAL_PCD_EP_Flush)
    HAL_PCD_EP_GetRxCount                    0x08000ccf   Thumb Code    18  stm32f1xx_hal_pcd.o(i.HAL_PCD_EP_GetRxCount)
    HAL_PCD_EP_Open                          0x08000ce1   Thumb Code    96  stm32f1xx_hal_pcd.o(i.HAL_PCD_EP_Open)
    HAL_PCD_EP_Receive                       0x08000d41   Thumb Code    50  stm32f1xx_hal_pcd.o(i.HAL_PCD_EP_Receive)
    HAL_PCD_EP_SetStall                      0x08000d73   Thumb Code   114  stm32f1xx_hal_pcd.o(i.HAL_PCD_EP_SetStall)
    HAL_PCD_EP_Transmit                      0x08000de5   Thumb Code    52  stm32f1xx_hal_pcd.o(i.HAL_PCD_EP_Transmit)
    HAL_PCD_IRQHandler                       0x08000e19   Thumb Code   340  stm32f1xx_hal_pcd.o(i.HAL_PCD_IRQHandler)
    HAL_PCD_Init                             0x08000f6d   Thumb Code   218  stm32f1xx_hal_pcd.o(i.HAL_PCD_Init)
    HAL_PCD_MspInit                          0x08001049   Thumb Code    50  usbd_conf.o(i.HAL_PCD_MspInit)
    HAL_PCD_ResetCallback                    0x08001085   Thumb Code    38  usbd_conf.o(i.HAL_PCD_ResetCallback)
    HAL_PCD_ResumeCallback                   0x080010ab   Thumb Code     8  usbd_conf.o(i.HAL_PCD_ResumeCallback)
    HAL_PCD_SOFCallback                      0x080010b3   Thumb Code     8  usbd_conf.o(i.HAL_PCD_SOFCallback)
    HAL_PCD_SetAddress                       0x080010bb   Thumb Code    40  stm32f1xx_hal_pcd.o(i.HAL_PCD_SetAddress)
    HAL_PCD_SetupStageCallback               0x080010e3   Thumb Code    14  usbd_conf.o(i.HAL_PCD_SetupStageCallback)
    HAL_PCD_Start                            0x080010f1   Thumb Code    50  stm32f1xx_hal_pcd.o(i.HAL_PCD_Start)
    HAL_PCD_SuspendCallback                  0x08001125   Thumb Code    30  usbd_conf.o(i.HAL_PCD_SuspendCallback)
    HAL_RCCEx_PeriphCLKConfig                0x08001149   Thumb Code   224  stm32f1xx_hal_rcc_ex.o(i.HAL_RCCEx_PeriphCLKConfig)
    HAL_RCC_ClockConfig                      0x08001235   Thumb Code   280  stm32f1xx_hal_rcc.o(i.HAL_RCC_ClockConfig)
    HAL_RCC_GetSysClockFreq                  0x08001361   Thumb Code    74  stm32f1xx_hal_rcc.o(i.HAL_RCC_GetSysClockFreq)
    HAL_RCC_OscConfig                        0x080013cd   Thumb Code   778  stm32f1xx_hal_rcc.o(i.HAL_RCC_OscConfig)
    HAL_SPI_Init                             0x080016ed   Thumb Code   178  stm32f1xx_hal_spi.o(i.HAL_SPI_Init)
    HAL_SPI_MspInit                          0x080017a1   Thumb Code    98  spi.o(i.HAL_SPI_MspInit)
    HAL_SPI_TransmitReceive                  0x08001811   Thumb Code   482  stm32f1xx_hal_spi.o(i.HAL_SPI_TransmitReceive)
    HAL_SYSTICK_Config                       0x080019f3   Thumb Code    40  stm32f1xx_hal_cortex.o(i.HAL_SYSTICK_Config)
    HardFault_Handler                        0x08001a1b   Thumb Code     2  stm32f1xx_it.o(i.HardFault_Handler)
    MSC_BOT_CplClrFeature                    0x08001b65   Thumb Code    42  usbd_msc_bot.o(i.MSC_BOT_CplClrFeature)
    MSC_BOT_DataIn                           0x08001b8f   Thumb Code    58  usbd_msc_bot.o(i.MSC_BOT_DataIn)
    MSC_BOT_DataOut                          0x08001bc9   Thumb Code    58  usbd_msc_bot.o(i.MSC_BOT_DataOut)
    MSC_BOT_DeInit                           0x08001c03   Thumb Code    10  usbd_msc_bot.o(i.MSC_BOT_DeInit)
    MSC_BOT_Init                             0x08001c0d   Thumb Code    66  usbd_msc_bot.o(i.MSC_BOT_Init)
    MSC_BOT_Reset                            0x08001c4f   Thumb Code    22  usbd_msc_bot.o(i.MSC_BOT_Reset)
    MSC_BOT_SendCSW                          0x08001c65   Thumb Code    54  usbd_msc_bot.o(i.MSC_BOT_SendCSW)
    MX_GPIO_Init                             0x08001ca1   Thumb Code   102  gpio.o(i.MX_GPIO_Init)
    MX_SPI1_Init                             0x08001d11   Thumb Code    64  spi.o(i.MX_SPI1_Init)
    MX_USB_DEVICE_Init                       0x08001d59   Thumb Code    66  usb_device.o(i.MX_USB_DEVICE_Init)
    MemManage_Handler                        0x08001dad   Thumb Code     2  stm32f1xx_it.o(i.MemManage_Handler)
    NMI_Handler                              0x08001daf   Thumb Code     2  stm32f1xx_it.o(i.NMI_Handler)
    PendSV_Handler                           0x080020c5   Thumb Code     2  stm32f1xx_it.o(i.PendSV_Handler)
    SCSI_ProcessCmd                          0x080020e9   Thumb Code   452  usbd_msc_scsi.o(i.SCSI_ProcessCmd)
    SCSI_SenseCode                           0x08002553   Thumb Code    52  usbd_msc_scsi.o(i.SCSI_SenseCode)
    SD_GetCIDRegister                        0x08002645   Thumb Code   252  sddriver.o(i.SD_GetCIDRegister)
    SD_GetCSDRegister                        0x08002745   Thumb Code   450  sddriver.o(i.SD_GetCSDRegister)
    SD_GetCardInfo                           0x08002911   Thumb Code   120  sddriver.o(i.SD_GetCardInfo)
    SD_GetCardType                           0x0800298d   Thumb Code   290  sddriver.o(i.SD_GetCardType)
    SD_GetDataResponse                       0x08002ab9   Thumb Code    50  sddriver.o(i.SD_GetDataResponse)
    SD_GetResponse                           0x08002aeb   Thumb Code    36  sddriver.o(i.SD_GetResponse)
    SD_GoIdleState                           0x08002b11   Thumb Code    46  sddriver.o(i.SD_GoIdleState)
    SD_Init                                  0x08002b45   Thumb Code    62  sddriver.o(i.SD_Init)
    SD_ReadByte                              0x08002b91   Thumb Code    30  sddriver.o(i.SD_ReadByte)
    SD_ReadMultiBlocks                       0x08002bb5   Thumb Code   154  sddriver.o(i.SD_ReadMultiBlocks)
    SD_SendCmd                               0x08002c59   Thumb Code    54  sddriver.o(i.SD_SendCmd)
    SD_WriteByte                             0x08002c91   Thumb Code    26  sddriver.o(i.SD_WriteByte)
    SD_WriteMultiBlocks                      0x08002cb1   Thumb Code   158  sddriver.o(i.SD_WriteMultiBlocks)
    SVC_Handler                              0x08002e9f   Thumb Code     2  stm32f1xx_it.o(i.SVC_Handler)
    SysTick_Handler                          0x08002ea1   Thumb Code     4  stm32f1xx_it.o(i.SysTick_Handler)
    SystemClock_Config                       0x08002ea5   Thumb Code   118  main.o(i.SystemClock_Config)
    SystemInit                               0x08002f1b   Thumb Code     2  system_stm32f1xx.o(i.SystemInit)
    USBD_ClrClassConfig                      0x08002f1d   Thumb Code    14  usbd_core.o(i.USBD_ClrClassConfig)
    USBD_CtlContinueRx                       0x08002f2b   Thumb Code    16  usbd_ioreq.o(i.USBD_CtlContinueRx)
    USBD_CtlContinueSendData                 0x08002f3b   Thumb Code    16  usbd_ioreq.o(i.USBD_CtlContinueSendData)
    USBD_CtlError                            0x08002f4b   Thumb Code    22  usbd_ctlreq.o(i.USBD_CtlError)
    USBD_CtlReceiveStatus                    0x08002f61   Thumb Code    22  usbd_ioreq.o(i.USBD_CtlReceiveStatus)
    USBD_CtlSendData                         0x08002f77   Thumb Code    26  usbd_ioreq.o(i.USBD_CtlSendData)
    USBD_CtlSendStatus                       0x08002f91   Thumb Code    22  usbd_ioreq.o(i.USBD_CtlSendStatus)
    USBD_FS_ConfigStrDescriptor              0x08002fa9   Thumb Code    16  usbd_desc.o(i.USBD_FS_ConfigStrDescriptor)
    USBD_FS_DeviceDescriptor                 0x08002fc9   Thumb Code     8  usbd_desc.o(i.USBD_FS_DeviceDescriptor)
    USBD_FS_InterfaceStrDescriptor           0x08002fd5   Thumb Code    16  usbd_desc.o(i.USBD_FS_InterfaceStrDescriptor)
    USBD_FS_LangIDStrDescriptor              0x08002ff9   Thumb Code     8  usbd_desc.o(i.USBD_FS_LangIDStrDescriptor)
    USBD_FS_ManufacturerStrDescriptor        0x08003005   Thumb Code    16  usbd_desc.o(i.USBD_FS_ManufacturerStrDescriptor)
    USBD_FS_ProductStrDescriptor             0x0800302d   Thumb Code    16  usbd_desc.o(i.USBD_FS_ProductStrDescriptor)
    USBD_FS_SerialStrDescriptor              0x08003055   Thumb Code    48  usbd_desc.o(i.USBD_FS_SerialStrDescriptor)
    USBD_GetString                           0x08003175   Thumb Code    72  usbd_ctlreq.o(i.USBD_GetString)
    USBD_Init                                0x080031d5   Thumb Code    42  usbd_core.o(i.USBD_Init)
    USBD_LL_ClearStallEP                     0x080031ff   Thumb Code    18  usbd_conf.o(i.USBD_LL_ClearStallEP)
    USBD_LL_CloseEP                          0x08003211   Thumb Code    18  usbd_conf.o(i.USBD_LL_CloseEP)
    USBD_LL_DataInStage                      0x08003223   Thumb Code   198  usbd_core.o(i.USBD_LL_DataInStage)
    USBD_LL_DataOutStage                     0x080032e9   Thumb Code   130  usbd_core.o(i.USBD_LL_DataOutStage)
    USBD_LL_FlushEP                          0x0800336b   Thumb Code    18  usbd_conf.o(i.USBD_LL_FlushEP)
    USBD_LL_GetRxDataSize                    0x0800337d   Thumb Code     8  usbd_conf.o(i.USBD_LL_GetRxDataSize)
    USBD_LL_Init                             0x08003385   Thumb Code   104  usbd_conf.o(i.USBD_LL_Init)
    USBD_LL_IsStallEP                        0x080033f5   Thumb Code    32  usbd_conf.o(i.USBD_LL_IsStallEP)
    USBD_LL_OpenEP                           0x08003415   Thumb Code    24  usbd_conf.o(i.USBD_LL_OpenEP)
    USBD_LL_PrepareReceive                   0x0800342d   Thumb Code    18  usbd_conf.o(i.USBD_LL_PrepareReceive)
    USBD_LL_Reset                            0x0800343f   Thumb Code    80  usbd_core.o(i.USBD_LL_Reset)
    USBD_LL_Resume                           0x0800348f   Thumb Code    20  usbd_core.o(i.USBD_LL_Resume)
    USBD_LL_SOF                              0x080034a3   Thumb Code    24  usbd_core.o(i.USBD_LL_SOF)
    USBD_LL_SetSpeed                         0x080034bb   Thumb Code     6  usbd_core.o(i.USBD_LL_SetSpeed)
    USBD_LL_SetUSBAddress                    0x080034c1   Thumb Code    18  usbd_conf.o(i.USBD_LL_SetUSBAddress)
    USBD_LL_SetupStage                       0x080034d3   Thumb Code    90  usbd_core.o(i.USBD_LL_SetupStage)
    USBD_LL_StallEP                          0x0800352d   Thumb Code    18  usbd_conf.o(i.USBD_LL_StallEP)
    USBD_LL_Start                            0x0800353f   Thumb Code    18  usbd_conf.o(i.USBD_LL_Start)
    USBD_LL_Suspend                          0x08003551   Thumb Code    18  usbd_core.o(i.USBD_LL_Suspend)
    USBD_LL_Transmit                         0x08003563   Thumb Code    18  usbd_conf.o(i.USBD_LL_Transmit)
    USBD_MSC_DataIn                          0x08003575   Thumb Code    10  usbd_msc.o(i.USBD_MSC_DataIn)
    USBD_MSC_DataOut                         0x0800357f   Thumb Code    10  usbd_msc.o(i.USBD_MSC_DataOut)
    USBD_MSC_DeInit                          0x08003589   Thumb Code    50  usbd_msc.o(i.USBD_MSC_DeInit)
    USBD_MSC_GetDeviceQualifierDescriptor    0x080035bd   Thumb Code     8  usbd_msc.o(i.USBD_MSC_GetDeviceQualifierDescriptor)
    USBD_MSC_GetFSCfgDesc                    0x080035c9   Thumb Code     8  usbd_msc.o(i.USBD_MSC_GetFSCfgDesc)
    USBD_MSC_GetHSCfgDesc                    0x080035d5   Thumb Code     8  usbd_msc.o(i.USBD_MSC_GetHSCfgDesc)
    USBD_MSC_GetOtherSpeedCfgDesc            0x080035e1   Thumb Code     8  usbd_msc.o(i.USBD_MSC_GetOtherSpeedCfgDesc)
    USBD_MSC_Init                            0x080035ed   Thumb Code    92  usbd_msc.o(i.USBD_MSC_Init)
    USBD_MSC_RegisterStorage                 0x08003649   Thumb Code    10  usbd_msc.o(i.USBD_MSC_RegisterStorage)
    USBD_MSC_Setup                           0x08003653   Thumb Code   278  usbd_msc.o(i.USBD_MSC_Setup)
    USBD_ParseSetupRequest                   0x08003769   Thumb Code    40  usbd_ctlreq.o(i.USBD_ParseSetupRequest)
    USBD_RegisterClass                       0x08003791   Thumb Code    16  usbd_core.o(i.USBD_RegisterClass)
    USBD_SetClassConfig                      0x080037a1   Thumb Code    22  usbd_core.o(i.USBD_SetClassConfig)
    USBD_Start                               0x0800383d   Thumb Code    10  usbd_core.o(i.USBD_Start)
    USBD_StdDevReq                           0x08003847   Thumb Code   274  usbd_ctlreq.o(i.USBD_StdDevReq)
    USBD_StdEPReq                            0x08003959   Thumb Code   336  usbd_ctlreq.o(i.USBD_StdEPReq)
    USBD_StdItfReq                           0x08003aa9   Thumb Code    78  usbd_ctlreq.o(i.USBD_StdItfReq)
    USBD_static_free                         0x08003af7   Thumb Code     2  usbd_conf.o(i.USBD_static_free)
    USBD_static_malloc                       0x08003af9   Thumb Code     4  usbd_conf.o(i.USBD_static_malloc)
    USB_ActivateEndpoint                     0x08003b01   Thumb Code   600  stm32f1xx_ll_usb.o(i.USB_ActivateEndpoint)
    USB_CoreInit                             0x08003d59   Thumb Code     4  stm32f1xx_ll_usb.o(i.USB_CoreInit)
    USB_DeactivateEndpoint                   0x08003d5d   Thumb Code   270  stm32f1xx_ll_usb.o(i.USB_DeactivateEndpoint)
    USB_DevConnect                           0x08003e6b   Thumb Code     4  stm32f1xx_ll_usb.o(i.USB_DevConnect)
    USB_DevDisconnect                        0x08003e6f   Thumb Code     4  stm32f1xx_ll_usb.o(i.USB_DevDisconnect)
    USB_DevInit                              0x08003e73   Thumb Code    18  stm32f1xx_ll_usb.o(i.USB_DevInit)
    USB_DisableGlobalInt                     0x08003e85   Thumb Code    14  stm32f1xx_ll_usb.o(i.USB_DisableGlobalInt)
    USB_EP0_OutStart                         0x08003e93   Thumb Code     4  stm32f1xx_ll_usb.o(i.USB_EP0_OutStart)
    USB_EPClearStall                         0x08003e97   Thumb Code   120  stm32f1xx_ll_usb.o(i.USB_EPClearStall)
    USB_EPSetStall                           0x08003f0f   Thumb Code    50  stm32f1xx_ll_usb.o(i.USB_EPSetStall)
    USB_EPStartXfer                          0x08003f41   Thumb Code  1548  stm32f1xx_ll_usb.o(i.USB_EPStartXfer)
    USB_EnableGlobalInt                      0x0800454d   Thumb Code    18  stm32f1xx_ll_usb.o(i.USB_EnableGlobalInt)
    USB_FlushRxFifo                          0x0800455f   Thumb Code     4  stm32f1xx_ll_usb.o(i.USB_FlushRxFifo)
    USB_FlushTxFifo                          0x08004563   Thumb Code     4  stm32f1xx_ll_usb.o(i.USB_FlushTxFifo)
    USB_LP_CAN1_RX0_IRQHandler               0x08004569   Thumb Code     6  stm32f1xx_it.o(i.USB_LP_CAN1_RX0_IRQHandler)
    USB_ReadInterrupts                       0x08004575   Thumb Code     6  stm32f1xx_ll_usb.o(i.USB_ReadInterrupts)
    USB_ReadPMA                              0x0800457d   Thumb Code    44  stm32f1xx_ll_usb.o(i.USB_ReadPMA)
    USB_SetCurrentMode                       0x080045a9   Thumb Code     4  stm32f1xx_ll_usb.o(i.USB_SetCurrentMode)
    USB_SetDevAddress                        0x080045ad   Thumb Code    12  stm32f1xx_ll_usb.o(i.USB_SetDevAddress)
    USB_WritePMA                             0x080045b9   Thumb Code    38  stm32f1xx_ll_usb.o(i.USB_WritePMA)
    UsageFault_Handler                       0x080045df   Thumb Code     2  stm32f1xx_it.o(i.UsageFault_Handler)
    main                                     0x08004601   Thumb Code    32  main.o(i.main)
    STORAGE_Inquirydata_FS                   0x08004620   Data          36  usbd_storage_if.o(.constdata)
    AHBPrescTable                            0x08004644   Data          16  system_stm32f1xx.o(.constdata)
    MSC_Page00_Inquiry_Data                  0x08004654   Data           7  usbd_msc_data.o(.constdata)
    MSC_Mode_Sense6_data                     0x0800465b   Data           8  usbd_msc_data.o(.constdata)
    MSC_Mode_Sense10_data                    0x08004663   Data           8  usbd_msc_data.o(.constdata)
    Region$$Table$$Base                      0x0800466c   Number         0  anon$$obj.o(Region$$Table)
    Region$$Table$$Limit                     0x0800468c   Number         0  anon$$obj.o(Region$$Table)
    SD_Type                                  0x20000000   Data           1  sddriver.o(.data)
    FS_Desc                                  0x20000004   Data          28  usbd_desc.o(.data)
    USBD_LangIDDesc                          0x20000020   Data           4  usbd_desc.o(.data)
    USBD_FS_DeviceDesc                       0x20000024   Data          18  usbd_desc.o(.data)
    USBD_StringSerial                        0x20000038   Data          26  usbd_desc.o(.data)
    USBD_Storage_Interface_fops_FS           0x20000054   Data          32  usbd_storage_if.o(.data)
    uwTickFreq                               0x20000074   Data           1  stm32f1xx_hal.o(.data)
    uwTickPrio                               0x20000078   Data           4  stm32f1xx_hal.o(.data)
    uwTick                                   0x2000007c   Data           4  stm32f1xx_hal.o(.data)
    SystemCoreClock                          0x20000080   Data           4  system_stm32f1xx.o(.data)
    USBD_MSC                                 0x20000088   Data          56  usbd_msc.o(.data)
    USBD_MSC_CfgHSDesc                       0x200000c0   Data          32  usbd_msc.o(.data)
    USBD_MSC_CfgFSDesc                       0x200000e0   Data          32  usbd_msc.o(.data)
    USBD_MSC_OtherSpeedCfgDesc               0x20000100   Data          32  usbd_msc.o(.data)
    USBD_MSC_DeviceQualifierDesc             0x20000120   Data          10  usbd_msc.o(.data)
    SDCardInfo                               0x20000130   Data          88  sddriver.o(.bss)
    hspi1                                    0x20000188   Data          88  spi.o(.bss)
    hUsbDeviceFS                             0x200001e0   Data         708  usb_device.o(.bss)
    USBD_StrDesc                             0x200004a4   Data         512  usbd_desc.o(.bss)
    hpcd_USB_FS                              0x20000914   Data         748  usbd_conf.o(.bss)
    __libspace_start                         0x20000c00   Data          96  libspace.o(.bss)
    __temporary_stack_top$libspace           0x20000c60   Data           0  libspace.o(.bss)



==============================================================================

Memory Map of the image

  Image Entry point : 0x080000ed

  Load Region LR_IROM1 (Base: 0x08000000, Size: 0x000047b8, Max: 0x00010000, ABSOLUTE, COMPRESSED[0x00004730])

    Execution Region ER_IROM1 (Exec base: 0x08000000, Load base: 0x08000000, Size: 0x0000468c, Max: 0x00010000, ABSOLUTE)

    Exec Addr    Load Addr    Size         Type   Attr      Idx    E Section Name        Object

    0x08000000   0x08000000   0x000000ec   Data   RO            3    RESET               startup_stm32f103xb.o
    0x080000ec   0x080000ec   0x00000008   Code   RO         3862  * !!!main             c_w.l(__main.o)
    0x080000f4   0x080000f4   0x00000034   Code   RO         4033    !!!scatter          c_w.l(__scatter.o)
    0x08000128   0x08000128   0x0000005a   Code   RO         4031    !!dczerorl2         c_w.l(__dczerorl2.o)
    0x08000182   0x08000182   0x00000002   PAD
    0x08000184   0x08000184   0x0000001c   Code   RO         4035    !!handler_zi        c_w.l(__scatter_zi.o)
    0x080001a0   0x080001a0   0x00000002   Code   RO         3899    .ARM.Collect$$libinit$$00000000  c_w.l(libinit.o)
    0x080001a2   0x080001a2   0x00000000   Code   RO         3912    .ARM.Collect$$libinit$$00000002  c_w.l(libinit2.o)
    0x080001a2   0x080001a2   0x00000000   Code   RO         3914    .ARM.Collect$$libinit$$00000004  c_w.l(libinit2.o)
    0x080001a2   0x080001a2   0x00000000   Code   RO         3917    .ARM.Collect$$libinit$$0000000A  c_w.l(libinit2.o)
    0x080001a2   0x080001a2   0x00000000   Code   RO         3919    .ARM.Collect$$libinit$$0000000C  c_w.l(libinit2.o)
    0x080001a2   0x080001a2   0x00000000   Code   RO         3921    .ARM.Collect$$libinit$$0000000E  c_w.l(libinit2.o)
    0x080001a2   0x080001a2   0x00000000   Code   RO         3924    .ARM.Collect$$libinit$$00000011  c_w.l(libinit2.o)
    0x080001a2   0x080001a2   0x00000000   Code   RO         3926    .ARM.Collect$$libinit$$00000013  c_w.l(libinit2.o)
    0x080001a2   0x080001a2   0x00000000   Code   RO         3928    .ARM.Collect$$libinit$$00000015  c_w.l(libinit2.o)
    0x080001a2   0x080001a2   0x00000000   Code   RO         3930    .ARM.Collect$$libinit$$00000017  c_w.l(libinit2.o)
    0x080001a2   0x080001a2   0x00000000   Code   RO         3932    .ARM.Collect$$libinit$$00000019  c_w.l(libinit2.o)
    0x080001a2   0x080001a2   0x00000000   Code   RO         3934    .ARM.Collect$$libinit$$0000001B  c_w.l(libinit2.o)
    0x080001a2   0x080001a2   0x00000000   Code   RO         3936    .ARM.Collect$$libinit$$0000001D  c_w.l(libinit2.o)
    0x080001a2   0x080001a2   0x00000000   Code   RO         3938    .ARM.Collect$$libinit$$0000001F  c_w.l(libinit2.o)
    0x080001a2   0x080001a2   0x00000000   Code   RO         3940    .ARM.Collect$$libinit$$00000021  c_w.l(libinit2.o)
    0x080001a2   0x080001a2   0x00000000   Code   RO         3942    .ARM.Collect$$libinit$$00000023  c_w.l(libinit2.o)
    0x080001a2   0x080001a2   0x00000000   Code   RO         3944    .ARM.Collect$$libinit$$00000025  c_w.l(libinit2.o)
    0x080001a2   0x080001a2   0x00000000   Code   RO         3948    .ARM.Collect$$libinit$$0000002C  c_w.l(libinit2.o)
    0x080001a2   0x080001a2   0x00000000   Code   RO         3950    .ARM.Collect$$libinit$$0000002E  c_w.l(libinit2.o)
    0x080001a2   0x080001a2   0x00000000   Code   RO         3952    .ARM.Collect$$libinit$$00000030  c_w.l(libinit2.o)
    0x080001a2   0x080001a2   0x00000000   Code   RO         3954    .ARM.Collect$$libinit$$00000032  c_w.l(libinit2.o)
    0x080001a2   0x080001a2   0x00000002   Code   RO         3955    .ARM.Collect$$libinit$$00000033  c_w.l(libinit2.o)
    0x080001a4   0x080001a4   0x00000002   Code   RO         3986    .ARM.Collect$$libshutdown$$00000000  c_w.l(libshutdown.o)
    0x080001a6   0x080001a6   0x00000000   Code   RO         4012    .ARM.Collect$$libshutdown$$00000002  c_w.l(libshutdown2.o)
    0x080001a6   0x080001a6   0x00000000   Code   RO         4014    .ARM.Collect$$libshutdown$$00000004  c_w.l(libshutdown2.o)
    0x080001a6   0x080001a6   0x00000000   Code   RO         4016    .ARM.Collect$$libshutdown$$00000006  c_w.l(libshutdown2.o)
    0x080001a6   0x080001a6   0x00000000   Code   RO         4019    .ARM.Collect$$libshutdown$$00000009  c_w.l(libshutdown2.o)
    0x080001a6   0x080001a6   0x00000000   Code   RO         4022    .ARM.Collect$$libshutdown$$0000000C  c_w.l(libshutdown2.o)
    0x080001a6   0x080001a6   0x00000000   Code   RO         4024    .ARM.Collect$$libshutdown$$0000000E  c_w.l(libshutdown2.o)
    0x080001a6   0x080001a6   0x00000000   Code   RO         4027    .ARM.Collect$$libshutdown$$00000011  c_w.l(libshutdown2.o)
    0x080001a6   0x080001a6   0x00000002   Code   RO         4028    .ARM.Collect$$libshutdown$$00000012  c_w.l(libshutdown2.o)
    0x080001a8   0x080001a8   0x00000000   Code   RO         3864    .ARM.Collect$$rtentry$$00000000  c_w.l(__rtentry.o)
    0x080001a8   0x080001a8   0x00000000   Code   RO         3870    .ARM.Collect$$rtentry$$00000002  c_w.l(__rtentry2.o)
    0x080001a8   0x080001a8   0x00000006   Code   RO         3882    .ARM.Collect$$rtentry$$00000004  c_w.l(__rtentry4.o)
    0x080001ae   0x080001ae   0x00000000   Code   RO         3872    .ARM.Collect$$rtentry$$00000009  c_w.l(__rtentry2.o)
    0x080001ae   0x080001ae   0x00000004   Code   RO         3873    .ARM.Collect$$rtentry$$0000000A  c_w.l(__rtentry2.o)
    0x080001b2   0x080001b2   0x00000000   Code   RO         3875    .ARM.Collect$$rtentry$$0000000C  c_w.l(__rtentry2.o)
    0x080001b2   0x080001b2   0x00000008   Code   RO         3876    .ARM.Collect$$rtentry$$0000000D  c_w.l(__rtentry2.o)
    0x080001ba   0x080001ba   0x00000002   Code   RO         3903    .ARM.Collect$$rtexit$$00000000  c_w.l(rtexit.o)
    0x080001bc   0x080001bc   0x00000000   Code   RO         3959    .ARM.Collect$$rtexit$$00000002  c_w.l(rtexit2.o)
    0x080001bc   0x080001bc   0x00000004   Code   RO         3960    .ARM.Collect$$rtexit$$00000003  c_w.l(rtexit2.o)
    0x080001c0   0x080001c0   0x00000006   Code   RO         3961    .ARM.Collect$$rtexit$$00000004  c_w.l(rtexit2.o)
    0x080001c6   0x080001c6   0x00000002   PAD
    0x080001c8   0x080001c8   0x00000040   Code   RO            4    .text               startup_stm32f103xb.o
    0x08000208   0x08000208   0x000000ee   Code   RO         3852    .text               c_w.l(lludivv7m.o)
    0x080002f6   0x080002f6   0x00000064   Code   RO         3856    .text               c_w.l(rt_memcpy_w.o)
    0x0800035a   0x0800035a   0x0000004e   Code   RO         3858    .text               c_w.l(rt_memclr_w.o)
    0x080003a8   0x080003a8   0x00000006   Code   RO         3860    .text               c_w.l(heapauxi.o)
    0x080003ae   0x080003ae   0x0000004a   Code   RO         3886    .text               c_w.l(sys_stackheap_outer.o)
    0x080003f8   0x080003f8   0x00000012   Code   RO         3888    .text               c_w.l(exit.o)
    0x0800040a   0x0800040a   0x00000002   PAD
    0x0800040c   0x0800040c   0x00000008   Code   RO         3900    .text               c_w.l(libspace.o)
    0x08000414   0x08000414   0x0000000c   Code   RO         3956    .text               c_w.l(sys_exit.o)
    0x08000420   0x08000420   0x00000002   Code   RO         3975    .text               c_w.l(use_no_semi.o)
    0x08000422   0x08000422   0x00000000   Code   RO         3977    .text               c_w.l(indicate_semi.o)
    0x08000422   0x08000422   0x00000002   Code   RO          389    i.BusFault_Handler  stm32f1xx_it.o
    0x08000424   0x08000424   0x00000002   Code   RO          390    i.DebugMon_Handler  stm32f1xx_it.o
    0x08000426   0x08000426   0x00000004   Code   RO          233    i.Error_Handler     main.o
    0x0800042a   0x0800042a   0x00000002   PAD
    0x0800042c   0x0800042c   0x00000024   Code   RO         1405    i.HAL_Delay         stm32f1xx_hal.o
    0x08000450   0x08000450   0x000001e0   Code   RO         1713    i.HAL_GPIO_Init     stm32f1xx_hal_gpio.o
    0x08000630   0x08000630   0x0000000a   Code   RO         1717    i.HAL_GPIO_WritePin  stm32f1xx_hal_gpio.o
    0x0800063a   0x0800063a   0x00000002   PAD
    0x0800063c   0x0800063c   0x0000000c   Code   RO         1409    i.HAL_GetTick       stm32f1xx_hal.o
    0x08000648   0x08000648   0x00000010   Code   RO         1415    i.HAL_IncTick       stm32f1xx_hal.o
    0x08000658   0x08000658   0x00000024   Code   RO         1416    i.HAL_Init          stm32f1xx_hal.o
    0x0800067c   0x0800067c   0x00000040   Code   RO         1417    i.HAL_InitTick      stm32f1xx_hal.o
    0x080006bc   0x080006bc   0x0000003c   Code   RO          471    i.HAL_MspInit       stm32f1xx_hal_msp.o
    0x080006f8   0x080006f8   0x0000001a   Code   RO         1873    i.HAL_NVIC_EnableIRQ  stm32f1xx_hal_cortex.o
    0x08000712   0x08000712   0x00000002   PAD
    0x08000714   0x08000714   0x00000040   Code   RO         1879    i.HAL_NVIC_SetPriority  stm32f1xx_hal_cortex.o
    0x08000754   0x08000754   0x00000024   Code   RO         1880    i.HAL_NVIC_SetPriorityGrouping  stm32f1xx_hal_cortex.o
    0x08000778   0x08000778   0x0000003c   Code   RO         1178    i.HAL_PCDEx_PMAConfig  stm32f1xx_hal_pcd_ex.o
    0x080007b4   0x080007b4   0x00000002   Code   RO          697    i.HAL_PCDEx_SetConnectionState  usbd_conf.o
    0x080007b6   0x080007b6   0x00000012   Code   RO          699    i.HAL_PCD_DataInStageCallback  usbd_conf.o
    0x080007c8   0x080007c8   0x00000014   Code   RO          700    i.HAL_PCD_DataOutStageCallback  usbd_conf.o
    0x080007dc   0x080007dc   0x0000004c   Code   RO          954    i.HAL_PCD_EP_Close  stm32f1xx_hal_pcd.o
    0x08000828   0x08000828   0x0000005c   Code   RO          955    i.HAL_PCD_EP_ClrStall  stm32f1xx_hal_pcd.o
    0x08000884   0x08000884   0x000000e6   Code   RO          956    i.HAL_PCD_EP_DB_Receive  stm32f1xx_hal_pcd.o
    0x0800096a   0x0800096a   0x00000330   Code   RO          957    i.HAL_PCD_EP_DB_Transmit  stm32f1xx_hal_pcd.o
    0x08000c9a   0x08000c9a   0x00000034   Code   RO          958    i.HAL_PCD_EP_Flush  stm32f1xx_hal_pcd.o
    0x08000cce   0x08000cce   0x00000012   Code   RO          959    i.HAL_PCD_EP_GetRxCount  stm32f1xx_hal_pcd.o
    0x08000ce0   0x08000ce0   0x00000060   Code   RO          960    i.HAL_PCD_EP_Open   stm32f1xx_hal_pcd.o
    0x08000d40   0x08000d40   0x00000032   Code   RO          961    i.HAL_PCD_EP_Receive  stm32f1xx_hal_pcd.o
    0x08000d72   0x08000d72   0x00000072   Code   RO          962    i.HAL_PCD_EP_SetStall  stm32f1xx_hal_pcd.o
    0x08000de4   0x08000de4   0x00000034   Code   RO          963    i.HAL_PCD_EP_Transmit  stm32f1xx_hal_pcd.o
    0x08000e18   0x08000e18   0x00000154   Code   RO          965    i.HAL_PCD_IRQHandler  stm32f1xx_hal_pcd.o
    0x08000f6c   0x08000f6c   0x000000da   Code   RO          968    i.HAL_PCD_Init      stm32f1xx_hal_pcd.o
    0x08001046   0x08001046   0x00000002   PAD
    0x08001048   0x08001048   0x0000003c   Code   RO          705    i.HAL_PCD_MspInit   usbd_conf.o
    0x08001084   0x08001084   0x00000026   Code   RO          706    i.HAL_PCD_ResetCallback  usbd_conf.o
    0x080010aa   0x080010aa   0x00000008   Code   RO          707    i.HAL_PCD_ResumeCallback  usbd_conf.o
    0x080010b2   0x080010b2   0x00000008   Code   RO          708    i.HAL_PCD_SOFCallback  usbd_conf.o
    0x080010ba   0x080010ba   0x00000028   Code   RO          974    i.HAL_PCD_SetAddress  stm32f1xx_hal_pcd.o
    0x080010e2   0x080010e2   0x0000000e   Code   RO          709    i.HAL_PCD_SetupStageCallback  usbd_conf.o
    0x080010f0   0x080010f0   0x00000032   Code   RO          976    i.HAL_PCD_Start     stm32f1xx_hal_pcd.o
    0x08001122   0x08001122   0x00000002   PAD
    0x08001124   0x08001124   0x00000024   Code   RO          710    i.HAL_PCD_SuspendCallback  usbd_conf.o
    0x08001148   0x08001148   0x000000ec   Code   RO         1676    i.HAL_RCCEx_PeriphCLKConfig  stm32f1xx_hal_rcc_ex.o
    0x08001234   0x08001234   0x0000012c   Code   RO         1573    i.HAL_RCC_ClockConfig  stm32f1xx_hal_rcc.o
    0x08001360   0x08001360   0x0000006c   Code   RO         1582    i.HAL_RCC_GetSysClockFreq  stm32f1xx_hal_rcc.o
    0x080013cc   0x080013cc   0x00000320   Code   RO         1585    i.HAL_RCC_OscConfig  stm32f1xx_hal_rcc.o
    0x080016ec   0x080016ec   0x000000b2   Code   RO         2384    i.HAL_SPI_Init      stm32f1xx_hal_spi.o
    0x0800179e   0x0800179e   0x00000002   PAD
    0x080017a0   0x080017a0   0x00000070   Code   RO          348    i.HAL_SPI_MspInit   spi.o
    0x08001810   0x08001810   0x000001e2   Code   RO         2393    i.HAL_SPI_TransmitReceive  stm32f1xx_hal_spi.o
    0x080019f2   0x080019f2   0x00000028   Code   RO         1884    i.HAL_SYSTICK_Config  stm32f1xx_hal_cortex.o
    0x08001a1a   0x08001a1a   0x00000002   Code   RO          391    i.HardFault_Handler  stm32f1xx_it.o
    0x08001a1c   0x08001a1c   0x00000038   Code   RO          550    i.IntToUnicode      usbd_desc.o
    0x08001a54   0x08001a54   0x00000042   Code   RO         3117    i.MSC_BOT_Abort     usbd_msc_bot.o
    0x08001a96   0x08001a96   0x00000002   PAD
    0x08001a98   0x08001a98   0x000000cc   Code   RO         3118    i.MSC_BOT_CBW_Decode  usbd_msc_bot.o
    0x08001b64   0x08001b64   0x0000002a   Code   RO         3119    i.MSC_BOT_CplClrFeature  usbd_msc_bot.o
    0x08001b8e   0x08001b8e   0x0000003a   Code   RO         3120    i.MSC_BOT_DataIn    usbd_msc_bot.o
    0x08001bc8   0x08001bc8   0x0000003a   Code   RO         3121    i.MSC_BOT_DataOut   usbd_msc_bot.o
    0x08001c02   0x08001c02   0x0000000a   Code   RO         3122    i.MSC_BOT_DeInit    usbd_msc_bot.o
    0x08001c0c   0x08001c0c   0x00000042   Code   RO         3123    i.MSC_BOT_Init      usbd_msc_bot.o
    0x08001c4e   0x08001c4e   0x00000016   Code   RO         3124    i.MSC_BOT_Reset     usbd_msc_bot.o
    0x08001c64   0x08001c64   0x0000003c   Code   RO         3125    i.MSC_BOT_SendCSW   usbd_msc_bot.o
    0x08001ca0   0x08001ca0   0x00000070   Code   RO          323    i.MX_GPIO_Init      gpio.o
    0x08001d10   0x08001d10   0x00000048   Code   RO          349    i.MX_SPI1_Init      spi.o
    0x08001d58   0x08001d58   0x00000054   Code   RO          495    i.MX_USB_DEVICE_Init  usb_device.o
    0x08001dac   0x08001dac   0x00000002   Code   RO          392    i.MemManage_Handler  stm32f1xx_it.o
    0x08001dae   0x08001dae   0x00000002   Code   RO          393    i.NMI_Handler       stm32f1xx_it.o
    0x08001db0   0x08001db0   0x00000314   Code   RO          980    i.PCD_EP_ISR_Handler  stm32f1xx_hal_pcd.o
    0x080020c4   0x080020c4   0x00000002   Code   RO          394    i.PendSV_Handler    stm32f1xx_it.o
    0x080020c6   0x080020c6   0x00000022   Code   RO         3213    i.SCSI_CheckAddressRange  usbd_msc_scsi.o
    0x080020e8   0x080020e8   0x000001d0   Code   RO         3214    i.SCSI_ProcessCmd   usbd_msc_scsi.o
    0x080022b8   0x080022b8   0x00000096   Code   RO         3215    i.SCSI_ProcessRead  usbd_msc_scsi.o
    0x0800234e   0x0800234e   0x000000a4   Code   RO         3216    i.SCSI_ProcessWrite  usbd_msc_scsi.o
    0x080023f2   0x080023f2   0x0000009c   Code   RO         3217    i.SCSI_Read10       usbd_msc_scsi.o
    0x0800248e   0x0800248e   0x00000056   Code   RO         3218    i.SCSI_ReadCapacity10  usbd_msc_scsi.o
    0x080024e4   0x080024e4   0x0000006e   Code   RO         3219    i.SCSI_ReadFormatCapacity  usbd_msc_scsi.o
    0x08002552   0x08002552   0x00000034   Code   RO         3220    i.SCSI_SenseCode    usbd_msc_scsi.o
    0x08002586   0x08002586   0x000000be   Code   RO         3221    i.SCSI_Write10      usbd_msc_scsi.o
    0x08002644   0x08002644   0x00000100   Code   RO           14    i.SD_GetCIDRegister  sddriver.o
    0x08002744   0x08002744   0x000001cc   Code   RO           15    i.SD_GetCSDRegister  sddriver.o
    0x08002910   0x08002910   0x0000007c   Code   RO           16    i.SD_GetCardInfo    sddriver.o
    0x0800298c   0x0800298c   0x0000012c   Code   RO           17    i.SD_GetCardType    sddriver.o
    0x08002ab8   0x08002ab8   0x00000032   Code   RO           18    i.SD_GetDataResponse  sddriver.o
    0x08002aea   0x08002aea   0x00000024   Code   RO           19    i.SD_GetResponse    sddriver.o
    0x08002b0e   0x08002b0e   0x00000002   PAD
    0x08002b10   0x08002b10   0x00000034   Code   RO           21    i.SD_GoIdleState    sddriver.o
    0x08002b44   0x08002b44   0x0000004c   Code   RO           22    i.SD_Init           sddriver.o
    0x08002b90   0x08002b90   0x00000024   Code   RO           24    i.SD_ReadByte       sddriver.o
    0x08002bb4   0x08002bb4   0x000000a4   Code   RO           25    i.SD_ReadMultiBlocks  sddriver.o
    0x08002c58   0x08002c58   0x00000036   Code   RO           26    i.SD_SendCmd        sddriver.o
    0x08002c8e   0x08002c8e   0x00000002   PAD
    0x08002c90   0x08002c90   0x00000020   Code   RO           28    i.SD_WriteByte      sddriver.o
    0x08002cb0   0x08002cb0   0x000000a8   Code   RO           29    i.SD_WriteMultiBlocks  sddriver.o
    0x08002d58   0x08002d58   0x00000020   Code   RO         2422    i.SPI_EndRxTxTransaction  stm32f1xx_hal_spi.o
    0x08002d78   0x08002d78   0x000000b8   Code   RO         2427    i.SPI_WaitFlagStateUntilTimeout  stm32f1xx_hal_spi.o
    0x08002e30   0x08002e30   0x00000028   Code   RO          636    i.STORAGE_GetCapacity_FS  usbd_storage_if.o
    0x08002e58   0x08002e58   0x00000004   Code   RO          637    i.STORAGE_GetMaxLun_FS  usbd_storage_if.o
    0x08002e5c   0x08002e5c   0x0000000a   Code   RO          638    i.STORAGE_Init_FS   usbd_storage_if.o
    0x08002e66   0x08002e66   0x00000004   Code   RO          639    i.STORAGE_IsReady_FS  usbd_storage_if.o
    0x08002e6a   0x08002e6a   0x00000004   Code   RO          640    i.STORAGE_IsWriteProtected_FS  usbd_storage_if.o
    0x08002e6e   0x08002e6e   0x00000018   Code   RO          641    i.STORAGE_Read_FS   usbd_storage_if.o
    0x08002e86   0x08002e86   0x00000018   Code   RO          642    i.STORAGE_Write_FS  usbd_storage_if.o
    0x08002e9e   0x08002e9e   0x00000002   Code   RO          395    i.SVC_Handler       stm32f1xx_it.o
    0x08002ea0   0x08002ea0   0x00000004   Code   RO          396    i.SysTick_Handler   stm32f1xx_it.o
    0x08002ea4   0x08002ea4   0x00000076   Code   RO          234    i.SystemClock_Config  main.o
    0x08002f1a   0x08002f1a   0x00000002   Code   RO         2732    i.SystemInit        system_stm32f1xx.o
    0x08002f1c   0x08002f1c   0x0000000e   Code   RO         2769    i.USBD_ClrClassConfig  usbd_core.o
    0x08002f2a   0x08002f2a   0x00000010   Code   RO         2972    i.USBD_CtlContinueRx  usbd_ioreq.o
    0x08002f3a   0x08002f3a   0x00000010   Code   RO         2973    i.USBD_CtlContinueSendData  usbd_ioreq.o
    0x08002f4a   0x08002f4a   0x00000016   Code   RO         2907    i.USBD_CtlError     usbd_ctlreq.o
    0x08002f60   0x08002f60   0x00000016   Code   RO         2975    i.USBD_CtlReceiveStatus  usbd_ioreq.o
    0x08002f76   0x08002f76   0x0000001a   Code   RO         2976    i.USBD_CtlSendData  usbd_ioreq.o
    0x08002f90   0x08002f90   0x00000016   Code   RO         2977    i.USBD_CtlSendStatus  usbd_ioreq.o
    0x08002fa6   0x08002fa6   0x00000002   PAD
    0x08002fa8   0x08002fa8   0x00000020   Code   RO          551    i.USBD_FS_ConfigStrDescriptor  usbd_desc.o
    0x08002fc8   0x08002fc8   0x0000000c   Code   RO          552    i.USBD_FS_DeviceDescriptor  usbd_desc.o
    0x08002fd4   0x08002fd4   0x00000024   Code   RO          553    i.USBD_FS_InterfaceStrDescriptor  usbd_desc.o
    0x08002ff8   0x08002ff8   0x0000000c   Code   RO          554    i.USBD_FS_LangIDStrDescriptor  usbd_desc.o
    0x08003004   0x08003004   0x00000028   Code   RO          555    i.USBD_FS_ManufacturerStrDescriptor  usbd_desc.o
    0x0800302c   0x0800302c   0x00000028   Code   RO          556    i.USBD_FS_ProductStrDescriptor  usbd_desc.o
    0x08003054   0x08003054   0x00000038   Code   RO          557    i.USBD_FS_SerialStrDescriptor  usbd_desc.o
    0x0800308c   0x0800308c   0x000000e8   Code   RO         2908    i.USBD_GetDescriptor  usbd_ctlreq.o
    0x08003174   0x08003174   0x00000048   Code   RO         2909    i.USBD_GetString    usbd_ctlreq.o
    0x080031bc   0x080031bc   0x00000018   Code   RO          711    i.USBD_Get_USB_Status  usbd_conf.o
    0x080031d4   0x080031d4   0x0000002a   Code   RO         2771    i.USBD_Init         usbd_core.o
    0x080031fe   0x080031fe   0x00000012   Code   RO          712    i.USBD_LL_ClearStallEP  usbd_conf.o
    0x08003210   0x08003210   0x00000012   Code   RO          713    i.USBD_LL_CloseEP   usbd_conf.o
    0x08003222   0x08003222   0x000000c6   Code   RO         2772    i.USBD_LL_DataInStage  usbd_core.o
    0x080032e8   0x080032e8   0x00000082   Code   RO         2773    i.USBD_LL_DataOutStage  usbd_core.o
    0x0800336a   0x0800336a   0x00000012   Code   RO          716    i.USBD_LL_FlushEP   usbd_conf.o
    0x0800337c   0x0800337c   0x00000008   Code   RO          717    i.USBD_LL_GetRxDataSize  usbd_conf.o
    0x08003384   0x08003384   0x00000070   Code   RO          718    i.USBD_LL_Init      usbd_conf.o
    0x080033f4   0x080033f4   0x00000020   Code   RO          719    i.USBD_LL_IsStallEP  usbd_conf.o
    0x08003414   0x08003414   0x00000018   Code   RO          720    i.USBD_LL_OpenEP    usbd_conf.o
    0x0800342c   0x0800342c   0x00000012   Code   RO          721    i.USBD_LL_PrepareReceive  usbd_conf.o
    0x0800343e   0x0800343e   0x00000050   Code   RO         2778    i.USBD_LL_Reset     usbd_core.o
    0x0800348e   0x0800348e   0x00000014   Code   RO         2779    i.USBD_LL_Resume    usbd_core.o
    0x080034a2   0x080034a2   0x00000018   Code   RO         2780    i.USBD_LL_SOF       usbd_core.o
    0x080034ba   0x080034ba   0x00000006   Code   RO         2781    i.USBD_LL_SetSpeed  usbd_core.o
    0x080034c0   0x080034c0   0x00000012   Code   RO          722    i.USBD_LL_SetUSBAddress  usbd_conf.o
    0x080034d2   0x080034d2   0x0000005a   Code   RO         2782    i.USBD_LL_SetupStage  usbd_core.o
    0x0800352c   0x0800352c   0x00000012   Code   RO          723    i.USBD_LL_StallEP   usbd_conf.o
    0x0800353e   0x0800353e   0x00000012   Code   RO          724    i.USBD_LL_Start     usbd_conf.o
    0x08003550   0x08003550   0x00000012   Code   RO         2783    i.USBD_LL_Suspend   usbd_core.o
    0x08003562   0x08003562   0x00000012   Code   RO          726    i.USBD_LL_Transmit  usbd_conf.o
    0x08003574   0x08003574   0x0000000a   Code   RO         3032    i.USBD_MSC_DataIn   usbd_msc.o
    0x0800357e   0x0800357e   0x0000000a   Code   RO         3033    i.USBD_MSC_DataOut  usbd_msc.o
    0x08003588   0x08003588   0x00000032   Code   RO         3034    i.USBD_MSC_DeInit   usbd_msc.o
    0x080035ba   0x080035ba   0x00000002   PAD
    0x080035bc   0x080035bc   0x0000000c   Code   RO         3035    i.USBD_MSC_GetDeviceQualifierDescriptor  usbd_msc.o
    0x080035c8   0x080035c8   0x0000000c   Code   RO         3036    i.USBD_MSC_GetFSCfgDesc  usbd_msc.o
    0x080035d4   0x080035d4   0x0000000c   Code   RO         3037    i.USBD_MSC_GetHSCfgDesc  usbd_msc.o
    0x080035e0   0x080035e0   0x0000000c   Code   RO         3038    i.USBD_MSC_GetOtherSpeedCfgDesc  usbd_msc.o
    0x080035ec   0x080035ec   0x0000005c   Code   RO         3039    i.USBD_MSC_Init     usbd_msc.o
    0x08003648   0x08003648   0x0000000a   Code   RO         3040    i.USBD_MSC_RegisterStorage  usbd_msc.o
    0x08003652   0x08003652   0x00000116   Code   RO         3041    i.USBD_MSC_Setup    usbd_msc.o
    0x08003768   0x08003768   0x00000028   Code   RO         2910    i.USBD_ParseSetupRequest  usbd_ctlreq.o
    0x08003790   0x08003790   0x00000010   Code   RO         2784    i.USBD_RegisterClass  usbd_core.o
    0x080037a0   0x080037a0   0x00000016   Code   RO         2786    i.USBD_SetClassConfig  usbd_core.o
    0x080037b6   0x080037b6   0x00000002   PAD
    0x080037b8   0x080037b8   0x00000084   Code   RO         2911    i.USBD_SetConfig    usbd_ctlreq.o
    0x0800383c   0x0800383c   0x0000000a   Code   RO         2787    i.USBD_Start        usbd_core.o
    0x08003846   0x08003846   0x00000112   Code   RO         2912    i.USBD_StdDevReq    usbd_ctlreq.o
    0x08003958   0x08003958   0x00000150   Code   RO         2913    i.USBD_StdEPReq     usbd_ctlreq.o
    0x08003aa8   0x08003aa8   0x0000004e   Code   RO         2914    i.USBD_StdItfReq    usbd_ctlreq.o
    0x08003af6   0x08003af6   0x00000002   Code   RO          727    i.USBD_static_free  usbd_conf.o
    0x08003af8   0x08003af8   0x00000008   Code   RO          728    i.USBD_static_malloc  usbd_conf.o
    0x08003b00   0x08003b00   0x00000258   Code   RO         1218    i.USB_ActivateEndpoint  stm32f1xx_ll_usb.o
    0x08003d58   0x08003d58   0x00000004   Code   RO         1221    i.USB_CoreInit      stm32f1xx_ll_usb.o
    0x08003d5c   0x08003d5c   0x0000010e   Code   RO         1223    i.USB_DeactivateEndpoint  stm32f1xx_ll_usb.o
    0x08003e6a   0x08003e6a   0x00000004   Code   RO         1224    i.USB_DevConnect    stm32f1xx_ll_usb.o
    0x08003e6e   0x08003e6e   0x00000004   Code   RO         1225    i.USB_DevDisconnect  stm32f1xx_ll_usb.o
    0x08003e72   0x08003e72   0x00000012   Code   RO         1226    i.USB_DevInit       stm32f1xx_ll_usb.o
    0x08003e84   0x08003e84   0x0000000e   Code   RO         1227    i.USB_DisableGlobalInt  stm32f1xx_ll_usb.o
    0x08003e92   0x08003e92   0x00000004   Code   RO         1228    i.USB_EP0_OutStart  stm32f1xx_ll_usb.o
    0x08003e96   0x08003e96   0x00000078   Code   RO         1229    i.USB_EPClearStall  stm32f1xx_ll_usb.o
    0x08003f0e   0x08003f0e   0x00000032   Code   RO         1230    i.USB_EPSetStall    stm32f1xx_ll_usb.o
    0x08003f40   0x08003f40   0x0000060c   Code   RO         1231    i.USB_EPStartXfer   stm32f1xx_ll_usb.o
    0x0800454c   0x0800454c   0x00000012   Code   RO         1232    i.USB_EnableGlobalInt  stm32f1xx_ll_usb.o
    0x0800455e   0x0800455e   0x00000004   Code   RO         1233    i.USB_FlushRxFifo   stm32f1xx_ll_usb.o
    0x08004562   0x08004562   0x00000004   Code   RO         1234    i.USB_FlushTxFifo   stm32f1xx_ll_usb.o
    0x08004566   0x08004566   0x00000002   PAD
    0x08004568   0x08004568   0x0000000c   Code   RO          397    i.USB_LP_CAN1_RX0_IRQHandler  stm32f1xx_it.o
    0x08004574   0x08004574   0x00000006   Code   RO         1239    i.USB_ReadInterrupts  stm32f1xx_ll_usb.o
    0x0800457a   0x0800457a   0x00000002   PAD
    0x0800457c   0x0800457c   0x0000002c   Code   RO         1240    i.USB_ReadPMA       stm32f1xx_ll_usb.o
    0x080045a8   0x080045a8   0x00000004   Code   RO         1241    i.USB_SetCurrentMode  stm32f1xx_ll_usb.o
    0x080045ac   0x080045ac   0x0000000c   Code   RO         1242    i.USB_SetDevAddress  stm32f1xx_ll_usb.o
    0x080045b8   0x080045b8   0x00000026   Code   RO         1244    i.USB_WritePMA      stm32f1xx_ll_usb.o
    0x080045de   0x080045de   0x00000002   Code   RO          398    i.UsageFault_Handler  stm32f1xx_it.o
    0x080045e0   0x080045e0   0x00000020   Code   RO         1886    i.__NVIC_SetPriority  stm32f1xx_hal_cortex.o
    0x08004600   0x08004600   0x00000020   Code   RO          235    i.main              main.o
    0x08004620   0x08004620   0x00000024   Data   RO          643    .constdata          usbd_storage_if.o
    0x08004644   0x08004644   0x00000010   Data   RO         2733    .constdata          system_stm32f1xx.o
    0x08004654   0x08004654   0x00000007   Data   RO         3187    .constdata          usbd_msc_data.o
    0x0800465b   0x0800465b   0x00000008   Data   RO         3188    .constdata          usbd_msc_data.o
    0x08004663   0x08004663   0x00000008   Data   RO         3189    .constdata          usbd_msc_data.o
    0x0800466b   0x0800466b   0x00000001   PAD
    0x0800466c   0x0800466c   0x00000020   Data   RO         4029    Region$$Table       anon$$obj.o


    Execution Region RW_IRAM1 (Exec base: 0x20000000, Load base: 0x0800468c, Size: 0x00002260, Max: 0x00005000, ABSOLUTE, COMPRESSED[0x000000a4])

    Exec Addr    Load Addr    Size         Type   Attr      Idx    E Section Name        Object

    0x20000000   COMPRESSED   0x00000001   Data   RW           31    .data               sddriver.o
    0x20000001   COMPRESSED   0x00000003   PAD
    0x20000004   COMPRESSED   0x0000001c   Data   RW          559    .data               usbd_desc.o
    0x20000020   COMPRESSED   0x00000032   Data   RW          560    .data               usbd_desc.o
    0x20000052   COMPRESSED   0x00000002   PAD
    0x20000054   COMPRESSED   0x00000020   Data   RW          644    .data               usbd_storage_if.o
    0x20000074   COMPRESSED   0x0000000c   Data   RW         1423    .data               stm32f1xx_hal.o
    0x20000080   COMPRESSED   0x00000004   Data   RW         2735    .data               system_stm32f1xx.o
    0x20000084   COMPRESSED   0x00000001   Data   RW         2915    .data               usbd_ctlreq.o
    0x20000085   COMPRESSED   0x00000003   PAD
    0x20000088   COMPRESSED   0x00000038   Data   RW         3042    .data               usbd_msc.o
    0x200000c0   COMPRESSED   0x0000006a   Data   RW         3043    .data               usbd_msc.o
    0x2000012a   COMPRESSED   0x00000006   PAD
    0x20000130        -       0x00000058   Zero   RW           30    .bss                sddriver.o
    0x20000188        -       0x00000058   Zero   RW          350    .bss                spi.o
    0x200001e0        -       0x000002c4   Zero   RW          496    .bss                usb_device.o
    0x200004a4        -       0x00000200   Zero   RW          558    .bss                usbd_desc.o
    0x200006a4        -       0x0000055c   Zero   RW          729    .bss                usbd_conf.o
    0x20000c00        -       0x00000060   Zero   RW         3901    .bss                c_w.l(libspace.o)
    0x20000c60        -       0x00000200   Zero   RW            2    HEAP                startup_stm32f103xb.o
    0x20000e60        -       0x00001400   Zero   RW            1    STACK               startup_stm32f103xb.o


==============================================================================

Image component sizes


      Code (inc. data)   RO Data    RW Data    ZI Data      Debug   Object Name

       112         10          0          0          0        907   gpio.o
       154          0          0          0          0      10277   main.o
      1808         80          0          1         88     416913   sddriver.o
       184         22          0          0         88       1657   spi.o
        64         26        236          0       5632        812   startup_stm32f103xb.o
       164         28          0         12          0       5901   stm32f1xx_hal.o
       198         14          0          0          0      28935   stm32f1xx_hal_cortex.o
       490         34          0          0          0       2892   stm32f1xx_hal_gpio.o
        60          8          0          0          0        870   stm32f1xx_hal_msp.o
      3032          0          0          0          0      14600   stm32f1xx_hal_pcd.o
        60          0          0          0          0       1174   stm32f1xx_hal_pcd_ex.o
      1208         76          0          0          0       4062   stm32f1xx_hal_rcc.o
       236         12          0          0          0       1380   stm32f1xx_hal_rcc_ex.o
       876          4          0          0          0       4697   stm32f1xx_hal_spi.o
        32          6          0          0          0       4319   stm32f1xx_it.o
      2766          0          0          0          0      17615   stm32f1xx_ll_usb.o
         2          0         16          4          0       1119   system_stm32f1xx.o
        84         18          0          0        708       6013   usb_device.o
       558         28          0          0       1372      14823   usbd_conf.o
       670          0          0          0          0       9463   usbd_core.o
      1186         28          0          1          0       7916   usbd_ctlreq.o
       284        100          0         78        512       5913   usbd_desc.o
       102          0          0          0          0       3652   usbd_ioreq.o
       498         16          0        162          0       9228   usbd_msc.o
       586         10          0          0          0       7105   usbd_msc_bot.o
         0          0         23          0          0        889   usbd_msc_data.o
      1406         12          0          0          0      10083   usbd_msc_scsi.o
       110          0         36         32          0       4507   usbd_storage_if.o

    ----------------------------------------------------------------------
     16958        532        344        300       8404     597722   Object Totals
         0          0         32          0          0          0   (incl. Generated)
        28          0          1         10          4          0   (incl. Padding)

    ----------------------------------------------------------------------

      Code (inc. data)   RO Data    RW Data    ZI Data      Debug   Library Member Name

        90          0          0          0          0          0   __dczerorl2.o
         8          0          0          0          0         68   __main.o
         0          0          0          0          0          0   __rtentry.o
        12          0          0          0          0          0   __rtentry2.o
         6          0          0          0          0          0   __rtentry4.o
        52          8          0          0          0          0   __scatter.o
        28          0          0          0          0          0   __scatter_zi.o
        18          0          0          0          0         80   exit.o
         6          0          0          0          0        152   heapauxi.o
         0          0          0          0          0          0   indicate_semi.o
         2          0          0          0          0          0   libinit.o
         2          0          0          0          0          0   libinit2.o
         2          0          0          0          0          0   libshutdown.o
         2          0          0          0          0          0   libshutdown2.o
         8          4          0          0         96         68   libspace.o
       238          0          0          0          0        100   lludivv7m.o
        78          0          0          0          0         80   rt_memclr_w.o
       100          0          0          0          0         80   rt_memcpy_w.o
         2          0          0          0          0          0   rtexit.o
        10          0          0          0          0          0   rtexit2.o
        12          4          0          0          0         68   sys_exit.o
        74          0          0          0          0         80   sys_stackheap_outer.o
         2          0          0          0          0         68   use_no_semi.o

    ----------------------------------------------------------------------
       758         16          0          0         96        844   Library Totals
         6          0          0          0          0          0   (incl. Padding)

    ----------------------------------------------------------------------

      Code (inc. data)   RO Data    RW Data    ZI Data      Debug   Library Name

       752         16          0          0         96        844   c_w.l

    ----------------------------------------------------------------------
       758         16          0          0         96        844   Library Totals

    ----------------------------------------------------------------------

==============================================================================


      Code (inc. data)   RO Data    RW Data    ZI Data      Debug   

     17716        548        344        300       8500     589202   Grand Totals
     17716        548        344        164       8500     589202   ELF Image Totals (compressed)
     17716        548        344        164          0          0   ROM Totals

==============================================================================

    Total RO  Size (Code + RO Data)                18060 (  17.64kB)
    Total RW  Size (RW Data + ZI Data)              8800 (   8.59kB)
    Total ROM Size (Code + RO Data + RW Data)      18224 (  17.80kB)

==============================================================================

